../Core/Src/main.c:198:5:IMU_Initialization	16	static
../Core/Src/main.c:238:5:Accelerometer_Gyroscope_Calibration	40	static
../Core/Src/main.c:304:6:HAL_TIM_PeriodElapsedCallback	16	static
../Core/Src/main.c:320:5:main	96	static
../Core/Src/main.c:452:6:SystemClock_Config	88	static
../Core/Src/main.c:498:6:MX_I2C1_Init	8	static
../Core/Src/main.c:532:13:MX_SDIO_SD_Init	4	static
../Core/Src/main.c:560:13:MX_TIM2_Init	32	static
../Core/Src/main.c:605:13:MX_USART3_UART_Init	8	static
../Core/Src/main.c:636:13:MX_DMA_Init	16	static
../Core/Src/main.c:657:13:MX_GPIO_Init	48	static
../Core/Src/main.c:693:9:AppendToFile	8336	static
../Core/Src/main.c:747:6:BlinkLED	24	static
../Core/Src/main.c:756:6:Gyro_Reading	80	static
../Core/Src/main.c:791:6:Acc_Mag_Reading	24	static
../Core/Src/main.c:825:6:SDI	16	static
../Core/Src/main.c:842:6:Complementary_filter	32	static
../Core/Src/main.c:857:6:Gyro_Integration_Test	16	static
../Core/Src/main.c:873:6:EMG_Data_Reception	8	static
../Core/Src/main.c:893:6:Error_Handler	4	static,ignoring_inline_asm
