../Core/Src/main.c:198:5:IMU_Initialization	16	static
../Core/Src/main.c:238:5:Accelerometer_Gyroscope_Calibration	40	static
../Core/Src/main.c:304:6:HAL_TIM_PeriodElapsedCallback	16	static
../Core/Src/main.c:320:5:main	120	static
../Core/Src/main.c:451:6:SystemClock_Config	88	static
../Core/Src/main.c:497:6:MX_I2C1_Init	8	static
../Core/Src/main.c:531:13:MX_SDIO_SD_Init	4	static
../Core/Src/main.c:559:13:MX_TIM2_Init	32	static
../Core/Src/main.c:604:13:MX_USART3_UART_Init	8	static
../Core/Src/main.c:635:13:MX_DMA_Init	16	static
../Core/Src/main.c:656:13:MX_GPIO_Init	48	static
../Core/Src/main.c:692:9:AppendToFile	8336	static
../Core/Src/main.c:746:6:BlinkLED	24	static
../Core/Src/main.c:755:6:Gyro_Reading	64	static
../Core/Src/main.c:790:6:Acc_Mag_Reading	24	static
../Core/Src/main.c:824:6:SDI	16	static
../Core/Src/main.c:841:6:Complementary_filter	32	static
../Core/Src/main.c:856:6:Gyro_Integration_Test	16	static
../Core/Src/main.c:872:6:EMG_Data_Reception	8	static
../Core/Src/main.c:892:6:Error_Handler	4	static,ignoring_inline_asm
