../Core/Src/main.c:198:5:IMU_Initialization	7
../Core/Src/main.c:238:5:Accelerometer_Gyroscope_Calibration	8
../Core/Src/main.c:304:6:HAL_TIM_PeriodElapsedCallback	2
../Core/Src/main.c:320:5:main	9
../Core/Src/main.c:448:6:SystemClock_Config	3
../Core/Src/main.c:494:6:MX_I2C1_Init	2
../Core/Src/main.c:528:13:MX_SDIO_SD_Init	1
../Core/Src/main.c:556:13:MX_TIM2_Init	4
../Core/Src/main.c:601:13:MX_USART3_UART_Init	2
../Core/Src/main.c:632:13:MX_DMA_Init	1
../Core/Src/main.c:653:13:MX_GPIO_Init	1
../Core/Src/main.c:688:9:AppendToFile	4
../Core/Src/main.c:742:6:BlinkLED	2
../Core/Src/main.c:751:6:Gyro_Reading	6
../Core/Src/main.c:786:6:Acc_Mag_Reading	6
../Core/Src/main.c:820:6:SDI	3
../Core/Src/main.c:837:6:Complementary_filter	2
../Core/Src/main.c:852:6:Gyro_Integration_Test	3
../Core/Src/main.c:868:6:EMG_Data_Reception	2
../Core/Src/main.c:888:6:Error_Handler	1
