Archive member included to satisfy reference by file (symbol)

/Applications/STM32CubeIDE.app/Contents/Eclipse/plugins/com.st.stm32cube.ide.mcu.externaltools.gnu-tools-for-stm32.11.3.rel1.macos64_1.1.0.202305231506/tools/bin/../lib/gcc/arm-none-eabi/11.3.1/../../../../arm-none-eabi/lib/thumb/v7e-m+fp/hard/libc_nano.a(libc_a-exit.o)
                              /Applications/STM32CubeIDE.app/Contents/Eclipse/plugins/com.st.stm32cube.ide.mcu.externaltools.gnu-tools-for-stm32.11.3.rel1.macos64_1.1.0.202305231506/tools/bin/../lib/gcc/arm-none-eabi/11.3.1/../../../../arm-none-eabi/lib/thumb/v7e-m+fp/hard/crt0.o (exit)
/Applications/STM32CubeIDE.app/Contents/Eclipse/plugins/com.st.stm32cube.ide.mcu.externaltools.gnu-tools-for-stm32.11.3.rel1.macos64_1.1.0.202305231506/tools/bin/../lib/gcc/arm-none-eabi/11.3.1/../../../../arm-none-eabi/lib/thumb/v7e-m+fp/hard/libc_nano.a(libc_a-nano-vfprintf_float.o)
                              (_printf_float)
/Applications/STM32CubeIDE.app/Contents/Eclipse/plugins/com.st.stm32cube.ide.mcu.externaltools.gnu-tools-for-stm32.11.3.rel1.macos64_1.1.0.202305231506/tools/bin/../lib/gcc/arm-none-eabi/11.3.1/../../../../arm-none-eabi/lib/thumb/v7e-m+fp/hard/libc_nano.a(libc_a-nano-vfprintf_i.o)
                              /Applications/STM32CubeIDE.app/Contents/Eclipse/plugins/com.st.stm32cube.ide.mcu.externaltools.gnu-tools-for-stm32.11.3.rel1.macos64_1.1.0.202305231506/tools/bin/../lib/gcc/arm-none-eabi/11.3.1/../../../../arm-none-eabi/lib/thumb/v7e-m+fp/hard/libc_nano.a(libc_a-nano-vfprintf_float.o) (_printf_common)
/Applications/STM32CubeIDE.app/Contents/Eclipse/plugins/com.st.stm32cube.ide.mcu.externaltools.gnu-tools-for-stm32.11.3.rel1.macos64_1.1.0.202305231506/tools/bin/../lib/gcc/arm-none-eabi/11.3.1/../../../../arm-none-eabi/lib/thumb/v7e-m+fp/hard/libc_nano.a(libc_a-sprintf.o)
                              ./Core/Src/main.o (sprintf)
/Applications/STM32CubeIDE.app/Contents/Eclipse/plugins/com.st.stm32cube.ide.mcu.externaltools.gnu-tools-for-stm32.11.3.rel1.macos64_1.1.0.202305231506/tools/bin/../lib/gcc/arm-none-eabi/11.3.1/../../../../arm-none-eabi/lib/thumb/v7e-m+fp/hard/libc_nano.a(libc_a-findfp.o)
                              /Applications/STM32CubeIDE.app/Contents/Eclipse/plugins/com.st.stm32cube.ide.mcu.externaltools.gnu-tools-for-stm32.11.3.rel1.macos64_1.1.0.202305231506/tools/bin/../lib/gcc/arm-none-eabi/11.3.1/../../../../arm-none-eabi/lib/thumb/v7e-m+fp/hard/libc_nano.a(libc_a-exit.o) (__stdio_exit_handler)
/Applications/STM32CubeIDE.app/Contents/Eclipse/plugins/com.st.stm32cube.ide.mcu.externaltools.gnu-tools-for-stm32.11.3.rel1.macos64_1.1.0.202305231506/tools/bin/../lib/gcc/arm-none-eabi/11.3.1/../../../../arm-none-eabi/lib/thumb/v7e-m+fp/hard/libc_nano.a(libc_a-fwalk.o)
                              /Applications/STM32CubeIDE.app/Contents/Eclipse/plugins/com.st.stm32cube.ide.mcu.externaltools.gnu-tools-for-stm32.11.3.rel1.macos64_1.1.0.202305231506/tools/bin/../lib/gcc/arm-none-eabi/11.3.1/../../../../arm-none-eabi/lib/thumb/v7e-m+fp/hard/libc_nano.a(libc_a-findfp.o) (_fwalk_sglue)
/Applications/STM32CubeIDE.app/Contents/Eclipse/plugins/com.st.stm32cube.ide.mcu.externaltools.gnu-tools-for-stm32.11.3.rel1.macos64_1.1.0.202305231506/tools/bin/../lib/gcc/arm-none-eabi/11.3.1/../../../../arm-none-eabi/lib/thumb/v7e-m+fp/hard/libc_nano.a(libc_a-memset.o)
                              /Applications/STM32CubeIDE.app/Contents/Eclipse/plugins/com.st.stm32cube.ide.mcu.externaltools.gnu-tools-for-stm32.11.3.rel1.macos64_1.1.0.202305231506/tools/bin/../lib/gcc/arm-none-eabi/11.3.1/../../../../arm-none-eabi/lib/thumb/v7e-m+fp/hard/crt0.o (memset)
/Applications/STM32CubeIDE.app/Contents/Eclipse/plugins/com.st.stm32cube.ide.mcu.externaltools.gnu-tools-for-stm32.11.3.rel1.macos64_1.1.0.202305231506/tools/bin/../lib/gcc/arm-none-eabi/11.3.1/../../../../arm-none-eabi/lib/thumb/v7e-m+fp/hard/libc_nano.a(libc_a-localeconv.o)
                              /Applications/STM32CubeIDE.app/Contents/Eclipse/plugins/com.st.stm32cube.ide.mcu.externaltools.gnu-tools-for-stm32.11.3.rel1.macos64_1.1.0.202305231506/tools/bin/../lib/gcc/arm-none-eabi/11.3.1/../../../../arm-none-eabi/lib/thumb/v7e-m+fp/hard/libc_nano.a(libc_a-nano-vfprintf_float.o) (_localeconv_r)
/Applications/STM32CubeIDE.app/Contents/Eclipse/plugins/com.st.stm32cube.ide.mcu.externaltools.gnu-tools-for-stm32.11.3.rel1.macos64_1.1.0.202305231506/tools/bin/../lib/gcc/arm-none-eabi/11.3.1/../../../../arm-none-eabi/lib/thumb/v7e-m+fp/hard/libc_nano.a(libc_a-impure.o)
                              /Applications/STM32CubeIDE.app/Contents/Eclipse/plugins/com.st.stm32cube.ide.mcu.externaltools.gnu-tools-for-stm32.11.3.rel1.macos64_1.1.0.202305231506/tools/bin/../lib/gcc/arm-none-eabi/11.3.1/../../../../arm-none-eabi/lib/thumb/v7e-m+fp/hard/libc_nano.a(libc_a-sprintf.o) (_impure_ptr)
[...]
Memory Configuration

Name             Origin             Length             Attributes
CCMRAM           0x0000000010000000 0x0000000000010000 xrw
RAM              0x0000000020000000 0x0000000000020000 xrw
FLASH            0x0000000008000000 0x0000000000100000 xr
*default*        0x0000000000000000 0xffffffffffffffff

Linker script and memory map

LOAD /Applications/STM32CubeIDE.app/Contents/Eclipse/plugins/com.st.stm32cube.ide.mcu.externaltools.gnu-tools-for-stm32.11.3.rel1.macos64_1.1.0.202305231506/tools/bin/../lib/gcc/arm-none-eabi/11.3.1/thumb/v7e-m+fp/hard/crti.o
LOAD /Applications/STM32CubeIDE.app/Contents/Eclipse/plugins/com.st.stm32cube.ide.mcu.externaltools.gnu-tools-for-stm32.11.3.rel1.macos64_1.1.0.202305231506/tools/bin/../lib/gcc/arm-none-eabi/11.3.1/thumb/v7e-m+fp/hard/crtbegin.o
LOAD /Applications/STM32CubeIDE.app/Contents/Eclipse/plugins/com.st.stm32cube.ide.mcu.externaltools.gnu-tools-for-stm32.11.3.rel1.macos64_1.1.0.202305231506/tools/bin/../lib/gcc/arm-none-eabi/11.3.1/../../../../arm-none-eabi/lib/thumb/v7e-m+fp/hard/crt0.o
LOAD ./Core/Src/LIS3MDL.o
LOAD ./Core/Src/LSM6DSOX.o
LOAD ./Core/Src/main.o
LOAD ./Core/Src/stm32f4xx_hal_msp.o
LOAD ./Core/Src/stm32f4xx_it.o
LOAD ./Core/Src/syscalls.o
LOAD ./Core/Src/sysmem.o
LOAD ./Core/Src/system_stm32f4xx.o
LOAD ./Core/Startup/startup_stm32f405rgtx.o
LOAD ./Drivers/STM32F4xx_HAL_Driver/Src/stm32f4xx_hal.o
LOAD ./Drivers/STM32F4xx_HAL_Driver/Src/stm32f4xx_hal_cortex.o
LOAD ./Drivers/STM32F4xx_HAL_Driver/Src/stm32f4xx_hal_dma.o
LOAD ./Drivers/STM32F4xx_HAL_Driver/Src/stm32f4xx_hal_dma_ex.o
LOAD ./Drivers/STM32F4xx_HAL_Driver/Src/stm32f4xx_hal_exti.o
LOAD ./Drivers/STM32F4xx_HAL_Driver/Src/stm32f4xx_hal_flash.o
LOAD ./Drivers/STM32F4xx_HAL_Driver/Src/stm32f4xx_hal_flash_ex.o
LOAD ./Drivers/STM32F4xx_HAL_Driver/Src/stm32f4xx_hal_flash_ramfunc.o
LOAD ./Drivers/STM32F4xx_HAL_Driver/Src/stm32f4xx_hal_gpio.o
LOAD ./Drivers/STM32F4xx_HAL_Driver/Src/stm32f4xx_hal_i2c.o
LOAD ./Drivers/STM32F4xx_HAL_Driver/Src/stm32f4xx_hal_i2c_ex.o
LOAD ./Drivers/STM32F4xx_HAL_Driver/Src/stm32f4xx_hal_pcd.o
LOAD ./Drivers/STM32F4xx_HAL_Driver/Src/stm32f4xx_hal_pcd_ex.o
LOAD ./Drivers/STM32F4xx_HAL_Driver/Src/stm32f4xx_hal_pwr.o
LOAD ./Drivers/STM32F4xx_HAL_Driver/Src/stm32f4xx_hal_pwr_ex.o
LOAD ./Drivers/STM32F4xx_HAL_Driver/Src/stm32f4xx_hal_rcc.o
LOAD ./Drivers/STM32F4xx_HAL_Driver/Src/stm32f4xx_hal_rcc_ex.o
LOAD ./Drivers/STM32F4xx_HAL_Driver/Src/stm32f4xx_hal_sd.o
LOAD ./Drivers/STM32F4xx_HAL_Driver/Src/stm32f4xx_hal_tim.o
LOAD ./Drivers/STM32F4xx_HAL_Driver/Src/stm32f4xx_hal_tim_ex.o
LOAD ./Drivers/STM32F4xx_HAL_Driver/Src/stm32f4xx_hal_uart.o
LOAD ./Drivers/STM32F4xx_HAL_Driver/Src/stm32f4xx_ll_sdmmc.o
LOAD ./Drivers/STM32F4xx_HAL_Driver/Src/stm32f4xx_ll_usb.o
LOAD ./FATFS/App/fatfs.o
LOAD ./FATFS/Target/bsp_driver_sd.o
LOAD ./FATFS/Target/fatfs_platform.o
LOAD ./FATFS/Target/sd_diskio.o
LOAD ./Middlewares/ST/STM32_USB_Device_Library/Class/CDC/Src/usbd_cdc.o
LOAD ./Middlewares/ST/STM32_USB_Device_Library/Core/Src/usbd_core.o
LOAD ./Middlewares/ST/STM32_USB_Device_Library/Core/Src/usbd_ctlreq.o
LOAD ./Middlewares/ST/STM32_USB_Device_Library/Core/Src/usbd_ioreq.o
LOAD ./Middlewares/Third_Party/FatFs/src/diskio.o
LOAD ./Middlewares/Third_Party/FatFs/src/ff.o
LOAD ./Middlewares/Third_Party/FatFs/src/ff_gen_drv.o
LOAD ./Middlewares/Third_Party/FatFs/src/option/syscall.o
LOAD ./USB_DEVICE/App/usb_device.o
LOAD ./USB_DEVICE/App/usbd_cdc_if.o
LOAD ./USB_DEVICE/App/usbd_desc.o
LOAD ./USB_DEVICE/Target/usbd_conf.o
START GROUP
LOAD /Applications/STM32CubeIDE.app/Contents/Eclipse/plugins/com.st.stm32cube.ide.mcu.externaltools.gnu-tools-for-stm32.11.3.rel1.macos64_1.1.0.202305231506/tools/bin/../lib/gcc/arm-none-eabi/11.3.1/../../../../arm-none-eabi/lib/thumb/v7e-m+fp/hard/libc_nano.a
LOAD /Applications/STM32CubeIDE.app/Contents/Eclipse/plugins/com.st.stm32cube.ide.mcu.externaltools.gnu-tools-for-stm32.11.3.rel1.macos64_1.1.0.202305231506/tools/bin/../lib/gcc/arm-none-eabi/11.3.1/../../../../arm-none-eabi/lib/thumb/v7e-m+fp/hard/libm.a
END GROUP
START GROUP
LOAD /Applications/STM32CubeIDE.app/Contents/Eclipse/plugins/com.st.stm32cube.ide.mcu.externaltools.gnu-tools-for-stm32.11.3.rel1.macos64_1.1.0.202305231506/tools/bin/../lib/gcc/arm-none-eabi/11.3.1/thumb/v7e-m+fp/hard/libgcc.a
LOAD /Applications/STM32CubeIDE.app/Contents/Eclipse/plugins/com.st.stm32cube.ide.mcu.externaltools.gnu-tools-for-stm32.11.3.rel1.macos64_1.1.0.202305231506/tools/bin/../lib/gcc/arm-none-eabi/11.3.1/../../../../arm-none-eabi/lib/thumb/v7e-m+fp/hard/libc_nano.a
END GROUP
START GROUP
LOAD /Applications/STM32CubeIDE.app/Contents/Eclipse/plugins/com.st.stm32cube.ide.mcu.externaltools.gnu-tools-for-stm32.11.3.rel1.macos64_1.1.0.202305231506/tools/bin/../lib/gcc/arm-none-eabi/11.3.1/thumb/v7e-m+fp/hard/libgcc.a
LOAD /Applications/STM32CubeIDE.app/Contents/Eclipse/plugins/com.st.stm32cube.ide.mcu.externaltools.gnu-tools-for-stm32.11.3.rel1.macos64_1.1.0.202305231506/tools/bin/../lib/gcc/arm-none-eabi/11.3.1/../../../../arm-none-eabi/lib/thumb/v7e-m+fp/hard/libc_nano.a
LOAD /Applications/STM32CubeIDE.app/Contents/Eclipse/plugins/com.st.stm32cube.ide.mcu.externaltools.gnu-tools-for-stm32.11.3.rel1.macos64_1.1.0.202305231506/tools/bin/../lib/gcc/arm-none-eabi/11.3.1/../../../../arm-none-eabi/lib/thumb/v7e-m+fp/hard/libnosys.a
END GROUP
START GROUP
LOAD /Applications/STM32CubeIDE.app/Contents/Eclipse/plugins/com.st.stm32cube.ide.mcu.externaltools.gnu-tools-for-stm32.11.3.rel1.macos64_1.1.0.202305231506/tools/bin/../lib/gcc/arm-none-eabi/11.3.1/thumb/v7e-m+fp/hard/libgcc.a
LOAD /Applications/STM32CubeIDE.app/Contents/Eclipse/plugins/com.st.stm32cube.ide.mcu.externaltools.gnu-tools-for-stm32.11.3.rel1.macos64_1.1.0.202305231506/tools/bin/../lib/gcc/arm-none-eabi/11.3.1/../../../../arm-none-eabi/lib/thumb/v7e-m+fp/hard/libc_nano.a
LOAD /Applications/STM32CubeIDE.app/Contents/Eclipse/plugins/com.st.stm32cube.ide.mcu.externaltools.gnu-tools-for-stm32.11.3.rel1.macos64_1.1.0.202305231506/tools/bin/../lib/gcc/arm-none-eabi/11.3.1/../../../../arm-none-eabi/lib/thumb/v7e-m+fp/hard/libnosys.a
END GROUP
LOAD /Applications/STM32CubeIDE.app/Contents/Eclipse/plugins/com.st.stm32cube.ide.mcu.externaltools.gnu-tools-for-stm32.11.3.rel1.macos64_1.1.0.202305231506/tools/bin/../lib/gcc/arm-none-eabi/11.3.1/thumb/v7e-m+fp/hard/crtend.o
LOAD /Applications/STM32CubeIDE.app/Contents/Eclipse/plugins/com.st.stm32cube.ide.mcu.externaltools.gnu-tools-for-stm32.11.3.rel1.macos64_1.1.0.202305231506/tools/bin/../lib/gcc/arm-none-eabi/11.3.1/thumb/v7e-m+fp/hard/crtn.o
                0x0000000020020000                _estack = (ORIGIN (RAM) + LENGTH (RAM))
                0x0000000000000200                _Min_Heap_Size = 0x200
                0x0000000000000400                _Min_Stack_Size = 0x400

.isr_vector     0x0000000008000000      0x188
                0x0000000008000000                . = ALIGN (0x4)
 *(.isr_vector)
 .isr_vector    0x0000000008000000      0x188 ./Core/Startup/startup_stm32f405rgtx.o
                0x0000000008000000                g_pfnVectors
                0x0000000008000188                . = ALIGN (0x4)

.text           0x0000000008000190    0x155bc
                0x0000000008000190                . = ALIGN (0x4)
 *(.text)
 .text          0x0000000008000190       0x40 /Applications/STM32CubeIDE.app/Contents/Eclipse/plugins/com.st.stm32cube.ide.mcu.externaltools.gnu-tools-for-stm32.11.3.rel1.macos64_1.1.0.202305231506/tools/bin/../lib/gcc/arm-none-eabi/11.3.1/thumb/v7e-m+fp/hard/crtbegin.o
 .text          0x00000000080001d0       0xa0 /Applications/STM32CubeIDE.app/Contents/Eclipse/plugins/com.st.stm32cube.ide.mcu.externaltools.gnu-tools-for-stm32.11.3.rel1.macos64_1.1.0.202305231506/tools/bin/../lib/gcc/arm-none-eabi/11.3.1/../../../../arm-none-eabi/lib/thumb/v7e-m+fp/hard/libc_nano.a(libc_a-memchr.o)
                0x00000000080001d0                memchr
 .text          0x0000000008000270       0x10 /Applications/STM32CubeIDE.app/Contents/Eclipse/plugins/com.st.stm32cube.ide.mcu.externaltools.gnu-tools-for-stm32.11.3.rel1.macos64_1.1.0.202305231506/tools/bin/../lib/gcc/arm-none-eabi/11.3.1/../../../../arm-none-eabi/lib/thumb/v7e-m+fp/hard/libc_nano.a(libc_a-strlen.o)
                0x0000000008000270                strlen
 .text          0x0000000008000280      0x378 /Applications/STM32CubeIDE.app/Contents/Eclipse/plugins/com.st.stm32cube.ide.mcu.externaltools.gnu-tools-for-stm32.11.3.rel1.macos64_1.1.0.202305231506/tools/bin/../lib/gcc/arm-none-eabi/11.3.1/thumb/v7e-m+fp/hard/libgcc.a(_arm_addsubdf3.o)
                0x0000000008000280                __aeabi_drsub
                0x0000000008000288                __subdf3
                0x0000000008000288                __aeabi_dsub
                0x000000000800028c                __aeabi_dadd
                0x000000000800028c                __adddf3
                0x0000000008000504                __aeabi_ui2d
                0x0000000008000504                __floatunsidf
                0x0000000008000524                __floatsidf
                0x0000000008000524                __aeabi_i2d
                0x0000000008000548                __extendsfdf2
                0x0000000008000548                __aeabi_f2d
                0x000000000800058c                __aeabi_ul2d
                0x000000000800058c                __floatundidf
                0x000000000800059c                __aeabi_l2d
                0x000000000800059c                __floatdidf
 .text          0x00000000080005f8      0x424 /Applications/STM32CubeIDE.app/Contents/Eclipse/plugins/com.st.stm32cube.ide.mcu.externaltools.gnu-tools-for-stm32.11.3.rel1.macos64_1.1.0.202305231506/tools/bin/../lib/gcc/arm-none-eabi/11.3.1/thumb/v7e-m+fp/hard/libgcc.a(_arm_muldivdf3.o)
                0x00000000080005f8                __aeabi_dmul
                0x00000000080005f8                __muldf3
                0x000000000800084c                __aeabi_ddiv
                0x000000000800084c                __divdf3
 .text          0x0000000008000a1c      0x110 /Applications/STM32CubeIDE.app/Contents/Eclipse/plugins/com.st.stm32cube.ide.mcu.externaltools.gnu-tools-for-stm32.11.3.rel1.macos64_1.1.0.202305231506/tools/bin/../lib/gcc/arm-none-eabi/11.3.1/thumb/v7e-m+fp/hard/libgcc.a(_arm_cmpdf2.o)
                0x0000000008000a1c                __gedf2
                0x0000000008000a1c                __gtdf2
                0x0000000008000a24                __ledf2
                0x0000000008000a24                __ltdf2
                0x0000000008000a2c                __cmpdf2
                0x0000000008000a2c                __eqdf2
                0x0000000008000a2c                __nedf2
                0x0000000008000aa8                __aeabi_cdrcmple
                0x0000000008000ab8                __aeabi_cdcmple
                0x0000000008000ab8                __aeabi_cdcmpeq
                0x0000000008000ac8                __aeabi_dcmpeq
                0x0000000008000adc                __aeabi_dcmplt
                0x0000000008000af0                __aeabi_dcmple
                0x0000000008000b04                __aeabi_dcmpge
                0x0000000008000b18                __aeabi_dcmpgt
 .text          0x0000000008000b2c       0x2c /Applications/STM32CubeIDE.app/Contents/Eclipse/plugins/com.st.stm32cube.ide.mcu.externaltools.gnu-tools-for-stm32.11.3.rel1.macos64_1.1.0.202305231506/tools/bin/../lib/gcc/arm-none-eabi/11.3.1/thumb/v7e-m+fp/hard/libgcc.a(_arm_unorddf2.o)
                0x0000000008000b2c                __aeabi_dcmpun
                0x0000000008000b2c                __unorddf2
 .text          0x0000000008000b58       0x50 /Applications/STM32CubeIDE.app/Contents/Eclipse/plugins/com.st.stm32cube.ide.mcu.externaltools.gnu-tools-for-stm32.11.3.rel1.macos64_1.1.0.202305231506/tools/bin/../lib/gcc/arm-none-eabi/11.3.1/thumb/v7e-m+fp/hard/libgcc.a(_arm_fixdfsi.o)
                0x0000000008000b58                __fixdfsi
                0x0000000008000b58                __aeabi_d2iz
 .text          0x0000000008000ba8       0xa0 /Applications/STM32CubeIDE.app/Contents/Eclipse/plugins/com.st.stm32cube.ide.mcu.externaltools.gnu-tools-for-stm32.11.3.rel1.macos64_1.1.0.202305231506/tools/bin/../lib/gcc/arm-none-eabi/11.3.1/thumb/v7e-m+fp/hard/libgcc.a(_arm_truncdfsf2.o)
                0x0000000008000ba8                __aeabi_d2f
                0x0000000008000ba8                __truncdfsf2
 .text          0x0000000008000c48       0x30 /Applications/STM32CubeIDE.app/Contents/Eclipse/plugins/com.st.stm32cube.ide.mcu.externaltools.gnu-tools-for-stm32.11.3.rel1.macos64_1.1.0.202305231506/tools/bin/../lib/gcc/arm-none-eabi/11.3.1/thumb/v7e-m+fp/hard/libgcc.a(_aeabi_uldivmod.o)
                0x0000000008000c48                __aeabi_uldivmod
 .text          0x0000000008000c78      0x2c8 /Applications/STM32CubeIDE.app/Contents/Eclipse/plugins/com.st.stm32cube.ide.mcu.externaltools.gnu-tools-for-stm32.11.3.rel1.macos64_1.1.0.202305231506/tools/bin/../lib/gcc/arm-none-eabi/11.3.1/thumb/v7e-m+fp/hard/libgcc.a(_udivmoddi4.o)
                0x0000000008000c78                __udivmoddi4
 .text          0x0000000008000f40        0x4 /Applications/STM32CubeIDE.app/Contents/Eclipse/plugins/com.st.stm32cube.ide.mcu.externaltools.gnu-tools-for-stm32.11.3.rel1.macos64_1.1.0.202305231506/tools/bin/../lib/gcc/arm-none-eabi/11.3.1/thumb/v7e-m+fp/hard/libgcc.a(_dvmd_tls.o)
                0x0000000008000f40                __aeabi_ldiv0
                0x0000000008000f40                __aeabi_idiv0
 *(.text*)
 .text.LSM6DSOX_begin
                0x0000000008000f44       0x80 ./Core/Src/LSM6DSOX.o
                0x0000000008000f44                LSM6DSOX_begin
 .text.LSM6DSOX_readRegister8
                0x0000000008000fc4       0x64 ./Core/Src/LSM6DSOX.o
                0x0000000008000fc4                LSM6DSOX_readRegister8
 .text.LSM6DSOX_writeRegister8
                0x0000000008001028       0x46 ./Core/Src/LSM6DSOX.o
                0x0000000008001028                LSM6DSOX_writeRegister8
 .text.LSM6DSOX_end
                0x000000000800106e       0x2c ./Core/Src/LSM6DSOX.o
                0x000000000800106e                LSM6DSOX_end
 *fill*         0x000000000800109a        0x2 
 .text.LSM6DSOX_readAcceleration
                0x000000000800109c       0xb8 ./Core/Src/LSM6DSOX.o
                0x000000000800109c                LSM6DSOX_readAcceleration
 .text.LSM6DSOX_accelerationAvailable
                0x0000000008001154       0x30 ./Core/Src/LSM6DSOX.o
                0x0000000008001154                LSM6DSOX_accelerationAvailable
 .text.LSM6DSOX_readGyroscope
                0x0000000008001184       0xb8 ./Core/Src/LSM6DSOX.o
                0x0000000008001184                LSM6DSOX_readGyroscope
 .text.LSM6DSOX_gyroscopeAvailable
                0x000000000800123c       0x30 ./Core/Src/LSM6DSOX.o
                0x000000000800123c                LSM6DSOX_gyroscopeAvailable
 .text.LSM6DSOX_readRegisters
                0x000000000800126c       0x66 ./Core/Src/LSM6DSOX.o
                0x000000000800126c                LSM6DSOX_readRegisters
 *fill*         0x00000000080012d2        0x2 
 .text.IMU_Initialization
                0x00000000080012d4       0x90 ./Core/Src/main.o
                0x00000000080012d4                IMU_Initialization
 *fill*         0x0000000008001364        0x4 
 .text.Accelerometer_Gyroscope_Calibration
                0x0000000008001368      0x724 ./Core/Src/main.o
                0x0000000008001368                Accelerometer_Gyroscope_Calibration
 .text.HAL_TIM_PeriodElapsedCallback
                0x0000000008001a8c       0x34 ./Core/Src/main.o
                0x0000000008001a8c                HAL_TIM_PeriodElapsedCallback
 .text.main     0x0000000008001ac0      0x240 ./Core/Src/main.o
                0x0000000008001ac0                main
 .text.SystemClock_Config
                0x0000000008001d00       0xd4 ./Core/Src/main.o
                0x0000000008001d00                SystemClock_Config
 .text.MX_I2C1_Init
                0x0000000008001dd4       0x5c ./Core/Src/main.o
                0x0000000008001dd4                MX_I2C1_Init
 .text.MX_SDIO_SD_Init
                0x0000000008001e30       0x40 ./Core/Src/main.o
 .text.MX_TIM2_Init
                0x0000000008001e70       0x98 ./Core/Src/main.o
 .text.MX_USART3_UART_Init
                0x0000000008001f08       0x54 ./Core/Src/main.o
 .text.MX_DMA_Init
                0x0000000008001f5c       0x50 ./Core/Src/main.o
 .text.MX_GPIO_Init
                0x0000000008001fac       0xf8 ./Core/Src/main.o
 .text.AppendToFile
                0x00000000080020a4      0x140 ./Core/Src/main.o
                0x00000000080020a4                AppendToFile
 .text.BlinkLED
                0x00000000080021e4       0x50 ./Core/Src/main.o
                0x00000000080021e4                BlinkLED
 .text.Gyro_Reading
                0x0000000008002234      0x310 ./Core/Src/main.o
                0x0000000008002234                Gyro_Reading
 .text.Acc_Mag_Reading
                0x0000000008002544      0x258 ./Core/Src/main.o
                0x0000000008002544                Acc_Mag_Reading
 .text.SDI      0x000000000800279c      0x1a8 ./Core/Src/main.o
                0x000000000800279c                SDI
 *fill*         0x0000000008002944        0x4 
 .text.Complementary_filter
                0x0000000008002948      0x324 ./Core/Src/main.o
                0x0000000008002948                Complementary_filter
 .text.EMG_Data_Reception
                0x0000000008002c6c       0x34 ./Core/Src/main.o
                0x0000000008002c6c                EMG_Data_Reception
 .text.Error_Handler
                0x0000000008002ca0        0xa ./Core/Src/main.o
                0x0000000008002ca0                Error_Handler
 *fill*         0x0000000008002caa        0x2 
 .text.HAL_MspInit
                0x0000000008002cac       0x50 ./Core/Src/stm32f4xx_hal_msp.o
                0x0000000008002cac                HAL_MspInit
 .text.HAL_I2C_MspInit
                0x0000000008002cfc       0x90 ./Core/Src/stm32f4xx_hal_msp.o
                0x0000000008002cfc                HAL_I2C_MspInit
 .text.HAL_SD_MspInit
                0x0000000008002d8c      0x200 ./Core/Src/stm32f4xx_hal_msp.o
                0x0000000008002d8c                HAL_SD_MspInit
 .text.HAL_TIM_Base_MspInit
                0x0000000008002f8c       0x4c ./Core/Src/stm32f4xx_hal_msp.o
                0x0000000008002f8c                HAL_TIM_Base_MspInit
 .text.HAL_UART_MspInit
                0x0000000008002fd8       0xa0 ./Core/Src/stm32f4xx_hal_msp.o
                0x0000000008002fd8                HAL_UART_MspInit
 .text.NMI_Handler
                0x0000000008003078        0x6 ./Core/Src/stm32f4xx_it.o
                0x0000000008003078                NMI_Handler
 .text.HardFault_Handler
                0x000000000800307e        0x6 ./Core/Src/stm32f4xx_it.o
                0x000000000800307e                HardFault_Handler
 .text.MemManage_Handler
                0x0000000008003084        0x6 ./Core/Src/stm32f4xx_it.o
                0x0000000008003084                MemManage_Handler
 .text.BusFault_Handler
                0x000000000800308a        0x6 ./Core/Src/stm32f4xx_it.o
                0x000000000800308a                BusFault_Handler
 .text.UsageFault_Handler
                0x0000000008003090        0x6 ./Core/Src/stm32f4xx_it.o
                0x0000000008003090                UsageFault_Handler
 .text.SVC_Handler
                0x0000000008003096        0xe ./Core/Src/stm32f4xx_it.o
                0x0000000008003096                SVC_Handler
 .text.DebugMon_Handler
                0x00000000080030a4        0xe ./Core/Src/stm32f4xx_it.o
                0x00000000080030a4                DebugMon_Handler
 .text.PendSV_Handler
                0x00000000080030b2        0xe ./Core/Src/stm32f4xx_it.o
                0x00000000080030b2                PendSV_Handler
 .text.SysTick_Handler
                0x00000000080030c0        0xc ./Core/Src/stm32f4xx_it.o
                0x00000000080030c0                SysTick_Handler
 .text.TIM2_IRQHandler
                0x00000000080030cc       0x14 ./Core/Src/stm32f4xx_it.o
                0x00000000080030cc                TIM2_IRQHandler
 .text.USART3_IRQHandler
                0x00000000080030e0       0x14 ./Core/Src/stm32f4xx_it.o
                0x00000000080030e0                USART3_IRQHandler
 .text.SDIO_IRQHandler
                0x00000000080030f4       0x14 ./Core/Src/stm32f4xx_it.o
                0x00000000080030f4                SDIO_IRQHandler
 .text.DMA2_Stream3_IRQHandler
                0x0000000008003108       0x14 ./Core/Src/stm32f4xx_it.o
                0x0000000008003108                DMA2_Stream3_IRQHandler
 .text.OTG_FS_IRQHandler
                0x000000000800311c       0x14 ./Core/Src/stm32f4xx_it.o
                0x000000000800311c                OTG_FS_IRQHandler
 .text.DMA2_Stream6_IRQHandler
                0x0000000008003130       0x14 ./Core/Src/stm32f4xx_it.o
                0x0000000008003130                DMA2_Stream6_IRQHandler
 .text._getpid  0x0000000008003144       0x10 ./Core/Src/syscalls.o
                0x0000000008003144                _getpid
 .text._kill    0x0000000008003154       0x20 ./Core/Src/syscalls.o
                0x0000000008003154                _kill
 .text._exit    0x0000000008003174       0x14 ./Core/Src/syscalls.o
                0x0000000008003174                _exit
 .text._read    0x0000000008003188       0x3a ./Core/Src/syscalls.o
                0x0000000008003188                _read
 .text._write   0x00000000080031c2       0x38 ./Core/Src/syscalls.o
                0x00000000080031c2                _write
 .text._close   0x00000000080031fa       0x18 ./Core/Src/syscalls.o
                0x00000000080031fa                _close
 .text._fstat   0x0000000008003212       0x20 ./Core/Src/syscalls.o
                0x0000000008003212                _fstat
 .text._isatty  0x0000000008003232       0x16 ./Core/Src/syscalls.o
                0x0000000008003232                _isatty
 .text._lseek   0x0000000008003248       0x1a ./Core/Src/syscalls.o
                0x0000000008003248                _lseek
 *fill*         0x0000000008003262        0x2 
 .text._sbrk    0x0000000008003264       0x6c ./Core/Src/sysmem.o
                0x0000000008003264                _sbrk
 .text.SystemInit
                0x00000000080032d0       0x24 ./Core/Src/system_stm32f4xx.o
                0x00000000080032d0                SystemInit
 .text.Reset_Handler
                0x00000000080032f4       0x50 ./Core/Startup/startup_stm32f405rgtx.o
                0x00000000080032f4                Reset_Handler
 .text.Default_Handler
                0x0000000008003344        0x2 ./Core/Startup/startup_stm32f405rgtx.o
                0x0000000008003344                DMA1_Stream3_IRQHandler
                0x0000000008003344                HASH_RNG_IRQHandler
                0x0000000008003344                EXTI2_IRQHandler
                0x0000000008003344                TIM8_CC_IRQHandler
                0x0000000008003344                TIM1_CC_IRQHandler
                0x0000000008003344                DMA2_Stream5_IRQHandler
                0x0000000008003344                DMA1_Stream5_IRQHandler
                0x0000000008003344                PVD_IRQHandler
                0x0000000008003344                TAMP_STAMP_IRQHandler
                0x0000000008003344                CAN2_RX1_IRQHandler
                0x0000000008003344                EXTI3_IRQHandler
                0x0000000008003344                TIM8_TRG_COM_TIM14_IRQHandler
                0x0000000008003344                TIM1_UP_TIM10_IRQHandler
                0x0000000008003344                TIM8_UP_TIM13_IRQHandler
                0x0000000008003344                I2C3_ER_IRQHandler
                0x0000000008003344                EXTI0_IRQHandler
                0x0000000008003344                I2C2_EV_IRQHandler
                0x0000000008003344                DMA1_Stream2_IRQHandler
                0x0000000008003344                CAN1_RX0_IRQHandler
                0x0000000008003344                FPU_IRQHandler
                0x0000000008003344                OTG_HS_WKUP_IRQHandler
                0x0000000008003344                CAN2_SCE_IRQHandler
                0x0000000008003344                DMA2_Stream2_IRQHandler
                0x0000000008003344                SPI1_IRQHandler
                0x0000000008003344                TIM6_DAC_IRQHandler
                0x0000000008003344                TIM1_BRK_TIM9_IRQHandler
                0x0000000008003344                CAN2_RX0_IRQHandler
                0x0000000008003344                USART6_IRQHandler
                0x0000000008003344                CAN1_RX1_IRQHandler
                0x0000000008003344                UART5_IRQHandler
                0x0000000008003344                DMA2_Stream0_IRQHandler
                0x0000000008003344                TIM4_IRQHandler
                0x0000000008003344                I2C1_EV_IRQHandler
                0x0000000008003344                DMA1_Stream6_IRQHandler
                0x0000000008003344                DMA1_Stream1_IRQHandler
                0x0000000008003344                UART4_IRQHandler
                0x0000000008003344                TIM3_IRQHandler
                0x0000000008003344                RCC_IRQHandler
                0x0000000008003344                TIM8_BRK_TIM12_IRQHandler
                0x0000000008003344                Default_Handler
                0x0000000008003344                EXTI15_10_IRQHandler
                0x0000000008003344                ADC_IRQHandler
                0x0000000008003344                DMA1_Stream7_IRQHandler
                0x0000000008003344                TIM7_IRQHandler
                0x0000000008003344                CAN2_TX_IRQHandler
                0x0000000008003344                TIM5_IRQHandler
                0x0000000008003344                DMA2_Stream7_IRQHandler
                0x0000000008003344                I2C3_EV_IRQHandler
                0x0000000008003344                EXTI9_5_IRQHandler
                0x0000000008003344                RTC_WKUP_IRQHandler
                0x0000000008003344                SPI2_IRQHandler
                0x0000000008003344                OTG_HS_EP1_IN_IRQHandler
                0x0000000008003344                DMA1_Stream0_IRQHandler
                0x0000000008003344                CAN1_TX_IRQHandler
                0x0000000008003344                EXTI4_IRQHandler
                0x0000000008003344                FSMC_IRQHandler
                0x0000000008003344                OTG_HS_EP1_OUT_IRQHandler
                0x0000000008003344                WWDG_IRQHandler
                0x0000000008003344                OTG_FS_WKUP_IRQHandler
                0x0000000008003344                TIM1_TRG_COM_TIM11_IRQHandler
                0x0000000008003344                OTG_HS_IRQHandler
                0x0000000008003344                EXTI1_IRQHandler
                0x0000000008003344                USART2_IRQHandler
                0x0000000008003344                I2C2_ER_IRQHandler
                0x0000000008003344                DMA2_Stream1_IRQHandler
                0x0000000008003344                CAN1_SCE_IRQHandler
                0x0000000008003344                FLASH_IRQHandler
                0x0000000008003344                DMA2_Stream4_IRQHandler
                0x0000000008003344                USART1_IRQHandler
                0x0000000008003344                SPI3_IRQHandler
                0x0000000008003344                DMA1_Stream4_IRQHandler
                0x0000000008003344                I2C1_ER_IRQHandler
                0x0000000008003344                RTC_Alarm_IRQHandler
 *fill*         0x0000000008003346        0x2 
 .text.HAL_Init
                0x0000000008003348       0x44 ./Drivers/STM32F4xx_HAL_Driver/Src/stm32f4xx_hal.o
                0x0000000008003348                HAL_Init
 .text.HAL_InitTick
                0x000000000800338c       0x60 ./Drivers/STM32F4xx_HAL_Driver/Src/stm32f4xx_hal.o
                0x000000000800338c                HAL_InitTick
 .text.HAL_IncTick
                0x00000000080033ec       0x28 ./Drivers/STM32F4xx_HAL_Driver/Src/stm32f4xx_hal.o
                0x00000000080033ec                HAL_IncTick
 .text.HAL_GetTick
                0x0000000008003414       0x18 ./Drivers/STM32F4xx_HAL_Driver/Src/stm32f4xx_hal.o
                0x0000000008003414                HAL_GetTick
 .text.HAL_Delay
                0x000000000800342c       0x48 ./Drivers/STM32F4xx_HAL_Driver/Src/stm32f4xx_hal.o
                0x000000000800342c                HAL_Delay
 .text.__NVIC_SetPriorityGrouping
                0x0000000008003474       0x48 ./Drivers/STM32F4xx_HAL_Driver/Src/stm32f4xx_hal_cortex.o
 .text.__NVIC_GetPriorityGrouping
                0x00000000080034bc       0x1c ./Drivers/STM32F4xx_HAL_Driver/Src/stm32f4xx_hal_cortex.o
 .text.__NVIC_EnableIRQ
                0x00000000080034d8       0x3c ./Drivers/STM32F4xx_HAL_Driver/Src/stm32f4xx_hal_cortex.o
 .text.__NVIC_SetPriority
                0x0000000008003514       0x54 ./Drivers/STM32F4xx_HAL_Driver/Src/stm32f4xx_hal_cortex.o
 .text.NVIC_EncodePriority
                0x0000000008003568       0x66 ./Drivers/STM32F4xx_HAL_Driver/Src/stm32f4xx_hal_cortex.o
 *fill*         0x00000000080035ce        0x2 
 .text.SysTick_Config
                0x00000000080035d0       0x44 ./Drivers/STM32F4xx_HAL_Driver/Src/stm32f4xx_hal_cortex.o
 .text.HAL_NVIC_SetPriorityGrouping
                0x0000000008003614       0x16 ./Drivers/STM32F4xx_HAL_Driver/Src/stm32f4xx_hal_cortex.o
                0x0000000008003614                HAL_NVIC_SetPriorityGrouping
 .text.HAL_NVIC_SetPriority
                0x000000000800362a       0x38 ./Drivers/STM32F4xx_HAL_Driver/Src/stm32f4xx_hal_cortex.o
                0x000000000800362a                HAL_NVIC_SetPriority
 .text.HAL_NVIC_EnableIRQ
                0x0000000008003662       0x1c ./Drivers/STM32F4xx_HAL_Driver/Src/stm32f4xx_hal_cortex.o
                0x0000000008003662                HAL_NVIC_EnableIRQ
 .text.HAL_SYSTICK_Config
                0x000000000800367e       0x18 ./Drivers/STM32F4xx_HAL_Driver/Src/stm32f4xx_hal_cortex.o
                0x000000000800367e                HAL_SYSTICK_Config
 *fill*         0x0000000008003696        0x2 
 .text.HAL_DMA_Init
                0x0000000008003698      0x15c ./Drivers/STM32F4xx_HAL_Driver/Src/stm32f4xx_hal_dma.o
                0x0000000008003698                HAL_DMA_Init
 .text.HAL_DMA_Start_IT
                0x00000000080037f4       0xb0 ./Drivers/STM32F4xx_HAL_Driver/Src/stm32f4xx_hal_dma.o
                0x00000000080037f4                HAL_DMA_Start_IT
 .text.HAL_DMA_Abort
                0x00000000080038a4       0xe0 ./Drivers/STM32F4xx_HAL_Driver/Src/stm32f4xx_hal_dma.o
                0x00000000080038a4                HAL_DMA_Abort
 .text.HAL_DMA_Abort_IT
                0x0000000008003984       0x44 ./Drivers/STM32F4xx_HAL_Driver/Src/stm32f4xx_hal_dma.o
                0x0000000008003984                HAL_DMA_Abort_IT
 .text.HAL_DMA_IRQHandler
                0x00000000080039c8      0x314 ./Drivers/STM32F4xx_HAL_Driver/Src/stm32f4xx_hal_dma.o
                0x00000000080039c8                HAL_DMA_IRQHandler
 .text.HAL_DMA_GetError
                0x0000000008003cdc       0x18 ./Drivers/STM32F4xx_HAL_Driver/Src/stm32f4xx_hal_dma.o
                0x0000000008003cdc                HAL_DMA_GetError
 .text.DMA_SetConfig
                0x0000000008003cf4       0x5c ./Drivers/STM32F4xx_HAL_Driver/Src/stm32f4xx_hal_dma.o
 .text.DMA_CalcBaseAndBitshift
                0x0000000008003d50       0x6c ./Drivers/STM32F4xx_HAL_Driver/Src/stm32f4xx_hal_dma.o
 .text.DMA_CheckFifoParam
                0x0000000008003dbc       0xf8 ./Drivers/STM32F4xx_HAL_Driver/Src/stm32f4xx_hal_dma.o
 .text.HAL_GPIO_Init
                0x0000000008003eb4      0x338 ./Drivers/STM32F4xx_HAL_Driver/Src/stm32f4xx_hal_gpio.o
                0x0000000008003eb4                HAL_GPIO_Init
 .text.HAL_GPIO_ReadPin
                0x00000000080041ec       0x30 ./Drivers/STM32F4xx_HAL_Driver/Src/stm32f4xx_hal_gpio.o
                0x00000000080041ec                HAL_GPIO_ReadPin
 .text.HAL_GPIO_WritePin
                0x000000000800421c       0x32 ./Drivers/STM32F4xx_HAL_Driver/Src/stm32f4xx_hal_gpio.o
                0x000000000800421c                HAL_GPIO_WritePin
 *fill*         0x000000000800424e        0x2 
 .text.HAL_I2C_Init
                0x0000000008004250      0x288 ./Drivers/STM32F4xx_HAL_Driver/Src/stm32f4xx_hal_i2c.o
                0x0000000008004250                HAL_I2C_Init
 .text.HAL_I2C_Master_Transmit
                0x00000000080044d8      0x1fc ./Drivers/STM32F4xx_HAL_Driver/Src/stm32f4xx_hal_i2c.o
                0x00000000080044d8                HAL_I2C_Master_Transmit
 .text.HAL_I2C_Master_Receive
                0x00000000080046d4      0x44c ./Drivers/STM32F4xx_HAL_Driver/Src/stm32f4xx_hal_i2c.o
                0x00000000080046d4                HAL_I2C_Master_Receive
 .text.I2C_MasterRequestWrite
                0x0000000008004b20      0x104 ./Drivers/STM32F4xx_HAL_Driver/Src/stm32f4xx_hal_i2c.o
 .text.I2C_MasterRequestRead
                0x0000000008004c24      0x19c ./Drivers/STM32F4xx_HAL_Driver/Src/stm32f4xx_hal_i2c.o
 .text.I2C_WaitOnFlagUntilTimeout
                0x0000000008004dc0       0xae ./Drivers/STM32F4xx_HAL_Driver/Src/stm32f4xx_hal_i2c.o
 .text.I2C_WaitOnMasterAddressFlagUntilTimeout
                0x0000000008004e6e       0xfe ./Drivers/STM32F4xx_HAL_Driver/Src/stm32f4xx_hal_i2c.o
 .text.I2C_WaitOnTXEFlagUntilTimeout
                0x0000000008004f6c       0x82 ./Drivers/STM32F4xx_HAL_Driver/Src/stm32f4xx_hal_i2c.o
 .text.I2C_WaitOnBTFFlagUntilTimeout
                0x0000000008004fee       0x82 ./Drivers/STM32F4xx_HAL_Driver/Src/stm32f4xx_hal_i2c.o
 .text.I2C_WaitOnRXNEFlagUntilTimeout
                0x0000000008005070       0xac ./Drivers/STM32F4xx_HAL_Driver/Src/stm32f4xx_hal_i2c.o
 .text.I2C_IsAcknowledgeFailed
                0x000000000800511c       0x5e ./Drivers/STM32F4xx_HAL_Driver/Src/stm32f4xx_hal_i2c.o
 .text.HAL_PCD_Init
                0x000000000800517a      0x23a ./Drivers/STM32F4xx_HAL_Driver/Src/stm32f4xx_hal_pcd.o
                0x000000000800517a                HAL_PCD_Init
 .text.HAL_PCD_Start
                0x00000000080053b4       0x66 ./Drivers/STM32F4xx_HAL_Driver/Src/stm32f4xx_hal_pcd.o
                0x00000000080053b4                HAL_PCD_Start
 .text.HAL_PCD_IRQHandler
                0x000000000800541a      0x93e ./Drivers/STM32F4xx_HAL_Driver/Src/stm32f4xx_hal_pcd.o
                0x000000000800541a                HAL_PCD_IRQHandler
 .text.HAL_PCD_SetAddress
                0x0000000008005d58       0x4a ./Drivers/STM32F4xx_HAL_Driver/Src/stm32f4xx_hal_pcd.o
                0x0000000008005d58                HAL_PCD_SetAddress
 .text.HAL_PCD_EP_Open
                0x0000000008005da2       0xd0 ./Drivers/STM32F4xx_HAL_Driver/Src/stm32f4xx_hal_pcd.o
                0x0000000008005da2                HAL_PCD_EP_Open
 .text.HAL_PCD_EP_Close
                0x0000000008005e72       0x94 ./Drivers/STM32F4xx_HAL_Driver/Src/stm32f4xx_hal_pcd.o
                0x0000000008005e72                HAL_PCD_EP_Close
 .text.HAL_PCD_EP_Receive
                0x0000000008005f06       0x96 ./Drivers/STM32F4xx_HAL_Driver/Src/stm32f4xx_hal_pcd.o
                0x0000000008005f06                HAL_PCD_EP_Receive
 .text.HAL_PCD_EP_GetRxCount
                0x0000000008005f9c       0x30 ./Drivers/STM32F4xx_HAL_Driver/Src/stm32f4xx_hal_pcd.o
                0x0000000008005f9c                HAL_PCD_EP_GetRxCount
 .text.HAL_PCD_EP_Transmit
                0x0000000008005fcc       0x94 ./Drivers/STM32F4xx_HAL_Driver/Src/stm32f4xx_hal_pcd.o
                0x0000000008005fcc                HAL_PCD_EP_Transmit
 .text.HAL_PCD_EP_SetStall
                0x0000000008006060       0xc8 ./Drivers/STM32F4xx_HAL_Driver/Src/stm32f4xx_hal_pcd.o
                0x0000000008006060                HAL_PCD_EP_SetStall
 .text.HAL_PCD_EP_ClrStall
                0x0000000008006128       0xac ./Drivers/STM32F4xx_HAL_Driver/Src/stm32f4xx_hal_pcd.o
                0x0000000008006128                HAL_PCD_EP_ClrStall
 .text.HAL_PCD_EP_Abort
                0x00000000080061d4       0x62 ./Drivers/STM32F4xx_HAL_Driver/Src/stm32f4xx_hal_pcd.o
                0x00000000080061d4                HAL_PCD_EP_Abort
 .text.PCD_WriteEmptyTxFifo
                0x0000000008006236      0x11a ./Drivers/STM32F4xx_HAL_Driver/Src/stm32f4xx_hal_pcd.o
 .text.PCD_EP_OutXfrComplete_int
                0x0000000008006350      0x1d0 ./Drivers/STM32F4xx_HAL_Driver/Src/stm32f4xx_hal_pcd.o
 .text.PCD_EP_OutSetupPacket_int
                0x0000000008006520       0x8c ./Drivers/STM32F4xx_HAL_Driver/Src/stm32f4xx_hal_pcd.o
 .text.HAL_PCDEx_SetTxFiFo
                0x00000000080065ac       0x8e ./Drivers/STM32F4xx_HAL_Driver/Src/stm32f4xx_hal_pcd_ex.o
                0x00000000080065ac                HAL_PCDEx_SetTxFiFo
 .text.HAL_PCDEx_SetRxFiFo
                0x000000000800663a       0x22 ./Drivers/STM32F4xx_HAL_Driver/Src/stm32f4xx_hal_pcd_ex.o
                0x000000000800663a                HAL_PCDEx_SetRxFiFo
 .text.HAL_PCDEx_LPM_Callback
                0x000000000800665c       0x18 ./Drivers/STM32F4xx_HAL_Driver/Src/stm32f4xx_hal_pcd_ex.o
                0x000000000800665c                HAL_PCDEx_LPM_Callback
 .text.HAL_RCC_OscConfig
                0x0000000008006674      0x4f0 ./Drivers/STM32F4xx_HAL_Driver/Src/stm32f4xx_hal_rcc.o
                0x0000000008006674                HAL_RCC_OscConfig
 .text.HAL_RCC_ClockConfig
                0x0000000008006b64      0x1cc ./Drivers/STM32F4xx_HAL_Driver/Src/stm32f4xx_hal_rcc.o
                0x0000000008006b64                HAL_RCC_ClockConfig
 .text.HAL_RCC_GetSysClockFreq
                0x0000000008006d30      0x18c ./Drivers/STM32F4xx_HAL_Driver/Src/stm32f4xx_hal_rcc.o
                0x0000000008006d30                HAL_RCC_GetSysClockFreq
 .text.HAL_RCC_GetHCLKFreq
                0x0000000008006ebc       0x18 ./Drivers/STM32F4xx_HAL_Driver/Src/stm32f4xx_hal_rcc.o
                0x0000000008006ebc                HAL_RCC_GetHCLKFreq
 .text.HAL_RCC_GetPCLK1Freq
                0x0000000008006ed4       0x28 ./Drivers/STM32F4xx_HAL_Driver/Src/stm32f4xx_hal_rcc.o
                0x0000000008006ed4                HAL_RCC_GetPCLK1Freq
 .text.HAL_RCC_GetPCLK2Freq
                0x0000000008006efc       0x28 ./Drivers/STM32F4xx_HAL_Driver/Src/stm32f4xx_hal_rcc.o
                0x0000000008006efc                HAL_RCC_GetPCLK2Freq
 .text.HAL_SD_Init
                0x0000000008006f24       0x60 ./Drivers/STM32F4xx_HAL_Driver/Src/stm32f4xx_hal_sd.o
                0x0000000008006f24                HAL_SD_Init
 .text.HAL_SD_InitCard
                0x0000000008006f84      0x100 ./Drivers/STM32F4xx_HAL_Driver/Src/stm32f4xx_hal_sd.o
                0x0000000008006f84                HAL_SD_InitCard
 .text.HAL_SD_ReadBlocks_DMA
                0x0000000008007084      0x1c4 ./Drivers/STM32F4xx_HAL_Driver/Src/stm32f4xx_hal_sd.o
                0x0000000008007084                HAL_SD_ReadBlocks_DMA
 .text.HAL_SD_WriteBlocks_DMA
                0x0000000008007248      0x1cc ./Drivers/STM32F4xx_HAL_Driver/Src/stm32f4xx_hal_sd.o
                0x0000000008007248                HAL_SD_WriteBlocks_DMA
 .text.HAL_SD_IRQHandler
                0x0000000008007414      0x30c ./Drivers/STM32F4xx_HAL_Driver/Src/stm32f4xx_hal_sd.o
                0x0000000008007414                HAL_SD_IRQHandler
 .text.HAL_SD_ErrorCallback
                0x0000000008007720       0x14 ./Drivers/STM32F4xx_HAL_Driver/Src/stm32f4xx_hal_sd.o
                0x0000000008007720                HAL_SD_ErrorCallback
 .text.HAL_SD_GetCardCSD
                0x0000000008007734      0x348 ./Drivers/STM32F4xx_HAL_Driver/Src/stm32f4xx_hal_sd.o
                0x0000000008007734                HAL_SD_GetCardCSD
 .text.HAL_SD_GetCardInfo
                0x0000000008007a7c       0x58 ./Drivers/STM32F4xx_HAL_Driver/Src/stm32f4xx_hal_sd.o
                0x0000000008007a7c                HAL_SD_GetCardInfo
 .text.HAL_SD_ConfigWideBusOperation
                0x0000000008007ad4      0x134 ./Drivers/STM32F4xx_HAL_Driver/Src/stm32f4xx_hal_sd.o
                0x0000000008007ad4                HAL_SD_ConfigWideBusOperation
 .text.HAL_SD_GetCardState
                0x0000000008007c08       0x40 ./Drivers/STM32F4xx_HAL_Driver/Src/stm32f4xx_hal_sd.o
                0x0000000008007c08                HAL_SD_GetCardState
 .text.SD_DMATransmitCplt
                0x0000000008007c48       0x2a ./Drivers/STM32F4xx_HAL_Driver/Src/stm32f4xx_hal_sd.o
 .text.SD_DMAReceiveCplt
                0x0000000008007c72       0x70 ./Drivers/STM32F4xx_HAL_Driver/Src/stm32f4xx_hal_sd.o
 *fill*         0x0000000008007ce2        0x2 
 .text.SD_DMAError
                0x0000000008007ce4       0xa4 ./Drivers/STM32F4xx_HAL_Driver/Src/stm32f4xx_hal_sd.o
 .text.SD_DMATxAbort
                0x0000000008007d88       0x6e ./Drivers/STM32F4xx_HAL_Driver/Src/stm32f4xx_hal_sd.o
 .text.SD_DMARxAbort
                0x0000000008007df6       0x6e ./Drivers/STM32F4xx_HAL_Driver/Src/stm32f4xx_hal_sd.o
 .text.SD_InitCard
                0x0000000008007e64      0x19c ./Drivers/STM32F4xx_HAL_Driver/Src/stm32f4xx_hal_sd.o
 .text.SD_PowerON
                0x0000000008008000      0x11c ./Drivers/STM32F4xx_HAL_Driver/Src/stm32f4xx_hal_sd.o
 .text.SD_SendStatus
                0x000000000800811c       0x50 ./Drivers/STM32F4xx_HAL_Driver/Src/stm32f4xx_hal_sd.o
 .text.SD_WideBus_Enable
                0x000000000800816c       0x96 ./Drivers/STM32F4xx_HAL_Driver/Src/stm32f4xx_hal_sd.o
 .text.SD_WideBus_Disable
                0x0000000008008202       0x96 ./Drivers/STM32F4xx_HAL_Driver/Src/stm32f4xx_hal_sd.o
 .text.SD_FindSCR
                0x0000000008008298      0x1a6 ./Drivers/STM32F4xx_HAL_Driver/Src/stm32f4xx_hal_sd.o
 .text.SD_Read_IT
                0x000000000800843e       0xa2 ./Drivers/STM32F4xx_HAL_Driver/Src/stm32f4xx_hal_sd.o
 .text.SD_Write_IT
                0x00000000080084e0       0xaa ./Drivers/STM32F4xx_HAL_Driver/Src/stm32f4xx_hal_sd.o
 .text.HAL_TIM_Base_Init
                0x000000000800858a       0x9e ./Drivers/STM32F4xx_HAL_Driver/Src/stm32f4xx_hal_tim.o
                0x000000000800858a                HAL_TIM_Base_Init
 .text.HAL_TIM_Base_Start_IT
                0x0000000008008628       0xe0 ./Drivers/STM32F4xx_HAL_Driver/Src/stm32f4xx_hal_tim.o
                0x0000000008008628                HAL_TIM_Base_Start_IT
 .text.HAL_TIM_IRQHandler
                0x0000000008008708      0x210 ./Drivers/STM32F4xx_HAL_Driver/Src/stm32f4xx_hal_tim.o
                0x0000000008008708                HAL_TIM_IRQHandler
 .text.HAL_TIM_ConfigClockSource
                0x0000000008008918      0x18e ./Drivers/STM32F4xx_HAL_Driver/Src/stm32f4xx_hal_tim.o
                0x0000000008008918                HAL_TIM_ConfigClockSource
 .text.HAL_TIM_OC_DelayElapsedCallback
                0x0000000008008aa6       0x14 ./Drivers/STM32F4xx_HAL_Driver/Src/stm32f4xx_hal_tim.o
                0x0000000008008aa6                HAL_TIM_OC_DelayElapsedCallback
 .text.HAL_TIM_IC_CaptureCallback
                0x0000000008008aba       0x14 ./Drivers/STM32F4xx_HAL_Driver/Src/stm32f4xx_hal_tim.o
                0x0000000008008aba                HAL_TIM_IC_CaptureCallback
 .text.HAL_TIM_PWM_PulseFinishedCallback
                0x0000000008008ace       0x14 ./Drivers/STM32F4xx_HAL_Driver/Src/stm32f4xx_hal_tim.o
                0x0000000008008ace                HAL_TIM_PWM_PulseFinishedCallback
 .text.HAL_TIM_TriggerCallback
                0x0000000008008ae2       0x14 ./Drivers/STM32F4xx_HAL_Driver/Src/stm32f4xx_hal_tim.o
                0x0000000008008ae2                HAL_TIM_TriggerCallback
 *fill*         0x0000000008008af6        0x2 
 .text.TIM_Base_SetConfig
                0x0000000008008af8      0x140 ./Drivers/STM32F4xx_HAL_Driver/Src/stm32f4xx_hal_tim.o
                0x0000000008008af8                TIM_Base_SetConfig
 .text.TIM_TI1_ConfigInputStage
                0x0000000008008c38       0x5e ./Drivers/STM32F4xx_HAL_Driver/Src/stm32f4xx_hal_tim.o
 .text.TIM_TI2_ConfigInputStage
                0x0000000008008c96       0x60 ./Drivers/STM32F4xx_HAL_Driver/Src/stm32f4xx_hal_tim.o
 .text.TIM_ITRx_SetConfig
                0x0000000008008cf6       0x36 ./Drivers/STM32F4xx_HAL_Driver/Src/stm32f4xx_hal_tim.o
 .text.TIM_ETR_SetConfig
                0x0000000008008d2c       0x40 ./Drivers/STM32F4xx_HAL_Driver/Src/stm32f4xx_hal_tim.o
                0x0000000008008d2c                TIM_ETR_SetConfig
 .text.HAL_TIMEx_MasterConfigSynchronization
                0x0000000008008d6c       0xf8 ./Drivers/STM32F4xx_HAL_Driver/Src/stm32f4xx_hal_tim_ex.o
                0x0000000008008d6c                HAL_TIMEx_MasterConfigSynchronization
 .text.HAL_TIMEx_CommutCallback
                0x0000000008008e64       0x14 ./Drivers/STM32F4xx_HAL_Driver/Src/stm32f4xx_hal_tim_ex.o
                0x0000000008008e64                HAL_TIMEx_CommutCallback
 .text.HAL_TIMEx_BreakCallback
                0x0000000008008e78       0x14 ./Drivers/STM32F4xx_HAL_Driver/Src/stm32f4xx_hal_tim_ex.o
                0x0000000008008e78                HAL_TIMEx_BreakCallback
 .text.HAL_UART_Init
                0x0000000008008e8c       0x9a ./Drivers/STM32F4xx_HAL_Driver/Src/stm32f4xx_hal_uart.o
                0x0000000008008e8c                HAL_UART_Init
 .text.HAL_UART_Receive
                0x0000000008008f26      0x144 ./Drivers/STM32F4xx_HAL_Driver/Src/stm32f4xx_hal_uart.o
                0x0000000008008f26                HAL_UART_Receive
 *fill*         0x000000000800906a        0x2 
 .text.HAL_UART_IRQHandler
                0x000000000800906c      0x51c ./Drivers/STM32F4xx_HAL_Driver/Src/stm32f4xx_hal_uart.o
                0x000000000800906c                HAL_UART_IRQHandler
 .text.HAL_UART_TxCpltCallback
                0x0000000008009588       0x14 ./Drivers/STM32F4xx_HAL_Driver/Src/stm32f4xx_hal_uart.o
                0x0000000008009588                HAL_UART_TxCpltCallback
 .text.HAL_UART_RxCpltCallback
                0x000000000800959c       0x14 ./Drivers/STM32F4xx_HAL_Driver/Src/stm32f4xx_hal_uart.o
                0x000000000800959c                HAL_UART_RxCpltCallback
 .text.HAL_UART_ErrorCallback
                0x00000000080095b0       0x14 ./Drivers/STM32F4xx_HAL_Driver/Src/stm32f4xx_hal_uart.o
                0x00000000080095b0                HAL_UART_ErrorCallback
 .text.HAL_UARTEx_RxEventCallback
                0x00000000080095c4       0x18 ./Drivers/STM32F4xx_HAL_Driver/Src/stm32f4xx_hal_uart.o
                0x00000000080095c4                HAL_UARTEx_RxEventCallback
 .text.UART_WaitOnFlagUntilTimeout
                0x00000000080095dc       0xdc ./Drivers/STM32F4xx_HAL_Driver/Src/stm32f4xx_hal_uart.o
 .text.UART_EndRxTransfer
                0x00000000080096b8       0xc6 ./Drivers/STM32F4xx_HAL_Driver/Src/stm32f4xx_hal_uart.o
 .text.UART_DMAAbortOnError
                0x000000000800977e       0x28 ./Drivers/STM32F4xx_HAL_Driver/Src/stm32f4xx_hal_uart.o
 .text.UART_Transmit_IT
                0x00000000080097a6       0xa0 ./Drivers/STM32F4xx_HAL_Driver/Src/stm32f4xx_hal_uart.o
 .text.UART_EndTransmit_IT
                0x0000000008009846       0x30 ./Drivers/STM32F4xx_HAL_Driver/Src/stm32f4xx_hal_uart.o
 .text.UART_Receive_IT
                0x0000000008009876      0x176 ./Drivers/STM32F4xx_HAL_Driver/Src/stm32f4xx_hal_uart.o
 .text.UART_SetConfig
                0x00000000080099ec      0x4e8 ./Drivers/STM32F4xx_HAL_Driver/Src/stm32f4xx_hal_uart.o
 .text.SDIO_Init
                0x0000000008009ed4       0x56 ./Drivers/STM32F4xx_HAL_Driver/Src/stm32f4xx_ll_sdmmc.o
                0x0000000008009ed4                SDIO_Init
 .text.SDIO_ReadFIFO
                0x0000000008009f2a       0x1a ./Drivers/STM32F4xx_HAL_Driver/Src/stm32f4xx_ll_sdmmc.o
                0x0000000008009f2a                SDIO_ReadFIFO
 .text.SDIO_WriteFIFO
                0x0000000008009f44       0x22 ./Drivers/STM32F4xx_HAL_Driver/Src/stm32f4xx_ll_sdmmc.o
                0x0000000008009f44                SDIO_WriteFIFO
 .text.SDIO_PowerState_ON
                0x0000000008009f66       0x1c ./Drivers/STM32F4xx_HAL_Driver/Src/stm32f4xx_ll_sdmmc.o
                0x0000000008009f66                SDIO_PowerState_ON
 .text.SDIO_GetPowerState
                0x0000000008009f82       0x1c ./Drivers/STM32F4xx_HAL_Driver/Src/stm32f4xx_ll_sdmmc.o
                0x0000000008009f82                SDIO_GetPowerState
 .text.SDIO_SendCommand
                0x0000000008009f9e       0x54 ./Drivers/STM32F4xx_HAL_Driver/Src/stm32f4xx_ll_sdmmc.o
                0x0000000008009f9e                SDIO_SendCommand
 .text.SDIO_GetCommandResponse
                0x0000000008009ff2       0x1a ./Drivers/STM32F4xx_HAL_Driver/Src/stm32f4xx_ll_sdmmc.o
                0x0000000008009ff2                SDIO_GetCommandResponse
 .text.SDIO_GetResponse
                0x000000000800a00c       0x26 ./Drivers/STM32F4xx_HAL_Driver/Src/stm32f4xx_ll_sdmmc.o
                0x000000000800a00c                SDIO_GetResponse
 .text.SDIO_ConfigData
                0x000000000800a032       0x58 ./Drivers/STM32F4xx_HAL_Driver/Src/stm32f4xx_ll_sdmmc.o
                0x000000000800a032                SDIO_ConfigData
 .text.SDMMC_CmdBlockLength
                0x000000000800a08a       0x44 ./Drivers/STM32F4xx_HAL_Driver/Src/stm32f4xx_ll_sdmmc.o
                0x000000000800a08a                SDMMC_CmdBlockLength
 .text.SDMMC_CmdReadSingleBlock
                0x000000000800a0ce       0x44 ./Drivers/STM32F4xx_HAL_Driver/Src/stm32f4xx_ll_sdmmc.o
                0x000000000800a0ce                SDMMC_CmdReadSingleBlock
 .text.SDMMC_CmdReadMultiBlock
                0x000000000800a112       0x44 ./Drivers/STM32F4xx_HAL_Driver/Src/stm32f4xx_ll_sdmmc.o
                0x000000000800a112                SDMMC_CmdReadMultiBlock
 .text.SDMMC_CmdWriteSingleBlock
                0x000000000800a156       0x44 ./Drivers/STM32F4xx_HAL_Driver/Src/stm32f4xx_ll_sdmmc.o
                0x000000000800a156                SDMMC_CmdWriteSingleBlock
 .text.SDMMC_CmdWriteMultiBlock
                0x000000000800a19a       0x44 ./Drivers/STM32F4xx_HAL_Driver/Src/stm32f4xx_ll_sdmmc.o
                0x000000000800a19a                SDMMC_CmdWriteMultiBlock
 *fill*         0x000000000800a1de        0x2 
 .text.SDMMC_CmdStopTransfer
                0x000000000800a1e0       0x44 ./Drivers/STM32F4xx_HAL_Driver/Src/stm32f4xx_ll_sdmmc.o
                0x000000000800a1e0                SDMMC_CmdStopTransfer
 .text.SDMMC_CmdSelDesel
                0x000000000800a224       0x46 ./Drivers/STM32F4xx_HAL_Driver/Src/stm32f4xx_ll_sdmmc.o
                0x000000000800a224                SDMMC_CmdSelDesel
 .text.SDMMC_CmdGoIdleState
                0x000000000800a26a       0x3c ./Drivers/STM32F4xx_HAL_Driver/Src/stm32f4xx_ll_sdmmc.o
                0x000000000800a26a                SDMMC_CmdGoIdleState
 .text.SDMMC_CmdOperCond
                0x000000000800a2a6       0x3e ./Drivers/STM32F4xx_HAL_Driver/Src/stm32f4xx_ll_sdmmc.o
                0x000000000800a2a6                SDMMC_CmdOperCond
 .text.SDMMC_CmdAppCommand
                0x000000000800a2e4       0x44 ./Drivers/STM32F4xx_HAL_Driver/Src/stm32f4xx_ll_sdmmc.o
                0x000000000800a2e4                SDMMC_CmdAppCommand
 .text.SDMMC_CmdAppOperCommand
                0x000000000800a328       0x46 ./Drivers/STM32F4xx_HAL_Driver/Src/stm32f4xx_ll_sdmmc.o
                0x000000000800a328                SDMMC_CmdAppOperCommand
 .text.SDMMC_CmdBusWidth
                0x000000000800a36e       0x44 ./Drivers/STM32F4xx_HAL_Driver/Src/stm32f4xx_ll_sdmmc.o
                0x000000000800a36e                SDMMC_CmdBusWidth
 .text.SDMMC_CmdSendSCR
                0x000000000800a3b2       0x42 ./Drivers/STM32F4xx_HAL_Driver/Src/stm32f4xx_ll_sdmmc.o
                0x000000000800a3b2                SDMMC_CmdSendSCR
 .text.SDMMC_CmdSendCID
                0x000000000800a3f4       0x3c ./Drivers/STM32F4xx_HAL_Driver/Src/stm32f4xx_ll_sdmmc.o
                0x000000000800a3f4                SDMMC_CmdSendCID
 .text.SDMMC_CmdSendCSD
                0x000000000800a430       0x3e ./Drivers/STM32F4xx_HAL_Driver/Src/stm32f4xx_ll_sdmmc.o
                0x000000000800a430                SDMMC_CmdSendCSD
 .text.SDMMC_CmdSetRelAdd
                0x000000000800a46e       0x42 ./Drivers/STM32F4xx_HAL_Driver/Src/stm32f4xx_ll_sdmmc.o
                0x000000000800a46e                SDMMC_CmdSetRelAdd
 .text.SDMMC_CmdSendStatus
                0x000000000800a4b0       0x44 ./Drivers/STM32F4xx_HAL_Driver/Src/stm32f4xx_ll_sdmmc.o
                0x000000000800a4b0                SDMMC_CmdSendStatus
 .text.SDMMC_GetCmdResp1
                0x000000000800a4f4      0x1dc ./Drivers/STM32F4xx_HAL_Driver/Src/stm32f4xx_ll_sdmmc.o
                0x000000000800a4f4                SDMMC_GetCmdResp1
 .text.SDMMC_GetCmdResp2
                0x000000000800a6d0       0x90 ./Drivers/STM32F4xx_HAL_Driver/Src/stm32f4xx_ll_sdmmc.o
                0x000000000800a6d0                SDMMC_GetCmdResp2
 .text.SDMMC_GetCmdResp3
                0x000000000800a760       0x7c ./Drivers/STM32F4xx_HAL_Driver/Src/stm32f4xx_ll_sdmmc.o
                0x000000000800a760                SDMMC_GetCmdResp3
 .text.SDMMC_GetCmdResp6
                0x000000000800a7dc       0xec ./Drivers/STM32F4xx_HAL_Driver/Src/stm32f4xx_ll_sdmmc.o
                0x000000000800a7dc                SDMMC_GetCmdResp6
 .text.SDMMC_GetCmdResp7
                0x000000000800a8c8       0x9c ./Drivers/STM32F4xx_HAL_Driver/Src/stm32f4xx_ll_sdmmc.o
                0x000000000800a8c8                SDMMC_GetCmdResp7
 .text.SDMMC_GetCmdError
                0x000000000800a964       0x58 ./Drivers/STM32F4xx_HAL_Driver/Src/stm32f4xx_ll_sdmmc.o
 .text.USB_CoreInit
                0x000000000800a9bc       0xc2 ./Drivers/STM32F4xx_HAL_Driver/Src/stm32f4xx_ll_usb.o
                0x000000000800a9bc                USB_CoreInit
 *fill*         0x000000000800aa7e        0x2 
 .text.USB_SetTurnaroundTime
                0x000000000800aa80      0x144 ./Drivers/STM32F4xx_HAL_Driver/Src/stm32f4xx_ll_usb.o
                0x000000000800aa80                USB_SetTurnaroundTime
 .text.USB_EnableGlobalInt
                0x000000000800abc4       0x22 ./Drivers/STM32F4xx_HAL_Driver/Src/stm32f4xx_ll_usb.o
                0x000000000800abc4                USB_EnableGlobalInt
 .text.USB_DisableGlobalInt
                0x000000000800abe6       0x22 ./Drivers/STM32F4xx_HAL_Driver/Src/stm32f4xx_ll_usb.o
                0x000000000800abe6                USB_DisableGlobalInt
 .text.USB_SetCurrentMode
                0x000000000800ac08       0x98 ./Drivers/STM32F4xx_HAL_Driver/Src/stm32f4xx_ll_usb.o
                0x000000000800ac08                USB_SetCurrentMode
 .text.USB_DevInit
                0x000000000800aca0      0x2c8 ./Drivers/STM32F4xx_HAL_Driver/Src/stm32f4xx_ll_usb.o
                0x000000000800aca0                USB_DevInit
 .text.USB_FlushTxFifo
                0x000000000800af68       0x68 ./Drivers/STM32F4xx_HAL_Driver/Src/stm32f4xx_ll_usb.o
                0x000000000800af68                USB_FlushTxFifo
 .text.USB_FlushRxFifo
                0x000000000800afd0       0x60 ./Drivers/STM32F4xx_HAL_Driver/Src/stm32f4xx_ll_usb.o
                0x000000000800afd0                USB_FlushRxFifo
 .text.USB_SetDevSpeed
                0x000000000800b030       0x32 ./Drivers/STM32F4xx_HAL_Driver/Src/stm32f4xx_ll_usb.o
                0x000000000800b030                USB_SetDevSpeed
 .text.USB_GetDevSpeed
                0x000000000800b062       0x4a ./Drivers/STM32F4xx_HAL_Driver/Src/stm32f4xx_ll_usb.o
                0x000000000800b062                USB_GetDevSpeed
 .text.USB_ActivateEndpoint
                0x000000000800b0ac      0x10e ./Drivers/STM32F4xx_HAL_Driver/Src/stm32f4xx_ll_usb.o
                0x000000000800b0ac                USB_ActivateEndpoint
 *fill*         0x000000000800b1ba        0x2 
 .text.USB_DeactivateEndpoint
                0x000000000800b1bc      0x1b8 ./Drivers/STM32F4xx_HAL_Driver/Src/stm32f4xx_ll_usb.o
                0x000000000800b1bc                USB_DeactivateEndpoint
 .text.USB_EPStartXfer
                0x000000000800b374      0x490 ./Drivers/STM32F4xx_HAL_Driver/Src/stm32f4xx_ll_usb.o
                0x000000000800b374                USB_EPStartXfer
 .text.USB_EP0StartXfer
                0x000000000800b804      0x2b0 ./Drivers/STM32F4xx_HAL_Driver/Src/stm32f4xx_ll_usb.o
                0x000000000800b804                USB_EP0StartXfer
 .text.USB_EPStopXfer
                0x000000000800bab4      0x154 ./Drivers/STM32F4xx_HAL_Driver/Src/stm32f4xx_ll_usb.o
                0x000000000800bab4                USB_EPStopXfer
 .text.USB_WritePacket
                0x000000000800bc08       0x7c ./Drivers/STM32F4xx_HAL_Driver/Src/stm32f4xx_ll_usb.o
                0x000000000800bc08                USB_WritePacket
 .text.USB_ReadPacket
                0x000000000800bc84       0xb0 ./Drivers/STM32F4xx_HAL_Driver/Src/stm32f4xx_ll_usb.o
                0x000000000800bc84                USB_ReadPacket
 .text.USB_EPSetStall
                0x000000000800bd34       0xdc ./Drivers/STM32F4xx_HAL_Driver/Src/stm32f4xx_ll_usb.o
                0x000000000800bd34                USB_EPSetStall
 .text.USB_EPClearStall
                0x000000000800be10       0xcc ./Drivers/STM32F4xx_HAL_Driver/Src/stm32f4xx_ll_usb.o
                0x000000000800be10                USB_EPClearStall
 .text.USB_SetDevAddress
                0x000000000800bedc       0x4c ./Drivers/STM32F4xx_HAL_Driver/Src/stm32f4xx_ll_usb.o
                0x000000000800bedc                USB_SetDevAddress
 .text.USB_DevConnect
                0x000000000800bf28       0x42 ./Drivers/STM32F4xx_HAL_Driver/Src/stm32f4xx_ll_usb.o
                0x000000000800bf28                USB_DevConnect
 .text.USB_DevDisconnect
                0x000000000800bf6a       0x42 ./Drivers/STM32F4xx_HAL_Driver/Src/stm32f4xx_ll_usb.o
                0x000000000800bf6a                USB_DevDisconnect
 .text.USB_ReadInterrupts
                0x000000000800bfac       0x26 ./Drivers/STM32F4xx_HAL_Driver/Src/stm32f4xx_ll_usb.o
                0x000000000800bfac                USB_ReadInterrupts
 .text.USB_ReadDevAllOutEpInterrupt
                0x000000000800bfd2       0x34 ./Drivers/STM32F4xx_HAL_Driver/Src/stm32f4xx_ll_usb.o
                0x000000000800bfd2                USB_ReadDevAllOutEpInterrupt
 .text.USB_ReadDevAllInEpInterrupt
                0x000000000800c006       0x34 ./Drivers/STM32F4xx_HAL_Driver/Src/stm32f4xx_ll_usb.o
                0x000000000800c006                USB_ReadDevAllInEpInterrupt
 .text.USB_ReadDevOutEPInterrupt
                0x000000000800c03a       0x3c ./Drivers/STM32F4xx_HAL_Driver/Src/stm32f4xx_ll_usb.o
                0x000000000800c03a                USB_ReadDevOutEPInterrupt
 .text.USB_ReadDevInEPInterrupt
                0x000000000800c076       0x5c ./Drivers/STM32F4xx_HAL_Driver/Src/stm32f4xx_ll_usb.o
                0x000000000800c076                USB_ReadDevInEPInterrupt
 .text.USB_GetMode
                0x000000000800c0d2       0x1c ./Drivers/STM32F4xx_HAL_Driver/Src/stm32f4xx_ll_usb.o
                0x000000000800c0d2                USB_GetMode
 .text.USB_ActivateSetup
                0x000000000800c0ee       0x46 ./Drivers/STM32F4xx_HAL_Driver/Src/stm32f4xx_ll_usb.o
                0x000000000800c0ee                USB_ActivateSetup
 .text.USB_EP0_OutStart
                0x000000000800c134       0xbc ./Drivers/STM32F4xx_HAL_Driver/Src/stm32f4xx_ll_usb.o
                0x000000000800c134                USB_EP0_OutStart
 .text.USB_CoreReset
                0x000000000800c1f0       0x68 ./Drivers/STM32F4xx_HAL_Driver/Src/stm32f4xx_ll_usb.o
 .text.MX_FATFS_Init
                0x000000000800c258       0x24 ./FATFS/App/fatfs.o
                0x000000000800c258                MX_FATFS_Init
 .text.get_fattime
                0x000000000800c27c       0x10 ./FATFS/App/fatfs.o
                0x000000000800c27c                get_fattime
 .text.BSP_SD_Init
                0x000000000800c28c       0x4c ./FATFS/Target/bsp_driver_sd.o
                0x000000000800c28c                BSP_SD_Init
 .text.BSP_SD_ReadBlocks_DMA
                0x000000000800c2d8       0x34 ./FATFS/Target/bsp_driver_sd.o
                0x000000000800c2d8                BSP_SD_ReadBlocks_DMA
 .text.BSP_SD_WriteBlocks_DMA
                0x000000000800c30c       0x34 ./FATFS/Target/bsp_driver_sd.o
                0x000000000800c30c                BSP_SD_WriteBlocks_DMA
 .text.BSP_SD_GetCardState
                0x000000000800c340       0x20 ./FATFS/Target/bsp_driver_sd.o
                0x000000000800c340                BSP_SD_GetCardState
 .text.BSP_SD_GetCardInfo
                0x000000000800c360       0x1c ./FATFS/Target/bsp_driver_sd.o
                0x000000000800c360                BSP_SD_GetCardInfo
 .text.HAL_SD_AbortCallback
                0x000000000800c37c       0x14 ./FATFS/Target/bsp_driver_sd.o
                0x000000000800c37c                HAL_SD_AbortCallback
 .text.HAL_SD_TxCpltCallback
                0x000000000800c390       0x14 ./FATFS/Target/bsp_driver_sd.o
                0x000000000800c390                HAL_SD_TxCpltCallback
 .text.HAL_SD_RxCpltCallback
                0x000000000800c3a4       0x14 ./FATFS/Target/bsp_driver_sd.o
                0x000000000800c3a4                HAL_SD_RxCpltCallback
 .text.BSP_SD_AbortCallback
                0x000000000800c3b8        0xe ./FATFS/Target/bsp_driver_sd.o
                0x000000000800c3b8                BSP_SD_AbortCallback
 .text.BSP_SD_IsDetected
                0x000000000800c3c6       0x24 ./FATFS/Target/bsp_driver_sd.o
                0x000000000800c3c6                BSP_SD_IsDetected
 *fill*         0x000000000800c3ea        0x2 
 .text.BSP_PlatformIsDetected
                0x000000000800c3ec       0x2c ./FATFS/Target/fatfs_platform.o
                0x000000000800c3ec                BSP_PlatformIsDetected
 .text.SD_CheckStatusWithTimeout
                0x000000000800c418       0x3a ./FATFS/Target/sd_diskio.o
 *fill*         0x000000000800c452        0x2 
 .text.SD_CheckStatus
                0x000000000800c454       0x3c ./FATFS/Target/sd_diskio.o
 .text.SD_initialize
                0x000000000800c490       0x38 ./FATFS/Target/sd_diskio.o
                0x000000000800c490                SD_initialize
 .text.SD_status
                0x000000000800c4c8       0x1c ./FATFS/Target/sd_diskio.o
                0x000000000800c4c8                SD_status
 .text.SD_read  0x000000000800c4e4       0xac ./FATFS/Target/sd_diskio.o
                0x000000000800c4e4                SD_read
 .text.SD_write
                0x000000000800c590       0xac ./FATFS/Target/sd_diskio.o
                0x000000000800c590                SD_write
 .text.SD_ioctl
                0x000000000800c63c       0xb0 ./FATFS/Target/sd_diskio.o
                0x000000000800c63c                SD_ioctl
 .text.BSP_SD_WriteCpltCallback
                0x000000000800c6ec       0x18 ./FATFS/Target/sd_diskio.o
                0x000000000800c6ec                BSP_SD_WriteCpltCallback
 .text.BSP_SD_ReadCpltCallback
                0x000000000800c704       0x18 ./FATFS/Target/sd_diskio.o
                0x000000000800c704                BSP_SD_ReadCpltCallback
 .text.USBD_CDC_Init
                0x000000000800c71c      0x1f0 ./Middlewares/ST/STM32_USB_Device_Library/Class/CDC/Src/usbd_cdc.o
 .text.USBD_CDC_DeInit
                0x000000000800c90c      0x104 ./Middlewares/ST/STM32_USB_Device_Library/Class/CDC/Src/usbd_cdc.o
 .text.USBD_CDC_Setup
                0x000000000800ca10      0x1b8 ./Middlewares/ST/STM32_USB_Device_Library/Class/CDC/Src/usbd_cdc.o
 .text.USBD_CDC_DataIn
                0x000000000800cbc8       0xfe ./Middlewares/ST/STM32_USB_Device_Library/Class/CDC/Src/usbd_cdc.o
 .text.USBD_CDC_DataOut
                0x000000000800ccc6       0x70 ./Middlewares/ST/STM32_USB_Device_Library/Class/CDC/Src/usbd_cdc.o
 .text.USBD_CDC_EP0_RxReady
                0x000000000800cd36       0x76 ./Middlewares/ST/STM32_USB_Device_Library/Class/CDC/Src/usbd_cdc.o
 .text.USBD_CDC_GetFSCfgDesc
                0x000000000800cdac       0x70 ./Middlewares/ST/STM32_USB_Device_Library/Class/CDC/Src/usbd_cdc.o
 .text.USBD_CDC_GetHSCfgDesc
                0x000000000800ce1c       0x70 ./Middlewares/ST/STM32_USB_Device_Library/Class/CDC/Src/usbd_cdc.o
 .text.USBD_CDC_GetOtherSpeedCfgDesc
                0x000000000800ce8c       0x70 ./Middlewares/ST/STM32_USB_Device_Library/Class/CDC/Src/usbd_cdc.o
 .text.USBD_CDC_GetDeviceQualifierDescriptor
                0x000000000800cefc       0x20 ./Middlewares/ST/STM32_USB_Device_Library/Class/CDC/Src/usbd_cdc.o
                0x000000000800cefc                USBD_CDC_GetDeviceQualifierDescriptor
 .text.USBD_CDC_RegisterInterface
                0x000000000800cf1c       0x34 ./Middlewares/ST/STM32_USB_Device_Library/Class/CDC/Src/usbd_cdc.o
                0x000000000800cf1c                USBD_CDC_RegisterInterface
 .text.USBD_CDC_SetTxBuffer
                0x000000000800cf50       0x44 ./Middlewares/ST/STM32_USB_Device_Library/Class/CDC/Src/usbd_cdc.o
                0x000000000800cf50                USBD_CDC_SetTxBuffer
 .text.USBD_CDC_SetRxBuffer
                0x000000000800cf94       0x3a ./Middlewares/ST/STM32_USB_Device_Library/Class/CDC/Src/usbd_cdc.o
                0x000000000800cf94                USBD_CDC_SetRxBuffer
 *fill*         0x000000000800cfce        0x2 
 .text.USBD_CDC_TransmitPacket
                0x000000000800cfd0       0x8c ./Middlewares/ST/STM32_USB_Device_Library/Class/CDC/Src/usbd_cdc.o
                0x000000000800cfd0                USBD_CDC_TransmitPacket
 .text.USBD_CDC_ReceivePacket
                0x000000000800d05c       0x6c ./Middlewares/ST/STM32_USB_Device_Library/Class/CDC/Src/usbd_cdc.o
                0x000000000800d05c                USBD_CDC_ReceivePacket
 .text.USBD_Init
                0x000000000800d0c8       0x60 ./Middlewares/ST/STM32_USB_Device_Library/Core/Src/usbd_core.o
                0x000000000800d0c8                USBD_Init
 .text.USBD_RegisterClass
                0x000000000800d128       0x6c ./Middlewares/ST/STM32_USB_Device_Library/Core/Src/usbd_core.o
                0x000000000800d128                USBD_RegisterClass
 .text.USBD_Start
                0x000000000800d194       0x18 ./Middlewares/ST/STM32_USB_Device_Library/Core/Src/usbd_core.o
                0x000000000800d194                USBD_Start
 .text.USBD_RunTestMode
                0x000000000800d1ac       0x16 ./Middlewares/ST/STM32_USB_Device_Library/Core/Src/usbd_core.o
                0x000000000800d1ac                USBD_RunTestMode
 .text.USBD_SetClassConfig
                0x000000000800d1c2       0x38 ./Middlewares/ST/STM32_USB_Device_Library/Core/Src/usbd_core.o
                0x000000000800d1c2                USBD_SetClassConfig
 .text.USBD_ClrClassConfig
                0x000000000800d1fa       0x34 ./Middlewares/ST/STM32_USB_Device_Library/Core/Src/usbd_core.o
                0x000000000800d1fa                USBD_ClrClassConfig
 .text.USBD_LL_SetupStage
                0x000000000800d22e       0xaa ./Middlewares/ST/STM32_USB_Device_Library/Core/Src/usbd_core.o
                0x000000000800d22e                USBD_LL_SetupStage
 .text.USBD_LL_DataOutStage
                0x000000000800d2d8      0x166 ./Middlewares/ST/STM32_USB_Device_Library/Core/Src/usbd_core.o
                0x000000000800d2d8                USBD_LL_DataOutStage
 .text.USBD_LL_DataInStage
                0x000000000800d43e      0x164 ./Middlewares/ST/STM32_USB_Device_Library/Core/Src/usbd_core.o
                0x000000000800d43e                USBD_LL_DataInStage
 .text.USBD_LL_Reset
                0x000000000800d5a2       0xa4 ./Middlewares/ST/STM32_USB_Device_Library/Core/Src/usbd_core.o
                0x000000000800d5a2                USBD_LL_Reset
 .text.USBD_LL_SetSpeed
                0x000000000800d646       0x20 ./Middlewares/ST/STM32_USB_Device_Library/Core/Src/usbd_core.o
                0x000000000800d646                USBD_LL_SetSpeed
 .text.USBD_LL_Suspend
                0x000000000800d666       0x2c ./Middlewares/ST/STM32_USB_Device_Library/Core/Src/usbd_core.o
                0x000000000800d666                USBD_LL_Suspend
 .text.USBD_LL_Resume
                0x000000000800d692       0x30 ./Middlewares/ST/STM32_USB_Device_Library/Core/Src/usbd_core.o
                0x000000000800d692                USBD_LL_Resume
 .text.USBD_LL_SOF
                0x000000000800d6c2       0x40 ./Middlewares/ST/STM32_USB_Device_Library/Core/Src/usbd_core.o
                0x000000000800d6c2                USBD_LL_SOF
 .text.USBD_LL_IsoINIncomplete
                0x000000000800d702       0x64 ./Middlewares/ST/STM32_USB_Device_Library/Core/Src/usbd_core.o
                0x000000000800d702                USBD_LL_IsoINIncomplete
 .text.USBD_LL_IsoOUTIncomplete
                0x000000000800d766       0x64 ./Middlewares/ST/STM32_USB_Device_Library/Core/Src/usbd_core.o
                0x000000000800d766                USBD_LL_IsoOUTIncomplete
 .text.USBD_LL_DevConnected
                0x000000000800d7ca       0x16 ./Middlewares/ST/STM32_USB_Device_Library/Core/Src/usbd_core.o
                0x000000000800d7ca                USBD_LL_DevConnected
 .text.USBD_LL_DevDisconnected
                0x000000000800d7e0       0x46 ./Middlewares/ST/STM32_USB_Device_Library/Core/Src/usbd_core.o
                0x000000000800d7e0                USBD_LL_DevDisconnected
 .text.USBD_CoreFindIF
                0x000000000800d826       0x1a ./Middlewares/ST/STM32_USB_Device_Library/Core/Src/usbd_core.o
                0x000000000800d826                USBD_CoreFindIF
 .text.USBD_CoreFindEP
                0x000000000800d840       0x1a ./Middlewares/ST/STM32_USB_Device_Library/Core/Src/usbd_core.o
                0x000000000800d840                USBD_CoreFindEP
 .text.USBD_GetEpDesc
                0x000000000800d85a       0x74 ./Middlewares/ST/STM32_USB_Device_Library/Core/Src/usbd_core.o
                0x000000000800d85a                USBD_GetEpDesc
 .text.USBD_GetNextDesc
                0x000000000800d8ce       0x3a ./Middlewares/ST/STM32_USB_Device_Library/Core/Src/usbd_core.o
                0x000000000800d8ce                USBD_GetNextDesc
 .text.SWAPBYTE
                0x000000000800d908       0x3c ./Middlewares/ST/STM32_USB_Device_Library/Core/Src/usbd_ctlreq.o
 .text.USBD_StdDevReq
                0x000000000800d944       0xe4 ./Middlewares/ST/STM32_USB_Device_Library/Core/Src/usbd_ctlreq.o
                0x000000000800d944                USBD_StdDevReq
 .text.USBD_StdItfReq
                0x000000000800da28       0xd8 ./Middlewares/ST/STM32_USB_Device_Library/Core/Src/usbd_ctlreq.o
                0x000000000800da28                USBD_StdItfReq
 .text.USBD_StdEPReq
                0x000000000800db00      0x33a ./Middlewares/ST/STM32_USB_Device_Library/Core/Src/usbd_ctlreq.o
                0x000000000800db00                USBD_StdEPReq
 *fill*         0x000000000800de3a        0x2 
 .text.USBD_GetDescriptor
                0x000000000800de3c      0x2d4 ./Middlewares/ST/STM32_USB_Device_Library/Core/Src/usbd_ctlreq.o
 .text.USBD_SetAddress
                0x000000000800e110       0x88 ./Middlewares/ST/STM32_USB_Device_Library/Core/Src/usbd_ctlreq.o
 .text.USBD_SetConfig
                0x000000000800e198      0x154 ./Middlewares/ST/STM32_USB_Device_Library/Core/Src/usbd_ctlreq.o
 .text.USBD_GetConfig
                0x000000000800e2ec       0x6c ./Middlewares/ST/STM32_USB_Device_Library/Core/Src/usbd_ctlreq.o
 .text.USBD_GetStatus
                0x000000000800e358       0x68 ./Middlewares/ST/STM32_USB_Device_Library/Core/Src/usbd_ctlreq.o
 .text.USBD_SetFeature
                0x000000000800e3c0       0x52 ./Middlewares/ST/STM32_USB_Device_Library/Core/Src/usbd_ctlreq.o
 .text.USBD_ClrFeature
                0x000000000800e412       0x44 ./Middlewares/ST/STM32_USB_Device_Library/Core/Src/usbd_ctlreq.o
 .text.USBD_ParseSetupRequest
                0x000000000800e456       0x74 ./Middlewares/ST/STM32_USB_Device_Library/Core/Src/usbd_ctlreq.o
                0x000000000800e456                USBD_ParseSetupRequest
 .text.USBD_CtlError
                0x000000000800e4ca       0x22 ./Middlewares/ST/STM32_USB_Device_Library/Core/Src/usbd_ctlreq.o
                0x000000000800e4ca                USBD_CtlError
 .text.USBD_GetString
                0x000000000800e4ec       0x8c ./Middlewares/ST/STM32_USB_Device_Library/Core/Src/usbd_ctlreq.o
                0x000000000800e4ec                USBD_GetString
 .text.USBD_GetLen
                0x000000000800e578       0x34 ./Middlewares/ST/STM32_USB_Device_Library/Core/Src/usbd_ctlreq.o
 .text.USBD_CtlSendData
                0x000000000800e5ac       0x36 ./Middlewares/ST/STM32_USB_Device_Library/Core/Src/usbd_ioreq.o
                0x000000000800e5ac                USBD_CtlSendData
 .text.USBD_CtlContinueSendData
                0x000000000800e5e2       0x22 ./Middlewares/ST/STM32_USB_Device_Library/Core/Src/usbd_ioreq.o
                0x000000000800e5e2                USBD_CtlContinueSendData
 .text.USBD_CtlPrepareRx
                0x000000000800e604       0x3a ./Middlewares/ST/STM32_USB_Device_Library/Core/Src/usbd_ioreq.o
                0x000000000800e604                USBD_CtlPrepareRx
 .text.USBD_CtlContinueRx
                0x000000000800e63e       0x22 ./Middlewares/ST/STM32_USB_Device_Library/Core/Src/usbd_ioreq.o
                0x000000000800e63e                USBD_CtlContinueRx
 .text.USBD_CtlSendStatus
                0x000000000800e660       0x26 ./Middlewares/ST/STM32_USB_Device_Library/Core/Src/usbd_ioreq.o
                0x000000000800e660                USBD_CtlSendStatus
 .text.USBD_CtlReceiveStatus
                0x000000000800e686       0x26 ./Middlewares/ST/STM32_USB_Device_Library/Core/Src/usbd_ioreq.o
                0x000000000800e686                USBD_CtlReceiveStatus
 .text.disk_status
                0x000000000800e6ac       0x34 ./Middlewares/Third_Party/FatFs/src/diskio.o
                0x000000000800e6ac                disk_status
 .text.disk_initialize
                0x000000000800e6e0       0x4c ./Middlewares/Third_Party/FatFs/src/diskio.o
                0x000000000800e6e0                disk_initialize
 .text.disk_read
                0x000000000800e72c       0x40 ./Middlewares/Third_Party/FatFs/src/diskio.o
                0x000000000800e72c                disk_read
 .text.disk_write
                0x000000000800e76c       0x40 ./Middlewares/Third_Party/FatFs/src/diskio.o
                0x000000000800e76c                disk_write
 .text.disk_ioctl
                0x000000000800e7ac       0x3c ./Middlewares/Third_Party/FatFs/src/diskio.o
                0x000000000800e7ac                disk_ioctl
 .text.ld_word  0x000000000800e7e8       0x30 ./Middlewares/Third_Party/FatFs/src/ff.o
 .text.ld_dword
                0x000000000800e818       0x46 ./Middlewares/Third_Party/FatFs/src/ff.o
 .text.st_word  0x000000000800e85e       0x36 ./Middlewares/Third_Party/FatFs/src/ff.o
 .text.st_dword
                0x000000000800e894       0x58 ./Middlewares/Third_Party/FatFs/src/ff.o
 .text.mem_cpy  0x000000000800e8ec       0x42 ./Middlewares/Third_Party/FatFs/src/ff.o
 .text.mem_set  0x000000000800e92e       0x36 ./Middlewares/Third_Party/FatFs/src/ff.o
 .text.mem_cmp  0x000000000800e964       0x4e ./Middlewares/Third_Party/FatFs/src/ff.o
 .text.chk_chr  0x000000000800e9b2       0x36 ./Middlewares/Third_Party/FatFs/src/ff.o
 .text.chk_lock
                0x000000000800e9e8       0xb8 ./Middlewares/Third_Party/FatFs/src/ff.o
 .text.enq_lock
                0x000000000800eaa0       0x44 ./Middlewares/Third_Party/FatFs/src/ff.o
 .text.inc_lock
                0x000000000800eae4      0x11c ./Middlewares/Third_Party/FatFs/src/ff.o
 .text.dec_lock
                0x000000000800ec00       0x78 ./Middlewares/Third_Party/FatFs/src/ff.o
 .text.clear_lock
                0x000000000800ec78       0x48 ./Middlewares/Third_Party/FatFs/src/ff.o
 .text.sync_window
                0x000000000800ecc0       0x88 ./Middlewares/Third_Party/FatFs/src/ff.o
 .text.move_window
                0x000000000800ed48       0x5a ./Middlewares/Third_Party/FatFs/src/ff.o
 *fill*         0x000000000800eda2        0x2 
 .text.sync_fs  0x000000000800eda4       0xe0 ./Middlewares/Third_Party/FatFs/src/ff.o
 .text.clust2sect
                0x000000000800ee84       0x3e ./Middlewares/Third_Party/FatFs/src/ff.o
 .text.get_fat  0x000000000800eec2      0x1a8 ./Middlewares/Third_Party/FatFs/src/ff.o
 .text.put_fat  0x000000000800f06a      0x234 ./Middlewares/Third_Party/FatFs/src/ff.o
 .text.remove_chain
                0x000000000800f29e       0xca ./Middlewares/Third_Party/FatFs/src/ff.o
 .text.create_chain
                0x000000000800f368      0x130 ./Middlewares/Third_Party/FatFs/src/ff.o
 .text.clmt_clust
                0x000000000800f498       0x70 ./Middlewares/Third_Party/FatFs/src/ff.o
 .text.dir_sdi  0x000000000800f508      0x112 ./Middlewares/Third_Party/FatFs/src/ff.o
 .text.dir_next
                0x000000000800f61a      0x1ac ./Middlewares/Third_Party/FatFs/src/ff.o
 .text.dir_alloc
                0x000000000800f7c6       0x8e ./Middlewares/Third_Party/FatFs/src/ff.o
 .text.ld_clust
                0x000000000800f854       0x3e ./Middlewares/Third_Party/FatFs/src/ff.o
 .text.st_clust
                0x000000000800f892       0x40 ./Middlewares/Third_Party/FatFs/src/ff.o
 .text.dir_find
                0x000000000800f8d2       0xaa ./Middlewares/Third_Party/FatFs/src/ff.o
 .text.dir_register
                0x000000000800f97c       0x64 ./Middlewares/Third_Party/FatFs/src/ff.o
 .text.create_name
                0x000000000800f9e0      0x128 ./Middlewares/Third_Party/FatFs/src/ff.o
 .text.follow_path
                0x000000000800fb08       0xec ./Middlewares/Third_Party/FatFs/src/ff.o
 .text.get_ldnumber
                0x000000000800fbf4       0x88 ./Middlewares/Third_Party/FatFs/src/ff.o
 .text.check_fs
                0x000000000800fc7c       0xac ./Middlewares/Third_Party/FatFs/src/ff.o
 .text.find_volume
                0x000000000800fd28      0x500 ./Middlewares/Third_Party/FatFs/src/ff.o
 .text.validate
                0x0000000008010228       0x6a ./Middlewares/Third_Party/FatFs/src/ff.o
 *fill*         0x0000000008010292        0x2 
 .text.f_mount  0x0000000008010294       0x8c ./Middlewares/Third_Party/FatFs/src/ff.o
                0x0000000008010294                f_mount
 .text.f_open   0x0000000008010320      0x398 ./Middlewares/Third_Party/FatFs/src/ff.o
                0x0000000008010320                f_open
 .text.f_write  0x00000000080106b8      0x328 ./Middlewares/Third_Party/FatFs/src/ff.o
                0x00000000080106b8                f_write
 .text.f_sync   0x00000000080109e0       0xfc ./Middlewares/Third_Party/FatFs/src/ff.o
                0x00000000080109e0                f_sync
 .text.f_close  0x0000000008010adc       0x54 ./Middlewares/Third_Party/FatFs/src/ff.o
                0x0000000008010adc                f_close
 .text.FATFS_LinkDriverEx
                0x0000000008010b30       0x98 ./Middlewares/Third_Party/FatFs/src/ff_gen_drv.o
                0x0000000008010b30                FATFS_LinkDriverEx
 .text.FATFS_LinkDriver
                0x0000000008010bc8       0x1e ./Middlewares/Third_Party/FatFs/src/ff_gen_drv.o
                0x0000000008010bc8                FATFS_LinkDriver
 *fill*         0x0000000008010be6        0x2 
 .text.MX_USB_DEVICE_Init
                0x0000000008010be8       0x60 ./USB_DEVICE/App/usb_device.o
                0x0000000008010be8                MX_USB_DEVICE_Init
 .text.CDC_Init_FS
                0x0000000008010c48       0x28 ./USB_DEVICE/App/usbd_cdc_if.o
 .text.CDC_DeInit_FS
                0x0000000008010c70       0x10 ./USB_DEVICE/App/usbd_cdc_if.o
 .text.CDC_Control_FS
                0x0000000008010c80       0xbc ./USB_DEVICE/App/usbd_cdc_if.o
 .text.CDC_Receive_FS
                0x0000000008010d3c       0x28 ./USB_DEVICE/App/usbd_cdc_if.o
 .text.CDC_Transmit_FS
                0x0000000008010d64       0x4c ./USB_DEVICE/App/usbd_cdc_if.o
                0x0000000008010d64                CDC_Transmit_FS
 .text.CDC_TransmitCplt_FS
                0x0000000008010db0       0x22 ./USB_DEVICE/App/usbd_cdc_if.o
 *fill*         0x0000000008010dd2        0x2 
 .text.USBD_FS_DeviceDescriptor
                0x0000000008010dd4       0x24 ./USB_DEVICE/App/usbd_desc.o
                0x0000000008010dd4                USBD_FS_DeviceDescriptor
 .text.USBD_FS_LangIDStrDescriptor
                0x0000000008010df8       0x24 ./USB_DEVICE/App/usbd_desc.o
                0x0000000008010df8                USBD_FS_LangIDStrDescriptor
 .text.USBD_FS_ProductStrDescriptor
                0x0000000008010e1c       0x3c ./USB_DEVICE/App/usbd_desc.o
                0x0000000008010e1c                USBD_FS_ProductStrDescriptor
 .text.USBD_FS_ManufacturerStrDescriptor
                0x0000000008010e58       0x28 ./USB_DEVICE/App/usbd_desc.o
                0x0000000008010e58                USBD_FS_ManufacturerStrDescriptor
 .text.USBD_FS_SerialStrDescriptor
                0x0000000008010e80       0x24 ./USB_DEVICE/App/usbd_desc.o
                0x0000000008010e80                USBD_FS_SerialStrDescriptor
 .text.USBD_FS_ConfigStrDescriptor
                0x0000000008010ea4       0x3c ./USB_DEVICE/App/usbd_desc.o
                0x0000000008010ea4                USBD_FS_ConfigStrDescriptor
 .text.USBD_FS_InterfaceStrDescriptor
                0x0000000008010ee0       0x3c ./USB_DEVICE/App/usbd_desc.o
                0x0000000008010ee0                USBD_FS_InterfaceStrDescriptor
 .text.Get_SerialNum
                0x0000000008010f1c       0x58 ./USB_DEVICE/App/usbd_desc.o
 .text.IntToUnicode
                0x0000000008010f74       0x7e ./USB_DEVICE/App/usbd_desc.o
 *fill*         0x0000000008010ff2        0x2 
 .text.HAL_PCD_MspInit
                0x0000000008010ff4       0xa8 ./USB_DEVICE/Target/usbd_conf.o
                0x0000000008010ff4                HAL_PCD_MspInit
 .text.HAL_PCD_SetupStageCallback
                0x000000000801109c       0x24 ./USB_DEVICE/Target/usbd_conf.o
                0x000000000801109c                HAL_PCD_SetupStageCallback
 .text.HAL_PCD_DataOutStageCallback
                0x00000000080110c0       0x36 ./USB_DEVICE/Target/usbd_conf.o
                0x00000000080110c0                HAL_PCD_DataOutStageCallback
 .text.HAL_PCD_DataInStageCallback
                0x00000000080110f6       0x34 ./USB_DEVICE/Target/usbd_conf.o
                0x00000000080110f6                HAL_PCD_DataInStageCallback
 .text.HAL_PCD_SOFCallback
                0x000000000801112a       0x1c ./USB_DEVICE/Target/usbd_conf.o
                0x000000000801112a                HAL_PCD_SOFCallback
 .text.HAL_PCD_ResetCallback
                0x0000000008011146       0x50 ./USB_DEVICE/Target/usbd_conf.o
                0x0000000008011146                HAL_PCD_ResetCallback
 *fill*         0x0000000008011196        0x2 
 .text.HAL_PCD_SuspendCallback
                0x0000000008011198       0x4c ./USB_DEVICE/Target/usbd_conf.o
                0x0000000008011198                HAL_PCD_SuspendCallback
 .text.HAL_PCD_ResumeCallback
                0x00000000080111e4       0x1c ./USB_DEVICE/Target/usbd_conf.o
                0x00000000080111e4                HAL_PCD_ResumeCallback
 .text.HAL_PCD_ISOOUTIncompleteCallback
                0x0000000008011200       0x24 ./USB_DEVICE/Target/usbd_conf.o
                0x0000000008011200                HAL_PCD_ISOOUTIncompleteCallback
 .text.HAL_PCD_ISOINIncompleteCallback
                0x0000000008011224       0x24 ./USB_DEVICE/Target/usbd_conf.o
                0x0000000008011224                HAL_PCD_ISOINIncompleteCallback
 .text.HAL_PCD_ConnectCallback
                0x0000000008011248       0x1c ./USB_DEVICE/Target/usbd_conf.o
                0x0000000008011248                HAL_PCD_ConnectCallback
 .text.HAL_PCD_DisconnectCallback
                0x0000000008011264       0x1c ./USB_DEVICE/Target/usbd_conf.o
                0x0000000008011264                HAL_PCD_DisconnectCallback
 .text.USBD_LL_Init
                0x0000000008011280       0x98 ./USB_DEVICE/Target/usbd_conf.o
                0x0000000008011280                USBD_LL_Init
 .text.USBD_LL_Start
                0x0000000008011318       0x36 ./USB_DEVICE/Target/usbd_conf.o
                0x0000000008011318                USBD_LL_Start
 .text.USBD_LL_OpenEP
                0x000000000801134e       0x4c ./USB_DEVICE/Target/usbd_conf.o
                0x000000000801134e                USBD_LL_OpenEP
 .text.USBD_LL_CloseEP
                0x000000000801139a       0x3e ./USB_DEVICE/Target/usbd_conf.o
                0x000000000801139a                USBD_LL_CloseEP
 .text.USBD_LL_StallEP
                0x00000000080113d8       0x3e ./USB_DEVICE/Target/usbd_conf.o
                0x00000000080113d8                USBD_LL_StallEP
 .text.USBD_LL_ClearStallEP
                0x0000000008011416       0x3e ./USB_DEVICE/Target/usbd_conf.o
                0x0000000008011416                USBD_LL_ClearStallEP
 .text.USBD_LL_IsStallEP
                0x0000000008011454       0x58 ./USB_DEVICE/Target/usbd_conf.o
                0x0000000008011454                USBD_LL_IsStallEP
 .text.USBD_LL_SetUSBAddress
                0x00000000080114ac       0x3e ./USB_DEVICE/Target/usbd_conf.o
                0x00000000080114ac                USBD_LL_SetUSBAddress
 .text.USBD_LL_Transmit
                0x00000000080114ea       0x42 ./USB_DEVICE/Target/usbd_conf.o
                0x00000000080114ea                USBD_LL_Transmit
 .text.USBD_LL_PrepareReceive
                0x000000000801152c       0x42 ./USB_DEVICE/Target/usbd_conf.o
                0x000000000801152c                USBD_LL_PrepareReceive
 .text.USBD_LL_GetRxDataSize
                0x000000000801156e       0x26 ./USB_DEVICE/Target/usbd_conf.o
                0x000000000801156e                USBD_LL_GetRxDataSize
 .text.USBD_static_malloc
                0x0000000008011594       0x1c ./USB_DEVICE/Target/usbd_conf.o
                0x0000000008011594                USBD_static_malloc
 .text.USBD_static_free
                0x00000000080115b0       0x14 ./USB_DEVICE/Target/usbd_conf.o
                0x00000000080115b0                USBD_static_free
 .text.USBD_Get_USB_Status
                0x00000000080115c4       0x58 ./USB_DEVICE/Target/usbd_conf.o
                0x00000000080115c4                USBD_Get_USB_Status
 .text.__cvt    0x000000000801161c       0xc4 /Applications/STM32CubeIDE.app/Contents/Eclipse/plugins/com.st.stm32cube.ide.mcu.externaltools.gnu-tools-for-stm32.11.3.rel1.macos64_1.1.0.202305231506/tools/bin/../lib/gcc/arm-none-eabi/11.3.1/../../../../arm-none-eabi/lib/thumb/v7e-m+fp/hard/libc_nano.a(libc_a-nano-vfprintf_float.o)
                0x000000000801161c                __cvt
 .text.__exponent
                0x00000000080116e0       0x7c /Applications/STM32CubeIDE.app/Contents/Eclipse/plugins/com.st.stm32cube.ide.mcu.externaltools.gnu-tools-for-stm32.11.3.rel1.macos64_1.1.0.202305231506/tools/bin/../lib/gcc/arm-none-eabi/11.3.1/../../../../arm-none-eabi/lib/thumb/v7e-m+fp/hard/libc_nano.a(libc_a-nano-vfprintf_float.o)
                0x00000000080116e0                __exponent
 .text._printf_float
                0x000000000801175c      0x46c /Applications/STM32CubeIDE.app/Contents/Eclipse/plugins/com.st.stm32cube.ide.mcu.externaltools.gnu-tools-for-stm32.11.3.rel1.macos64_1.1.0.202305231506/tools/bin/../lib/gcc/arm-none-eabi/11.3.1/../../../../arm-none-eabi/lib/thumb/v7e-m+fp/hard/libc_nano.a(libc_a-nano-vfprintf_float.o)
                0x000000000801175c                _printf_float
 .text._printf_common
                0x0000000008011bc8       0xda /Applications/STM32CubeIDE.app/Contents/Eclipse/plugins/com.st.stm32cube.ide.mcu.externaltools.gnu-tools-for-stm32.11.3.rel1.macos64_1.1.0.202305231506/tools/bin/../lib/gcc/arm-none-eabi/11.3.1/../../../../arm-none-eabi/lib/thumb/v7e-m+fp/hard/libc_nano.a(libc_a-nano-vfprintf_i.o)
                0x0000000008011bc8                _printf_common
 *fill*         0x0000000008011ca2        0x2 
 .text._printf_i
                0x0000000008011ca4      0x244 /Applications/STM32CubeIDE.app/Contents/Eclipse/plugins/com.st.stm32cube.ide.mcu.externaltools.gnu-tools-for-stm32.11.3.rel1.macos64_1.1.0.202305231506/tools/bin/../lib/gcc/arm-none-eabi/11.3.1/../../../../arm-none-eabi/lib/thumb/v7e-m+fp/hard/libc_nano.a(libc_a-nano-vfprintf_i.o)
                0x0000000008011ca4                _printf_i
 .text.sprintf  0x0000000008011ee8       0x40 /Applications/STM32CubeIDE.app/Contents/Eclipse/plugins/com.st.stm32cube.ide.mcu.externaltools.gnu-tools-for-stm32.11.3.rel1.macos64_1.1.0.202305231506/tools/bin/../lib/gcc/arm-none-eabi/11.3.1/../../../../arm-none-eabi/lib/thumb/v7e-m+fp/hard/libc_nano.a(libc_a-sprintf.o)
                0x0000000008011ee8                sprintf
                0x0000000008011ee8                siprintf
 .text.std      0x0000000008011f28       0x48 /Applications/STM32CubeIDE.app/Contents/Eclipse/plugins/com.st.stm32cube.ide.mcu.externaltools.gnu-tools-for-stm32.11.3.rel1.macos64_1.1.0.202305231506/tools/bin/../lib/gcc/arm-none-eabi/11.3.1/../../../../arm-none-eabi/lib/thumb/v7e-m+fp/hard/libc_nano.a(libc_a-findfp.o)
 .text.stdio_exit_handler
                0x0000000008011f70       0x18 /Applications/STM32CubeIDE.app/Contents/Eclipse/plugins/com.st.stm32cube.ide.mcu.externaltools.gnu-tools-for-stm32.11.3.rel1.macos64_1.1.0.202305231506/tools/bin/../lib/gcc/arm-none-eabi/11.3.1/../../../../arm-none-eabi/lib/thumb/v7e-m+fp/hard/libc_nano.a(libc_a-findfp.o)
 .text.cleanup_stdio
                0x0000000008011f88       0x40 /Applications/STM32CubeIDE.app/Contents/Eclipse/plugins/com.st.stm32cube.ide.mcu.externaltools.gnu-tools-for-stm32.11.3.rel1.macos64_1.1.0.202305231506/tools/bin/../lib/gcc/arm-none-eabi/11.3.1/../../../../arm-none-eabi/lib/thumb/v7e-m+fp/hard/libc_nano.a(libc_a-findfp.o)
 .text.global_stdio_init.part.0
                0x0000000008011fc8       0x3c /Applications/STM32CubeIDE.app/Contents/Eclipse/plugins/com.st.stm32cube.ide.mcu.externaltools.gnu-tools-for-stm32.11.3.rel1.macos64_1.1.0.202305231506/tools/bin/../lib/gcc/arm-none-eabi/11.3.1/../../../../arm-none-eabi/lib/thumb/v7e-m+fp/hard/libc_nano.a(libc_a-findfp.o)
 .text.__sfp_lock_acquire
                0x0000000008012004        0xc /Applications/STM32CubeIDE.app/Contents/Eclipse/plugins/com.st.stm32cube.ide.mcu.externaltools.gnu-tools-for-stm32.11.3.rel1.macos64_1.1.0.202305231506/tools/bin/../lib/gcc/arm-none-eabi/11.3.1/../../../../arm-none-eabi/lib/thumb/v7e-m+fp/hard/libc_nano.a(libc_a-findfp.o)
                0x0000000008012004                __sfp_lock_acquire
 .text.__sfp_lock_release
                0x0000000008012010        0xc /Applications/STM32CubeIDE.app/Contents/Eclipse/plugins/com.st.stm32cube.ide.mcu.externaltools.gnu-tools-for-stm32.11.3.rel1.macos64_1.1.0.202305231506/tools/bin/../lib/gcc/arm-none-eabi/11.3.1/../../../../arm-none-eabi/lib/thumb/v7e-m+fp/hard/libc_nano.a(libc_a-findfp.o)
                0x0000000008012010                __sfp_lock_release
 .text.__sinit  0x000000000801201c       0x30 /Applications/STM32CubeIDE.app/Contents/Eclipse/plugins/com.st.stm32cube.ide.mcu.externaltools.gnu-tools-for-stm32.11.3.rel1.macos64_1.1.0.202305231506/tools/bin/../lib/gcc/arm-none-eabi/11.3.1/../../../../arm-none-eabi/lib/thumb/v7e-m+fp/hard/libc_nano.a(libc_a-findfp.o)
                0x000000000801201c                __sinit
 .text._fwalk_sglue
                0x000000000801204c       0x3c /Applications/STM32CubeIDE.app/Contents/Eclipse/plugins/com.st.stm32cube.ide.mcu.externaltools.gnu-tools-for-stm32.11.3.rel1.macos64_1.1.0.202305231506/tools/bin/../lib/gcc/arm-none-eabi/11.3.1/../../../../arm-none-eabi/lib/thumb/v7e-m+fp/hard/libc_nano.a(libc_a-fwalk.o)
                0x000000000801204c                _fwalk_sglue
 .text.memset   0x0000000008012088       0x10 /Applications/STM32CubeIDE.app/Contents/Eclipse/plugins/com.st.stm32cube.ide.mcu.externaltools.gnu-tools-for-stm32.11.3.rel1.macos64_1.1.0.202305231506/tools/bin/../lib/gcc/arm-none-eabi/11.3.1/../../../../arm-none-eabi/lib/thumb/v7e-m+fp/hard/libc_nano.a(libc_a-memset.o)
                0x0000000008012088                memset
 .text._localeconv_r
                0x0000000008012098        0x8 /Applications/STM32CubeIDE.app/Contents/Eclipse/plugins/com.st.stm32cube.ide.mcu.externaltools.gnu-tools-for-stm32.11.3.rel1.macos64_1.1.0.202305231506/tools/bin/../lib/gcc/arm-none-eabi/11.3.1/../../../../arm-none-eabi/lib/thumb/v7e-m+fp/hard/libc_nano.a(libc_a-localeconv.o)
                0x0000000008012098                _localeconv_r
 .text.__errno  0x00000000080120a0        0xc /Applications/STM32CubeIDE.app/Contents/Eclipse/plugins/com.st.stm32cube.ide.mcu.externaltools.gnu-tools-for-stm32.11.3.rel1.macos64_1.1.0.202305231506/tools/bin/../lib/gcc/arm-none-eabi/11.3.1/../../../../arm-none-eabi/lib/thumb/v7e-m+fp/hard/libc_nano.a(libc_a-errno.o)
                0x00000000080120a0                __errno
 .text.__libc_init_array
                0x00000000080120ac       0x48 /Applications/STM32CubeIDE.app/Contents/Eclipse/plugins/com.st.stm32cube.ide.mcu.externaltools.gnu-tools-for-stm32.11.3.rel1.macos64_1.1.0.202305231506/tools/bin/../lib/gcc/arm-none-eabi/11.3.1/../../../../arm-none-eabi/lib/thumb/v7e-m+fp/hard/libc_nano.a(libc_a-init.o)
                0x00000000080120ac                __libc_init_array
 .text.__retarget_lock_acquire_recursive
                0x00000000080120f4        0x2 /Applications/STM32CubeIDE.app/Contents/Eclipse/plugins/com.st.stm32cube.ide.mcu.externaltools.gnu-tools-for-stm32.11.3.rel1.macos64_1.1.0.202305231506/tools/bin/../lib/gcc/arm-none-eabi/11.3.1/../../../../arm-none-eabi/lib/thumb/v7e-m+fp/hard/libc_nano.a(libc_a-lock.o)