Archive member included to satisfy reference by file (symbol)

/Applications/STM32CubeIDE.app/Contents/Eclipse/plugins/com.st.stm32cube.ide.mcu.externaltools.gnu-tools-for-stm32.11.3.rel1.macos64_1.1.0.202305231506/tools/bin/../lib/gcc/arm-none-eabi/11.3.1/../../../../arm-none-eabi/lib/thumb/v7e-m+fp/hard/libc_nano.a(libc_a-exit.o)
                              /Applications/STM32CubeIDE.app/Contents/Eclipse/plugins/com.st.stm32cube.ide.mcu.externaltools.gnu-tools-for-stm32.11.3.rel1.macos64_1.1.0.202305231506/tools/bin/../lib/gcc/arm-none-eabi/11.3.1/../../../../arm-none-eabi/lib/thumb/v7e-m+fp/hard/crt0.o (exit)
/Applications/STM32CubeIDE.app/Contents/Eclipse/plugins/com.st.stm32cube.ide.mcu.externaltools.gnu-tools-for-stm32.11.3.rel1.macos64_1.1.0.202305231506/tools/bin/../lib/gcc/arm-none-eabi/11.3.1/../../../../arm-none-eabi/lib/thumb/v7e-m+fp/hard/libc_nano.a(libc_a-nano-vfprintf_float.o)
                              (_printf_float)
/Applications/STM32CubeIDE.app/Contents/Eclipse/plugins/com.st.stm32cube.ide.mcu.externaltools.gnu-tools-for-stm32.11.3.rel1.macos64_1.1.0.202305231506/tools/bin/../lib/gcc/arm-none-eabi/11.3.1/../../../../arm-none-eabi/lib/thumb/v7e-m+fp/hard/libc_nano.a(libc_a-nano-vfprintf_i.o)
                              /Applications/STM32CubeIDE.app/Contents/Eclipse/plugins/com.st.stm32cube.ide.mcu.externaltools.gnu-tools-for-stm32.11.3.rel1.macos64_1.1.0.202305231506/tools/bin/../lib/gcc/arm-none-eabi/11.3.1/../../../../arm-none-eabi/lib/thumb/v7e-m+fp/hard/libc_nano.a(libc_a-nano-vfprintf_float.o) (_printf_common)
/Applications/STM32CubeIDE.app/Contents/Eclipse/plugins/com.st.stm32cube.ide.mcu.externaltools.gnu-tools-for-stm32.11.3.rel1.macos64_1.1.0.202305231506/tools/bin/../lib/gcc/arm-none-eabi/11.3.1/../../../../arm-none-eabi/lib/thumb/v7e-m+fp/hard/libc_nano.a(libc_a-sprintf.o)
                              ./Core/Src/main.o (sprintf)
/Applications/STM32CubeIDE.app/Contents/Eclipse/plugins/com.st.stm32cube.ide.mcu.externaltools.gnu-tools-for-stm32.11.3.rel1.macos64_1.1.0.202305231506/tools/bin/../lib/gcc/arm-none-eabi/11.3.1/../../../../arm-none-eabi/lib/thumb/v7e-m+fp/hard/libc_nano.a(libc_a-findfp.o)
                              /Applications/STM32CubeIDE.app/Contents/Eclipse/plugins/com.st.stm32cube.ide.mcu.externaltools.gnu-tools-for-stm32.11.3.rel1.macos64_1.1.0.202305231506/tools/bin/../lib/gcc/arm-none-eabi/11.3.1/../../../../arm-none-eabi/lib/thumb/v7e-m+fp/hard/libc_nano.a(libc_a-exit.o) (__stdio_exit_handler)
/Applications/STM32CubeIDE.app/Contents/Eclipse/plugins/com.st.stm32cube.ide.mcu.externaltools.gnu-tools-for-stm32.11.3.rel1.macos64_1.1.0.202305231506/tools/bin/../lib/gcc/arm-none-eabi/11.3.1/../../../../arm-none-eabi/lib/thumb/v7e-m+fp/hard/libc_nano.a(libc_a-fwalk.o)
                              /Applications/STM32CubeIDE.app/Contents/Eclipse/plugins/com.st.stm32cube.ide.mcu.externaltools.gnu-tools-for-stm32.11.3.rel1.macos64_1.1.0.202305231506/tools/bin/../lib/gcc/arm-none-eabi/11.3.1/../../../../arm-none-eabi/lib/thumb/v7e-m+fp/hard/libc_nano.a(libc_a-findfp.o) (_fwalk_sglue)
/Applications/STM32CubeIDE.app/Contents/Eclipse/plugins/com.st.stm32cube.ide.mcu.externaltools.gnu-tools-for-stm32.11.3.rel1.macos64_1.1.0.202305231506/tools/bin/../lib/gcc/arm-none-eabi/11.3.1/../../../../arm-none-eabi/lib/thumb/v7e-m+fp/hard/libc_nano.a(libc_a-memset.o)
                              /Applications/STM32CubeIDE.app/Contents/Eclipse/plugins/com.st.stm32cube.ide.mcu.externaltools.gnu-tools-for-stm32.11.3.rel1.macos64_1.1.0.202305231506/tools/bin/../lib/gcc/arm-none-eabi/11.3.1/../../../../arm-none-eabi/lib/thumb/v7e-m+fp/hard/crt0.o (memset)
/Applications/STM32CubeIDE.app/Contents/Eclipse/plugins/com.st.stm32cube.ide.mcu.externaltools.gnu-tools-for-stm32.11.3.rel1.macos64_1.1.0.202305231506/tools/bin/../lib/gcc/arm-none-eabi/11.3.1/../../../../arm-none-eabi/lib/thumb/v7e-m+fp/hard/libc_nano.a(libc_a-localeconv.o)
                              /Applications/STM32CubeIDE.app/Contents/Eclipse/plugins/com.st.stm32cube.ide.mcu.externaltools.gnu-tools-for-stm32.11.3.rel1.macos64_1.1.0.202305231506/tools/bin/../lib/gcc/arm-none-eabi/11.3.1/../../../../arm-none-eabi/lib/thumb/v7e-m+fp/hard/libc_nano.a(libc_a-nano-vfprintf_float.o) (_localeconv_r)
/Applications/STM32CubeIDE.app/Contents/Eclipse/plugins/com.st.stm32cube.ide.mcu.externaltools.gnu-tools-for-stm32.11.3.rel1.macos64_1.1.0.202305231506/tools/bin/../lib/gcc/arm-none-eabi/11.3.1/../../../../arm-none-eabi/lib/thumb/v7e-m+fp/hard/libc_nano.a(libc_a-impure.o)
                              /Applications/STM32CubeIDE.app/Contents/Eclipse/plugins/com.st.stm32cube.ide.mcu.externaltools.gnu-tools-for-stm32.11.3.rel1.macos64_1.1.0.202305231506/tools/bin/../lib/gcc/arm-none-eabi/11.3.1/../../../../arm-none-eabi/lib/thumb/v7e-m+fp/hard/libc_nano.a(libc_a-sprintf.o) (_impure_ptr)
[...]
Memory Configuration

Name             Origin             Length             Attributes
CCMRAM           0x0000000010000000 0x0000000000010000 xrw
RAM              0x0000000020000000 0x0000000000020000 xrw
FLASH            0x0000000008000000 0x0000000000100000 xr
*default*        0x0000000000000000 0xffffffffffffffff

Linker script and memory map

LOAD /Applications/STM32CubeIDE.app/Contents/Eclipse/plugins/com.st.stm32cube.ide.mcu.externaltools.gnu-tools-for-stm32.11.3.rel1.macos64_1.1.0.202305231506/tools/bin/../lib/gcc/arm-none-eabi/11.3.1/thumb/v7e-m+fp/hard/crti.o
LOAD /Applications/STM32CubeIDE.app/Contents/Eclipse/plugins/com.st.stm32cube.ide.mcu.externaltools.gnu-tools-for-stm32.11.3.rel1.macos64_1.1.0.202305231506/tools/bin/../lib/gcc/arm-none-eabi/11.3.1/thumb/v7e-m+fp/hard/crtbegin.o
LOAD /Applications/STM32CubeIDE.app/Contents/Eclipse/plugins/com.st.stm32cube.ide.mcu.externaltools.gnu-tools-for-stm32.11.3.rel1.macos64_1.1.0.202305231506/tools/bin/../lib/gcc/arm-none-eabi/11.3.1/../../../../arm-none-eabi/lib/thumb/v7e-m+fp/hard/crt0.o
LOAD ./Core/Src/LIS3MDL.o
LOAD ./Core/Src/LSM6DSOX.o
LOAD ./Core/Src/main.o
LOAD ./Core/Src/stm32f4xx_hal_msp.o
LOAD ./Core/Src/stm32f4xx_it.o
LOAD ./Core/Src/syscalls.o
LOAD ./Core/Src/sysmem.o
LOAD ./Core/Src/system_stm32f4xx.o
LOAD ./Core/Startup/startup_stm32f405rgtx.o
LOAD ./Drivers/STM32F4xx_HAL_Driver/Src/stm32f4xx_hal.o
LOAD ./Drivers/STM32F4xx_HAL_Driver/Src/stm32f4xx_hal_cortex.o
LOAD ./Drivers/STM32F4xx_HAL_Driver/Src/stm32f4xx_hal_dma.o
LOAD ./Drivers/STM32F4xx_HAL_Driver/Src/stm32f4xx_hal_dma_ex.o
LOAD ./Drivers/STM32F4xx_HAL_Driver/Src/stm32f4xx_hal_exti.o
LOAD ./Drivers/STM32F4xx_HAL_Driver/Src/stm32f4xx_hal_flash.o
LOAD ./Drivers/STM32F4xx_HAL_Driver/Src/stm32f4xx_hal_flash_ex.o
LOAD ./Drivers/STM32F4xx_HAL_Driver/Src/stm32f4xx_hal_flash_ramfunc.o
LOAD ./Drivers/STM32F4xx_HAL_Driver/Src/stm32f4xx_hal_gpio.o
LOAD ./Drivers/STM32F4xx_HAL_Driver/Src/stm32f4xx_hal_i2c.o
LOAD ./Drivers/STM32F4xx_HAL_Driver/Src/stm32f4xx_hal_i2c_ex.o
LOAD ./Drivers/STM32F4xx_HAL_Driver/Src/stm32f4xx_hal_pcd.o
LOAD ./Drivers/STM32F4xx_HAL_Driver/Src/stm32f4xx_hal_pcd_ex.o
LOAD ./Drivers/STM32F4xx_HAL_Driver/Src/stm32f4xx_hal_pwr.o
LOAD ./Drivers/STM32F4xx_HAL_Driver/Src/stm32f4xx_hal_pwr_ex.o
LOAD ./Drivers/STM32F4xx_HAL_Driver/Src/stm32f4xx_hal_rcc.o
LOAD ./Drivers/STM32F4xx_HAL_Driver/Src/stm32f4xx_hal_rcc_ex.o
LOAD ./Drivers/STM32F4xx_HAL_Driver/Src/stm32f4xx_hal_sd.o
LOAD ./Drivers/STM32F4xx_HAL_Driver/Src/stm32f4xx_hal_tim.o
LOAD ./Drivers/STM32F4xx_HAL_Driver/Src/stm32f4xx_hal_tim_ex.o
LOAD ./Drivers/STM32F4xx_HAL_Driver/Src/stm32f4xx_hal_uart.o
LOAD ./Drivers/STM32F4xx_HAL_Driver/Src/stm32f4xx_ll_sdmmc.o
LOAD ./Drivers/STM32F4xx_HAL_Driver/Src/stm32f4xx_ll_usb.o
LOAD ./FATFS/App/fatfs.o
LOAD ./FATFS/Target/bsp_driver_sd.o
LOAD ./FATFS/Target/fatfs_platform.o
LOAD ./FATFS/Target/sd_diskio.o
LOAD ./Middlewares/ST/STM32_USB_Device_Library/Class/CDC/Src/usbd_cdc.o
LOAD ./Middlewares/ST/STM32_USB_Device_Library/Core/Src/usbd_core.o
LOAD ./Middlewares/ST/STM32_USB_Device_Library/Core/Src/usbd_ctlreq.o
LOAD ./Middlewares/ST/STM32_USB_Device_Library/Core/Src/usbd_ioreq.o
LOAD ./Middlewares/Third_Party/FatFs/src/diskio.o
LOAD ./Middlewares/Third_Party/FatFs/src/ff.o
LOAD ./Middlewares/Third_Party/FatFs/src/ff_gen_drv.o
LOAD ./Middlewares/Third_Party/FatFs/src/option/syscall.o
LOAD ./USB_DEVICE/App/usb_device.o
LOAD ./USB_DEVICE/App/usbd_cdc_if.o
LOAD ./USB_DEVICE/App/usbd_desc.o
LOAD ./USB_DEVICE/Target/usbd_conf.o
START GROUP
LOAD /Applications/STM32CubeIDE.app/Contents/Eclipse/plugins/com.st.stm32cube.ide.mcu.externaltools.gnu-tools-for-stm32.11.3.rel1.macos64_1.1.0.202305231506/tools/bin/../lib/gcc/arm-none-eabi/11.3.1/../../../../arm-none-eabi/lib/thumb/v7e-m+fp/hard/libc_nano.a
LOAD /Applications/STM32CubeIDE.app/Contents/Eclipse/plugins/com.st.stm32cube.ide.mcu.externaltools.gnu-tools-for-stm32.11.3.rel1.macos64_1.1.0.202305231506/tools/bin/../lib/gcc/arm-none-eabi/11.3.1/../../../../arm-none-eabi/lib/thumb/v7e-m+fp/hard/libm.a
END GROUP
START GROUP
LOAD /Applications/STM32CubeIDE.app/Contents/Eclipse/plugins/com.st.stm32cube.ide.mcu.externaltools.gnu-tools-for-stm32.11.3.rel1.macos64_1.1.0.202305231506/tools/bin/../lib/gcc/arm-none-eabi/11.3.1/thumb/v7e-m+fp/hard/libgcc.a
LOAD /Applications/STM32CubeIDE.app/Contents/Eclipse/plugins/com.st.stm32cube.ide.mcu.externaltools.gnu-tools-for-stm32.11.3.rel1.macos64_1.1.0.202305231506/tools/bin/../lib/gcc/arm-none-eabi/11.3.1/../../../../arm-none-eabi/lib/thumb/v7e-m+fp/hard/libc_nano.a
END GROUP
START GROUP
LOAD /Applications/STM32CubeIDE.app/Contents/Eclipse/plugins/com.st.stm32cube.ide.mcu.externaltools.gnu-tools-for-stm32.11.3.rel1.macos64_1.1.0.202305231506/tools/bin/../lib/gcc/arm-none-eabi/11.3.1/thumb/v7e-m+fp/hard/libgcc.a
LOAD /Applications/STM32CubeIDE.app/Contents/Eclipse/plugins/com.st.stm32cube.ide.mcu.externaltools.gnu-tools-for-stm32.11.3.rel1.macos64_1.1.0.202305231506/tools/bin/../lib/gcc/arm-none-eabi/11.3.1/../../../../arm-none-eabi/lib/thumb/v7e-m+fp/hard/libc_nano.a
LOAD /Applications/STM32CubeIDE.app/Contents/Eclipse/plugins/com.st.stm32cube.ide.mcu.externaltools.gnu-tools-for-stm32.11.3.rel1.macos64_1.1.0.202305231506/tools/bin/../lib/gcc/arm-none-eabi/11.3.1/../../../../arm-none-eabi/lib/thumb/v7e-m+fp/hard/libnosys.a
END GROUP
START GROUP
LOAD /Applications/STM32CubeIDE.app/Contents/Eclipse/plugins/com.st.stm32cube.ide.mcu.externaltools.gnu-tools-for-stm32.11.3.rel1.macos64_1.1.0.202305231506/tools/bin/../lib/gcc/arm-none-eabi/11.3.1/thumb/v7e-m+fp/hard/libgcc.a
LOAD /Applications/STM32CubeIDE.app/Contents/Eclipse/plugins/com.st.stm32cube.ide.mcu.externaltools.gnu-tools-for-stm32.11.3.rel1.macos64_1.1.0.202305231506/tools/bin/../lib/gcc/arm-none-eabi/11.3.1/../../../../arm-none-eabi/lib/thumb/v7e-m+fp/hard/libc_nano.a
LOAD /Applications/STM32CubeIDE.app/Contents/Eclipse/plugins/com.st.stm32cube.ide.mcu.externaltools.gnu-tools-for-stm32.11.3.rel1.macos64_1.1.0.202305231506/tools/bin/../lib/gcc/arm-none-eabi/11.3.1/../../../../arm-none-eabi/lib/thumb/v7e-m+fp/hard/libnosys.a
END GROUP
LOAD /Applications/STM32CubeIDE.app/Contents/Eclipse/plugins/com.st.stm32cube.ide.mcu.externaltools.gnu-tools-for-stm32.11.3.rel1.macos64_1.1.0.202305231506/tools/bin/../lib/gcc/arm-none-eabi/11.3.1/thumb/v7e-m+fp/hard/crtend.o
LOAD /Applications/STM32CubeIDE.app/Contents/Eclipse/plugins/com.st.stm32cube.ide.mcu.externaltools.gnu-tools-for-stm32.11.3.rel1.macos64_1.1.0.202305231506/tools/bin/../lib/gcc/arm-none-eabi/11.3.1/thumb/v7e-m+fp/hard/crtn.o
                0x0000000020020000                _estack = (ORIGIN (RAM) + LENGTH (RAM))
                0x0000000000000200                _Min_Heap_Size = 0x200
                0x0000000000000400                _Min_Stack_Size = 0x400

.isr_vector     0x0000000008000000      0x188
                0x0000000008000000                . = ALIGN (0x4)
 *(.isr_vector)
 .isr_vector    0x0000000008000000      0x188 ./Core/Startup/startup_stm32f405rgtx.o
                0x0000000008000000                g_pfnVectors
                0x0000000008000188                . = ALIGN (0x4)

.text           0x0000000008000190    0x1555c
                0x0000000008000190                . = ALIGN (0x4)
 *(.text)
 .text          0x0000000008000190       0x40 /Applications/STM32CubeIDE.app/Contents/Eclipse/plugins/com.st.stm32cube.ide.mcu.externaltools.gnu-tools-for-stm32.11.3.rel1.macos64_1.1.0.202305231506/tools/bin/../lib/gcc/arm-none-eabi/11.3.1/thumb/v7e-m+fp/hard/crtbegin.o
 .text          0x00000000080001d0       0xa0 /Applications/STM32CubeIDE.app/Contents/Eclipse/plugins/com.st.stm32cube.ide.mcu.externaltools.gnu-tools-for-stm32.11.3.rel1.macos64_1.1.0.202305231506/tools/bin/../lib/gcc/arm-none-eabi/11.3.1/../../../../arm-none-eabi/lib/thumb/v7e-m+fp/hard/libc_nano.a(libc_a-memchr.o)
                0x00000000080001d0                memchr
 .text          0x0000000008000270       0x10 /Applications/STM32CubeIDE.app/Contents/Eclipse/plugins/com.st.stm32cube.ide.mcu.externaltools.gnu-tools-for-stm32.11.3.rel1.macos64_1.1.0.202305231506/tools/bin/../lib/gcc/arm-none-eabi/11.3.1/../../../../arm-none-eabi/lib/thumb/v7e-m+fp/hard/libc_nano.a(libc_a-strlen.o)
                0x0000000008000270                strlen
 .text          0x0000000008000280      0x378 /Applications/STM32CubeIDE.app/Contents/Eclipse/plugins/com.st.stm32cube.ide.mcu.externaltools.gnu-tools-for-stm32.11.3.rel1.macos64_1.1.0.202305231506/tools/bin/../lib/gcc/arm-none-eabi/11.3.1/thumb/v7e-m+fp/hard/libgcc.a(_arm_addsubdf3.o)
                0x0000000008000280                __aeabi_drsub
                0x0000000008000288                __subdf3
                0x0000000008000288                __aeabi_dsub
                0x000000000800028c                __aeabi_dadd
                0x000000000800028c                __adddf3
                0x0000000008000504                __aeabi_ui2d
                0x0000000008000504                __floatunsidf
                0x0000000008000524                __floatsidf
                0x0000000008000524                __aeabi_i2d
                0x0000000008000548                __extendsfdf2
                0x0000000008000548                __aeabi_f2d
                0x000000000800058c                __aeabi_ul2d
                0x000000000800058c                __floatundidf
                0x000000000800059c                __aeabi_l2d
                0x000000000800059c                __floatdidf
 .text          0x00000000080005f8      0x424 /Applications/STM32CubeIDE.app/Contents/Eclipse/plugins/com.st.stm32cube.ide.mcu.externaltools.gnu-tools-for-stm32.11.3.rel1.macos64_1.1.0.202305231506/tools/bin/../lib/gcc/arm-none-eabi/11.3.1/thumb/v7e-m+fp/hard/libgcc.a(_arm_muldivdf3.o)
                0x00000000080005f8                __aeabi_dmul
                0x00000000080005f8                __muldf3
                0x000000000800084c                __aeabi_ddiv
                0x000000000800084c                __divdf3
 .text          0x0000000008000a1c      0x110 /Applications/STM32CubeIDE.app/Contents/Eclipse/plugins/com.st.stm32cube.ide.mcu.externaltools.gnu-tools-for-stm32.11.3.rel1.macos64_1.1.0.202305231506/tools/bin/../lib/gcc/arm-none-eabi/11.3.1/thumb/v7e-m+fp/hard/libgcc.a(_arm_cmpdf2.o)
                0x0000000008000a1c                __gedf2
                0x0000000008000a1c                __gtdf2
                0x0000000008000a24                __ledf2
                0x0000000008000a24                __ltdf2
                0x0000000008000a2c                __cmpdf2
                0x0000000008000a2c                __eqdf2
                0x0000000008000a2c                __nedf2
                0x0000000008000aa8                __aeabi_cdrcmple
                0x0000000008000ab8                __aeabi_cdcmple
                0x0000000008000ab8                __aeabi_cdcmpeq
                0x0000000008000ac8                __aeabi_dcmpeq
                0x0000000008000adc                __aeabi_dcmplt
                0x0000000008000af0                __aeabi_dcmple
                0x0000000008000b04                __aeabi_dcmpge
                0x0000000008000b18                __aeabi_dcmpgt
 .text          0x0000000008000b2c       0x2c /Applications/STM32CubeIDE.app/Contents/Eclipse/plugins/com.st.stm32cube.ide.mcu.externaltools.gnu-tools-for-stm32.11.3.rel1.macos64_1.1.0.202305231506/tools/bin/../lib/gcc/arm-none-eabi/11.3.1/thumb/v7e-m+fp/hard/libgcc.a(_arm_unorddf2.o)
                0x0000000008000b2c                __aeabi_dcmpun
                0x0000000008000b2c                __unorddf2
 .text          0x0000000008000b58       0x50 /Applications/STM32CubeIDE.app/Contents/Eclipse/plugins/com.st.stm32cube.ide.mcu.externaltools.gnu-tools-for-stm32.11.3.rel1.macos64_1.1.0.202305231506/tools/bin/../lib/gcc/arm-none-eabi/11.3.1/thumb/v7e-m+fp/hard/libgcc.a(_arm_fixdfsi.o)
                0x0000000008000b58                __fixdfsi
                0x0000000008000b58                __aeabi_d2iz
 .text          0x0000000008000ba8       0xa0 /Applications/STM32CubeIDE.app/Contents/Eclipse/plugins/com.st.stm32cube.ide.mcu.externaltools.gnu-tools-for-stm32.11.3.rel1.macos64_1.1.0.202305231506/tools/bin/../lib/gcc/arm-none-eabi/11.3.1/thumb/v7e-m+fp/hard/libgcc.a(_arm_truncdfsf2.o)
                0x0000000008000ba8                __aeabi_d2f
                0x0000000008000ba8                __truncdfsf2
 .text          0x0000000008000c48       0x30 /Applications/STM32CubeIDE.app/Contents/Eclipse/plugins/com.st.stm32cube.ide.mcu.externaltools.gnu-tools-for-stm32.11.3.rel1.macos64_1.1.0.202305231506/tools/bin/../lib/gcc/arm-none-eabi/11.3.1/thumb/v7e-m+fp/hard/libgcc.a(_aeabi_uldivmod.o)
                0x0000000008000c48                __aeabi_uldivmod
 .text          0x0000000008000c78      0x2c8 /Applications/STM32CubeIDE.app/Contents/Eclipse/plugins/com.st.stm32cube.ide.mcu.externaltools.gnu-tools-for-stm32.11.3.rel1.macos64_1.1.0.202305231506/tools/bin/../lib/gcc/arm-none-eabi/11.3.1/thumb/v7e-m+fp/hard/libgcc.a(_udivmoddi4.o)
                0x0000000008000c78                __udivmoddi4
 .text          0x0000000008000f40        0x4 /Applications/STM32CubeIDE.app/Contents/Eclipse/plugins/com.st.stm32cube.ide.mcu.externaltools.gnu-tools-for-stm32.11.3.rel1.macos64_1.1.0.202305231506/tools/bin/../lib/gcc/arm-none-eabi/11.3.1/thumb/v7e-m+fp/hard/libgcc.a(_dvmd_tls.o)
                0x0000000008000f40                __aeabi_ldiv0
                0x0000000008000f40                __aeabi_idiv0
 *(.text*)
 .text.LSM6DSOX_begin
                0x0000000008000f44       0x80 ./Core/Src/LSM6DSOX.o
                0x0000000008000f44                LSM6DSOX_begin
 .text.LSM6DSOX_readRegister8
                0x0000000008000fc4       0x64 ./Core/Src/LSM6DSOX.o
                0x0000000008000fc4                LSM6DSOX_readRegister8
 .text.LSM6DSOX_writeRegister8
                0x0000000008001028       0x46 ./Core/Src/LSM6DSOX.o
                0x0000000008001028                LSM6DSOX_writeRegister8
 .text.LSM6DSOX_end
                0x000000000800106e       0x2c ./Core/Src/LSM6DSOX.o
                0x000000000800106e                LSM6DSOX_end
 *fill*         0x000000000800109a        0x2 
 .text.LSM6DSOX_readAcceleration
                0x000000000800109c       0xb8 ./Core/Src/LSM6DSOX.o
                0x000000000800109c                LSM6DSOX_readAcceleration
 .text.LSM6DSOX_accelerationAvailable
                0x0000000008001154       0x30 ./Core/Src/LSM6DSOX.o
                0x0000000008001154                LSM6DSOX_accelerationAvailable
 .text.LSM6DSOX_readGyroscope
                0x0000000008001184       0xb8 ./Core/Src/LSM6DSOX.o
                0x0000000008001184                LSM6DSOX_readGyroscope
 .text.LSM6DSOX_gyroscopeAvailable
                0x000000000800123c       0x30 ./Core/Src/LSM6DSOX.o
                0x000000000800123c                LSM6DSOX_gyroscopeAvailable
 .text.LSM6DSOX_readRegisters
                0x000000000800126c       0x66 ./Core/Src/LSM6DSOX.o
                0x000000000800126c                LSM6DSOX_readRegisters
 *fill*         0x00000000080012d2        0x2 
 .text.IMU_Initialization
                0x00000000080012d4       0x90 ./Core/Src/main.o
                0x00000000080012d4                IMU_Initialization
 *fill*         0x0000000008001364        0x4 
 .text.Accelerometer_Gyroscope_Calibration
                0x0000000008001368      0x704 ./Core/Src/main.o
                0x0000000008001368                Accelerometer_Gyroscope_Calibration
 .text.HAL_TIM_PeriodElapsedCallback
                0x0000000008001a6c       0x34 ./Core/Src/main.o
                0x0000000008001a6c                HAL_TIM_PeriodElapsedCallback
 .text.main     0x0000000008001aa0      0x200 ./Core/Src/main.o
                0x0000000008001aa0                main
 .text.SystemClock_Config
                0x0000000008001ca0       0xd4 ./Core/Src/main.o
                0x0000000008001ca0                SystemClock_Config
 .text.MX_I2C1_Init
                0x0000000008001d74       0x5c ./Core/Src/main.o
                0x0000000008001d74                MX_I2C1_Init
 .text.MX_SDIO_SD_Init
                0x0000000008001dd0       0x40 ./Core/Src/main.o
 .text.MX_TIM2_Init
                0x0000000008001e10       0x98 ./Core/Src/main.o
 .text.MX_USART3_UART_Init
                0x0000000008001ea8       0x54 ./Core/Src/main.o
 .text.MX_DMA_Init
                0x0000000008001efc       0x50 ./Core/Src/main.o
 .text.MX_GPIO_Init
                0x0000000008001f4c       0xf8 ./Core/Src/main.o
 .text.AppendToFile
                0x0000000008002044      0x140 ./Core/Src/main.o
                0x0000000008002044                AppendToFile
 .text.BlinkLED
                0x0000000008002184       0x50 ./Core/Src/main.o
                0x0000000008002184                BlinkLED
 .text.Gyro_Reading
                0x00000000080021d4      0x310 ./Core/Src/main.o
                0x00000000080021d4                Gyro_Reading
 .text.Acc_Mag_Reading
                0x00000000080024e4      0x240 ./Core/Src/main.o
                0x00000000080024e4                Acc_Mag_Reading
 .text.SDI      0x0000000008002724      0x1a8 ./Core/Src/main.o
                0x0000000008002724                SDI
 *fill*         0x00000000080028cc        0x4 
 .text.Complementary_filter
                0x00000000080028d0      0x324 ./Core/Src/main.o
                0x00000000080028d0                Complementary_filter
 .text.EMG_Data_Reception
                0x0000000008002bf4       0x50 ./Core/Src/main.o
                0x0000000008002bf4                EMG_Data_Reception
 .text.Error_Handler
                0x0000000008002c44        0xa ./Core/Src/main.o
                0x0000000008002c44                Error_Handler
 *fill*         0x0000000008002c4e        0x2 
 .text.HAL_MspInit
                0x0000000008002c50       0x50 ./Core/Src/stm32f4xx_hal_msp.o
                0x0000000008002c50                HAL_MspInit
 .text.HAL_I2C_MspInit
                0x0000000008002ca0       0x90 ./Core/Src/stm32f4xx_hal_msp.o
                0x0000000008002ca0                HAL_I2C_MspInit
 .text.HAL_SD_MspInit
                0x0000000008002d30      0x200 ./Core/Src/stm32f4xx_hal_msp.o
                0x0000000008002d30                HAL_SD_MspInit
 .text.HAL_TIM_Base_MspInit
                0x0000000008002f30       0x4c ./Core/Src/stm32f4xx_hal_msp.o
                0x0000000008002f30                HAL_TIM_Base_MspInit
 .text.HAL_UART_MspInit
                0x0000000008002f7c       0xa0 ./Core/Src/stm32f4xx_hal_msp.o
                0x0000000008002f7c                HAL_UART_MspInit
 .text.NMI_Handler
                0x000000000800301c        0x6 ./Core/Src/stm32f4xx_it.o
                0x000000000800301c                NMI_Handler
 .text.HardFault_Handler
                0x0000000008003022        0x6 ./Core/Src/stm32f4xx_it.o
                0x0000000008003022                HardFault_Handler
 .text.MemManage_Handler
                0x0000000008003028        0x6 ./Core/Src/stm32f4xx_it.o
                0x0000000008003028                MemManage_Handler
 .text.BusFault_Handler
                0x000000000800302e        0x6 ./Core/Src/stm32f4xx_it.o
                0x000000000800302e                BusFault_Handler
 .text.UsageFault_Handler
                0x0000000008003034        0x6 ./Core/Src/stm32f4xx_it.o
                0x0000000008003034                UsageFault_Handler
 .text.SVC_Handler
                0x000000000800303a        0xe ./Core/Src/stm32f4xx_it.o
                0x000000000800303a                SVC_Handler
 .text.DebugMon_Handler
                0x0000000008003048        0xe ./Core/Src/stm32f4xx_it.o
                0x0000000008003048                DebugMon_Handler
 .text.PendSV_Handler
                0x0000000008003056        0xe ./Core/Src/stm32f4xx_it.o
                0x0000000008003056                PendSV_Handler
 .text.SysTick_Handler
                0x0000000008003064        0xc ./Core/Src/stm32f4xx_it.o
                0x0000000008003064                SysTick_Handler
 .text.TIM2_IRQHandler
                0x0000000008003070       0x14 ./Core/Src/stm32f4xx_it.o
                0x0000000008003070                TIM2_IRQHandler
 .text.USART3_IRQHandler
                0x0000000008003084       0x14 ./Core/Src/stm32f4xx_it.o
                0x0000000008003084                USART3_IRQHandler
 .text.SDIO_IRQHandler
                0x0000000008003098       0x14 ./Core/Src/stm32f4xx_it.o
                0x0000000008003098                SDIO_IRQHandler
 .text.DMA2_Stream3_IRQHandler
                0x00000000080030ac       0x14 ./Core/Src/stm32f4xx_it.o
                0x00000000080030ac                DMA2_Stream3_IRQHandler
 .text.OTG_FS_IRQHandler
                0x00000000080030c0       0x14 ./Core/Src/stm32f4xx_it.o
                0x00000000080030c0                OTG_FS_IRQHandler
 .text.DMA2_Stream6_IRQHandler
                0x00000000080030d4       0x14 ./Core/Src/stm32f4xx_it.o
                0x00000000080030d4                DMA2_Stream6_IRQHandler
 .text._getpid  0x00000000080030e8       0x10 ./Core/Src/syscalls.o
                0x00000000080030e8                _getpid
 .text._kill    0x00000000080030f8       0x20 ./Core/Src/syscalls.o
                0x00000000080030f8                _kill
 .text._exit    0x0000000008003118       0x14 ./Core/Src/syscalls.o
                0x0000000008003118                _exit
 .text._read    0x000000000800312c       0x3a ./Core/Src/syscalls.o
                0x000000000800312c                _read
 .text._write   0x0000000008003166       0x38 ./Core/Src/syscalls.o
                0x0000000008003166                _write
 .text._close   0x000000000800319e       0x18 ./Core/Src/syscalls.o
                0x000000000800319e                _close
 .text._fstat   0x00000000080031b6       0x20 ./Core/Src/syscalls.o
                0x00000000080031b6                _fstat
 .text._isatty  0x00000000080031d6       0x16 ./Core/Src/syscalls.o
                0x00000000080031d6                _isatty
 .text._lseek   0x00000000080031ec       0x1a ./Core/Src/syscalls.o
                0x00000000080031ec                _lseek
 *fill*         0x0000000008003206        0x2 
 .text._sbrk    0x0000000008003208       0x6c ./Core/Src/sysmem.o
                0x0000000008003208                _sbrk
 .text.SystemInit
                0x0000000008003274       0x24 ./Core/Src/system_stm32f4xx.o
                0x0000000008003274                SystemInit
 .text.Reset_Handler
                0x0000000008003298       0x50 ./Core/Startup/startup_stm32f405rgtx.o
                0x0000000008003298                Reset_Handler
 .text.Default_Handler
                0x00000000080032e8        0x2 ./Core/Startup/startup_stm32f405rgtx.o
                0x00000000080032e8                DMA1_Stream3_IRQHandler
                0x00000000080032e8                HASH_RNG_IRQHandler
                0x00000000080032e8                EXTI2_IRQHandler
                0x00000000080032e8                TIM8_CC_IRQHandler
                0x00000000080032e8                TIM1_CC_IRQHandler
                0x00000000080032e8                DMA2_Stream5_IRQHandler
                0x00000000080032e8                DMA1_Stream5_IRQHandler
                0x00000000080032e8                PVD_IRQHandler
                0x00000000080032e8                TAMP_STAMP_IRQHandler
                0x00000000080032e8                CAN2_RX1_IRQHandler
                0x00000000080032e8                EXTI3_IRQHandler
                0x00000000080032e8                TIM8_TRG_COM_TIM14_IRQHandler
                0x00000000080032e8                TIM1_UP_TIM10_IRQHandler
                0x00000000080032e8                TIM8_UP_TIM13_IRQHandler
                0x00000000080032e8                I2C3_ER_IRQHandler
                0x00000000080032e8                EXTI0_IRQHandler
                0x00000000080032e8                I2C2_EV_IRQHandler
                0x00000000080032e8                DMA1_Stream2_IRQHandler
                0x00000000080032e8                CAN1_RX0_IRQHandler
                0x00000000080032e8                FPU_IRQHandler
                0x00000000080032e8                OTG_HS_WKUP_IRQHandler
                0x00000000080032e8                CAN2_SCE_IRQHandler
                0x00000000080032e8                DMA2_Stream2_IRQHandler
                0x00000000080032e8                SPI1_IRQHandler
                0x00000000080032e8                TIM6_DAC_IRQHandler
                0x00000000080032e8                TIM1_BRK_TIM9_IRQHandler
                0x00000000080032e8                CAN2_RX0_IRQHandler
                0x00000000080032e8                USART6_IRQHandler
                0x00000000080032e8                CAN1_RX1_IRQHandler
                0x00000000080032e8                UART5_IRQHandler
                0x00000000080032e8                DMA2_Stream0_IRQHandler
                0x00000000080032e8                TIM4_IRQHandler
                0x00000000080032e8                I2C1_EV_IRQHandler
                0x00000000080032e8                DMA1_Stream6_IRQHandler
                0x00000000080032e8                DMA1_Stream1_IRQHandler
                0x00000000080032e8                UART4_IRQHandler
                0x00000000080032e8                TIM3_IRQHandler
                0x00000000080032e8                RCC_IRQHandler
                0x00000000080032e8                TIM8_BRK_TIM12_IRQHandler
                0x00000000080032e8                Default_Handler
                0x00000000080032e8                EXTI15_10_IRQHandler
                0x00000000080032e8                ADC_IRQHandler
                0x00000000080032e8                DMA1_Stream7_IRQHandler
                0x00000000080032e8                TIM7_IRQHandler
                0x00000000080032e8                CAN2_TX_IRQHandler
                0x00000000080032e8                TIM5_IRQHandler
                0x00000000080032e8                DMA2_Stream7_IRQHandler
                0x00000000080032e8                I2C3_EV_IRQHandler
                0x00000000080032e8                EXTI9_5_IRQHandler
                0x00000000080032e8                RTC_WKUP_IRQHandler
                0x00000000080032e8                SPI2_IRQHandler
                0x00000000080032e8                OTG_HS_EP1_IN_IRQHandler
                0x00000000080032e8                DMA1_Stream0_IRQHandler
                0x00000000080032e8                CAN1_TX_IRQHandler
                0x00000000080032e8                EXTI4_IRQHandler
                0x00000000080032e8                FSMC_IRQHandler
                0x00000000080032e8                OTG_HS_EP1_OUT_IRQHandler
                0x00000000080032e8                WWDG_IRQHandler
                0x00000000080032e8                OTG_FS_WKUP_IRQHandler
                0x00000000080032e8                TIM1_TRG_COM_TIM11_IRQHandler
                0x00000000080032e8                OTG_HS_IRQHandler
                0x00000000080032e8                EXTI1_IRQHandler
                0x00000000080032e8                USART2_IRQHandler
                0x00000000080032e8                I2C2_ER_IRQHandler
                0x00000000080032e8                DMA2_Stream1_IRQHandler
                0x00000000080032e8                CAN1_SCE_IRQHandler
                0x00000000080032e8                FLASH_IRQHandler
                0x00000000080032e8                DMA2_Stream4_IRQHandler
                0x00000000080032e8                USART1_IRQHandler
                0x00000000080032e8                SPI3_IRQHandler
                0x00000000080032e8                DMA1_Stream4_IRQHandler
                0x00000000080032e8                I2C1_ER_IRQHandler
                0x00000000080032e8                RTC_Alarm_IRQHandler
 *fill*         0x00000000080032ea        0x2 
 .text.HAL_Init
                0x00000000080032ec       0x44 ./Drivers/STM32F4xx_HAL_Driver/Src/stm32f4xx_hal.o
                0x00000000080032ec                HAL_Init
 .text.HAL_InitTick
                0x0000000008003330       0x60 ./Drivers/STM32F4xx_HAL_Driver/Src/stm32f4xx_hal.o
                0x0000000008003330                HAL_InitTick
 .text.HAL_IncTick
                0x0000000008003390       0x28 ./Drivers/STM32F4xx_HAL_Driver/Src/stm32f4xx_hal.o
                0x0000000008003390                HAL_IncTick
 .text.HAL_GetTick
                0x00000000080033b8       0x18 ./Drivers/STM32F4xx_HAL_Driver/Src/stm32f4xx_hal.o
                0x00000000080033b8                HAL_GetTick
 .text.HAL_Delay
                0x00000000080033d0       0x48 ./Drivers/STM32F4xx_HAL_Driver/Src/stm32f4xx_hal.o
                0x00000000080033d0                HAL_Delay
 .text.__NVIC_SetPriorityGrouping
                0x0000000008003418       0x48 ./Drivers/STM32F4xx_HAL_Driver/Src/stm32f4xx_hal_cortex.o
 .text.__NVIC_GetPriorityGrouping
                0x0000000008003460       0x1c ./Drivers/STM32F4xx_HAL_Driver/Src/stm32f4xx_hal_cortex.o
 .text.__NVIC_EnableIRQ
                0x000000000800347c       0x3c ./Drivers/STM32F4xx_HAL_Driver/Src/stm32f4xx_hal_cortex.o
 .text.__NVIC_SetPriority
                0x00000000080034b8       0x54 ./Drivers/STM32F4xx_HAL_Driver/Src/stm32f4xx_hal_cortex.o
 .text.NVIC_EncodePriority
                0x000000000800350c       0x66 ./Drivers/STM32F4xx_HAL_Driver/Src/stm32f4xx_hal_cortex.o
 *fill*         0x0000000008003572        0x2 
 .text.SysTick_Config
                0x0000000008003574       0x44 ./Drivers/STM32F4xx_HAL_Driver/Src/stm32f4xx_hal_cortex.o
 .text.HAL_NVIC_SetPriorityGrouping
                0x00000000080035b8       0x16 ./Drivers/STM32F4xx_HAL_Driver/Src/stm32f4xx_hal_cortex.o
                0x00000000080035b8                HAL_NVIC_SetPriorityGrouping
 .text.HAL_NVIC_SetPriority
                0x00000000080035ce       0x38 ./Drivers/STM32F4xx_HAL_Driver/Src/stm32f4xx_hal_cortex.o
                0x00000000080035ce                HAL_NVIC_SetPriority
 .text.HAL_NVIC_EnableIRQ
                0x0000000008003606       0x1c ./Drivers/STM32F4xx_HAL_Driver/Src/stm32f4xx_hal_cortex.o
                0x0000000008003606                HAL_NVIC_EnableIRQ
 .text.HAL_SYSTICK_Config
                0x0000000008003622       0x18 ./Drivers/STM32F4xx_HAL_Driver/Src/stm32f4xx_hal_cortex.o
                0x0000000008003622                HAL_SYSTICK_Config
 *fill*         0x000000000800363a        0x2 
 .text.HAL_DMA_Init
                0x000000000800363c      0x15c ./Drivers/STM32F4xx_HAL_Driver/Src/stm32f4xx_hal_dma.o
                0x000000000800363c                HAL_DMA_Init
 .text.HAL_DMA_Start_IT
                0x0000000008003798       0xb0 ./Drivers/STM32F4xx_HAL_Driver/Src/stm32f4xx_hal_dma.o
                0x0000000008003798                HAL_DMA_Start_IT
 .text.HAL_DMA_Abort
                0x0000000008003848       0xe0 ./Drivers/STM32F4xx_HAL_Driver/Src/stm32f4xx_hal_dma.o
                0x0000000008003848                HAL_DMA_Abort
 .text.HAL_DMA_Abort_IT
                0x0000000008003928       0x44 ./Drivers/STM32F4xx_HAL_Driver/Src/stm32f4xx_hal_dma.o
                0x0000000008003928                HAL_DMA_Abort_IT
 .text.HAL_DMA_IRQHandler
                0x000000000800396c      0x314 ./Drivers/STM32F4xx_HAL_Driver/Src/stm32f4xx_hal_dma.o
                0x000000000800396c                HAL_DMA_IRQHandler
 .text.HAL_DMA_GetError
                0x0000000008003c80       0x18 ./Drivers/STM32F4xx_HAL_Driver/Src/stm32f4xx_hal_dma.o
                0x0000000008003c80                HAL_DMA_GetError
 .text.DMA_SetConfig
                0x0000000008003c98       0x5c ./Drivers/STM32F4xx_HAL_Driver/Src/stm32f4xx_hal_dma.o
 .text.DMA_CalcBaseAndBitshift
                0x0000000008003cf4       0x6c ./Drivers/STM32F4xx_HAL_Driver/Src/stm32f4xx_hal_dma.o
 .text.DMA_CheckFifoParam
                0x0000000008003d60       0xf8 ./Drivers/STM32F4xx_HAL_Driver/Src/stm32f4xx_hal_dma.o
 .text.HAL_GPIO_Init
                0x0000000008003e58      0x338 ./Drivers/STM32F4xx_HAL_Driver/Src/stm32f4xx_hal_gpio.o
                0x0000000008003e58                HAL_GPIO_Init
 .text.HAL_GPIO_ReadPin
                0x0000000008004190       0x30 ./Drivers/STM32F4xx_HAL_Driver/Src/stm32f4xx_hal_gpio.o
                0x0000000008004190                HAL_GPIO_ReadPin
 .text.HAL_GPIO_WritePin
                0x00000000080041c0       0x32 ./Drivers/STM32F4xx_HAL_Driver/Src/stm32f4xx_hal_gpio.o
                0x00000000080041c0                HAL_GPIO_WritePin
 *fill*         0x00000000080041f2        0x2 
 .text.HAL_I2C_Init
                0x00000000080041f4      0x288 ./Drivers/STM32F4xx_HAL_Driver/Src/stm32f4xx_hal_i2c.o
                0x00000000080041f4                HAL_I2C_Init
 .text.HAL_I2C_Master_Transmit
                0x000000000800447c      0x1fc ./Drivers/STM32F4xx_HAL_Driver/Src/stm32f4xx_hal_i2c.o
                0x000000000800447c                HAL_I2C_Master_Transmit
 .text.HAL_I2C_Master_Receive
                0x0000000008004678      0x44c ./Drivers/STM32F4xx_HAL_Driver/Src/stm32f4xx_hal_i2c.o
                0x0000000008004678                HAL_I2C_Master_Receive
 .text.I2C_MasterRequestWrite
                0x0000000008004ac4      0x104 ./Drivers/STM32F4xx_HAL_Driver/Src/stm32f4xx_hal_i2c.o
 .text.I2C_MasterRequestRead
                0x0000000008004bc8      0x19c ./Drivers/STM32F4xx_HAL_Driver/Src/stm32f4xx_hal_i2c.o
 .text.I2C_WaitOnFlagUntilTimeout
                0x0000000008004d64       0xae ./Drivers/STM32F4xx_HAL_Driver/Src/stm32f4xx_hal_i2c.o
 .text.I2C_WaitOnMasterAddressFlagUntilTimeout
                0x0000000008004e12       0xfe ./Drivers/STM32F4xx_HAL_Driver/Src/stm32f4xx_hal_i2c.o
 .text.I2C_WaitOnTXEFlagUntilTimeout
                0x0000000008004f10       0x82 ./Drivers/STM32F4xx_HAL_Driver/Src/stm32f4xx_hal_i2c.o
 .text.I2C_WaitOnBTFFlagUntilTimeout
                0x0000000008004f92       0x82 ./Drivers/STM32F4xx_HAL_Driver/Src/stm32f4xx_hal_i2c.o
 .text.I2C_WaitOnRXNEFlagUntilTimeout
                0x0000000008005014       0xac ./Drivers/STM32F4xx_HAL_Driver/Src/stm32f4xx_hal_i2c.o
 .text.I2C_IsAcknowledgeFailed
                0x00000000080050c0       0x5e ./Drivers/STM32F4xx_HAL_Driver/Src/stm32f4xx_hal_i2c.o
 .text.HAL_PCD_Init
                0x000000000800511e      0x23a ./Drivers/STM32F4xx_HAL_Driver/Src/stm32f4xx_hal_pcd.o
                0x000000000800511e                HAL_PCD_Init
 .text.HAL_PCD_Start
                0x0000000008005358       0x66 ./Drivers/STM32F4xx_HAL_Driver/Src/stm32f4xx_hal_pcd.o
                0x0000000008005358                HAL_PCD_Start
 .text.HAL_PCD_IRQHandler
                0x00000000080053be      0x93e ./Drivers/STM32F4xx_HAL_Driver/Src/stm32f4xx_hal_pcd.o
                0x00000000080053be                HAL_PCD_IRQHandler
 .text.HAL_PCD_SetAddress
                0x0000000008005cfc       0x4a ./Drivers/STM32F4xx_HAL_Driver/Src/stm32f4xx_hal_pcd.o
                0x0000000008005cfc                HAL_PCD_SetAddress
 .text.HAL_PCD_EP_Open
                0x0000000008005d46       0xd0 ./Drivers/STM32F4xx_HAL_Driver/Src/stm32f4xx_hal_pcd.o
                0x0000000008005d46                HAL_PCD_EP_Open
 .text.HAL_PCD_EP_Close
                0x0000000008005e16       0x94 ./Drivers/STM32F4xx_HAL_Driver/Src/stm32f4xx_hal_pcd.o
                0x0000000008005e16                HAL_PCD_EP_Close
 .text.HAL_PCD_EP_Receive
                0x0000000008005eaa       0x96 ./Drivers/STM32F4xx_HAL_Driver/Src/stm32f4xx_hal_pcd.o
                0x0000000008005eaa                HAL_PCD_EP_Receive
 .text.HAL_PCD_EP_GetRxCount
                0x0000000008005f40       0x30 ./Drivers/STM32F4xx_HAL_Driver/Src/stm32f4xx_hal_pcd.o
                0x0000000008005f40                HAL_PCD_EP_GetRxCount
 .text.HAL_PCD_EP_Transmit
                0x0000000008005f70       0x94 ./Drivers/STM32F4xx_HAL_Driver/Src/stm32f4xx_hal_pcd.o
                0x0000000008005f70                HAL_PCD_EP_Transmit
 .text.HAL_PCD_EP_SetStall
                0x0000000008006004       0xc8 ./Drivers/STM32F4xx_HAL_Driver/Src/stm32f4xx_hal_pcd.o
                0x0000000008006004                HAL_PCD_EP_SetStall
 .text.HAL_PCD_EP_ClrStall
                0x00000000080060cc       0xac ./Drivers/STM32F4xx_HAL_Driver/Src/stm32f4xx_hal_pcd.o
                0x00000000080060cc                HAL_PCD_EP_ClrStall
 .text.HAL_PCD_EP_Abort
                0x0000000008006178       0x62 ./Drivers/STM32F4xx_HAL_Driver/Src/stm32f4xx_hal_pcd.o
                0x0000000008006178                HAL_PCD_EP_Abort
 .text.PCD_WriteEmptyTxFifo
                0x00000000080061da      0x11a ./Drivers/STM32F4xx_HAL_Driver/Src/stm32f4xx_hal_pcd.o
 .text.PCD_EP_OutXfrComplete_int
                0x00000000080062f4      0x1d0 ./Drivers/STM32F4xx_HAL_Driver/Src/stm32f4xx_hal_pcd.o
 .text.PCD_EP_OutSetupPacket_int
                0x00000000080064c4       0x8c ./Drivers/STM32F4xx_HAL_Driver/Src/stm32f4xx_hal_pcd.o
 .text.HAL_PCDEx_SetTxFiFo
                0x0000000008006550       0x8e ./Drivers/STM32F4xx_HAL_Driver/Src/stm32f4xx_hal_pcd_ex.o
                0x0000000008006550                HAL_PCDEx_SetTxFiFo
 .text.HAL_PCDEx_SetRxFiFo
                0x00000000080065de       0x22 ./Drivers/STM32F4xx_HAL_Driver/Src/stm32f4xx_hal_pcd_ex.o
                0x00000000080065de                HAL_PCDEx_SetRxFiFo
 .text.HAL_PCDEx_LPM_Callback
                0x0000000008006600       0x18 ./Drivers/STM32F4xx_HAL_Driver/Src/stm32f4xx_hal_pcd_ex.o
                0x0000000008006600                HAL_PCDEx_LPM_Callback
 .text.HAL_RCC_OscConfig
                0x0000000008006618      0x4f0 ./Drivers/STM32F4xx_HAL_Driver/Src/stm32f4xx_hal_rcc.o
                0x0000000008006618                HAL_RCC_OscConfig
 .text.HAL_RCC_ClockConfig
                0x0000000008006b08      0x1cc ./Drivers/STM32F4xx_HAL_Driver/Src/stm32f4xx_hal_rcc.o
                0x0000000008006b08                HAL_RCC_ClockConfig
 .text.HAL_RCC_GetSysClockFreq
                0x0000000008006cd4      0x18c ./Drivers/STM32F4xx_HAL_Driver/Src/stm32f4xx_hal_rcc.o
                0x0000000008006cd4                HAL_RCC_GetSysClockFreq
 .text.HAL_RCC_GetHCLKFreq
                0x0000000008006e60       0x18 ./Drivers/STM32F4xx_HAL_Driver/Src/stm32f4xx_hal_rcc.o
                0x0000000008006e60                HAL_RCC_GetHCLKFreq
 .text.HAL_RCC_GetPCLK1Freq
                0x0000000008006e78       0x28 ./Drivers/STM32F4xx_HAL_Driver/Src/stm32f4xx_hal_rcc.o
                0x0000000008006e78                HAL_RCC_GetPCLK1Freq
 .text.HAL_RCC_GetPCLK2Freq
                0x0000000008006ea0       0x28 ./Drivers/STM32F4xx_HAL_Driver/Src/stm32f4xx_hal_rcc.o
                0x0000000008006ea0                HAL_RCC_GetPCLK2Freq
 .text.HAL_SD_Init
                0x0000000008006ec8       0x60 ./Drivers/STM32F4xx_HAL_Driver/Src/stm32f4xx_hal_sd.o
                0x0000000008006ec8                HAL_SD_Init
 .text.HAL_SD_InitCard
                0x0000000008006f28      0x100 ./Drivers/STM32F4xx_HAL_Driver/Src/stm32f4xx_hal_sd.o
                0x0000000008006f28                HAL_SD_InitCard
 .text.HAL_SD_ReadBlocks_DMA
                0x0000000008007028      0x1c4 ./Drivers/STM32F4xx_HAL_Driver/Src/stm32f4xx_hal_sd.o
                0x0000000008007028                HAL_SD_ReadBlocks_DMA
 .text.HAL_SD_WriteBlocks_DMA
                0x00000000080071ec      0x1cc ./Drivers/STM32F4xx_HAL_Driver/Src/stm32f4xx_hal_sd.o
                0x00000000080071ec                HAL_SD_WriteBlocks_DMA
 .text.HAL_SD_IRQHandler
                0x00000000080073b8      0x30c ./Drivers/STM32F4xx_HAL_Driver/Src/stm32f4xx_hal_sd.o
                0x00000000080073b8                HAL_SD_IRQHandler
 .text.HAL_SD_ErrorCallback
                0x00000000080076c4       0x14 ./Drivers/STM32F4xx_HAL_Driver/Src/stm32f4xx_hal_sd.o
                0x00000000080076c4                HAL_SD_ErrorCallback
 .text.HAL_SD_GetCardCSD
                0x00000000080076d8      0x348 ./Drivers/STM32F4xx_HAL_Driver/Src/stm32f4xx_hal_sd.o
                0x00000000080076d8                HAL_SD_GetCardCSD
 .text.HAL_SD_GetCardInfo
                0x0000000008007a20       0x58 ./Drivers/STM32F4xx_HAL_Driver/Src/stm32f4xx_hal_sd.o
                0x0000000008007a20                HAL_SD_GetCardInfo
 .text.HAL_SD_ConfigWideBusOperation
                0x0000000008007a78      0x134 ./Drivers/STM32F4xx_HAL_Driver/Src/stm32f4xx_hal_sd.o
                0x0000000008007a78                HAL_SD_ConfigWideBusOperation
 .text.HAL_SD_GetCardState
                0x0000000008007bac       0x40 ./Drivers/STM32F4xx_HAL_Driver/Src/stm32f4xx_hal_sd.o
                0x0000000008007bac                HAL_SD_GetCardState
 .text.SD_DMATransmitCplt
                0x0000000008007bec       0x2a ./Drivers/STM32F4xx_HAL_Driver/Src/stm32f4xx_hal_sd.o
 .text.SD_DMAReceiveCplt
                0x0000000008007c16       0x70 ./Drivers/STM32F4xx_HAL_Driver/Src/stm32f4xx_hal_sd.o
 *fill*         0x0000000008007c86        0x2 
 .text.SD_DMAError
                0x0000000008007c88       0xa4 ./Drivers/STM32F4xx_HAL_Driver/Src/stm32f4xx_hal_sd.o
 .text.SD_DMATxAbort
                0x0000000008007d2c       0x6e ./Drivers/STM32F4xx_HAL_Driver/Src/stm32f4xx_hal_sd.o
 .text.SD_DMARxAbort
                0x0000000008007d9a       0x6e ./Drivers/STM32F4xx_HAL_Driver/Src/stm32f4xx_hal_sd.o
 .text.SD_InitCard
                0x0000000008007e08      0x19c ./Drivers/STM32F4xx_HAL_Driver/Src/stm32f4xx_hal_sd.o
 .text.SD_PowerON
                0x0000000008007fa4      0x11c ./Drivers/STM32F4xx_HAL_Driver/Src/stm32f4xx_hal_sd.o
 .text.SD_SendStatus
                0x00000000080080c0       0x50 ./Drivers/STM32F4xx_HAL_Driver/Src/stm32f4xx_hal_sd.o
 .text.SD_WideBus_Enable
                0x0000000008008110       0x96 ./Drivers/STM32F4xx_HAL_Driver/Src/stm32f4xx_hal_sd.o
 .text.SD_WideBus_Disable
                0x00000000080081a6       0x96 ./Drivers/STM32F4xx_HAL_Driver/Src/stm32f4xx_hal_sd.o
 .text.SD_FindSCR
                0x000000000800823c      0x1a6 ./Drivers/STM32F4xx_HAL_Driver/Src/stm32f4xx_hal_sd.o
 .text.SD_Read_IT
                0x00000000080083e2       0xa2 ./Drivers/STM32F4xx_HAL_Driver/Src/stm32f4xx_hal_sd.o
 .text.SD_Write_IT
                0x0000000008008484       0xaa ./Drivers/STM32F4xx_HAL_Driver/Src/stm32f4xx_hal_sd.o
 .text.HAL_TIM_Base_Init
                0x000000000800852e       0x9e ./Drivers/STM32F4xx_HAL_Driver/Src/stm32f4xx_hal_tim.o
                0x000000000800852e                HAL_TIM_Base_Init
 .text.HAL_TIM_Base_Start_IT
                0x00000000080085cc       0xe0 ./Drivers/STM32F4xx_HAL_Driver/Src/stm32f4xx_hal_tim.o
                0x00000000080085cc                HAL_TIM_Base_Start_IT
 .text.HAL_TIM_IRQHandler
                0x00000000080086ac      0x210 ./Drivers/STM32F4xx_HAL_Driver/Src/stm32f4xx_hal_tim.o
                0x00000000080086ac                HAL_TIM_IRQHandler
 .text.HAL_TIM_ConfigClockSource
                0x00000000080088bc      0x18e ./Drivers/STM32F4xx_HAL_Driver/Src/stm32f4xx_hal_tim.o
                0x00000000080088bc                HAL_TIM_ConfigClockSource
 .text.HAL_TIM_OC_DelayElapsedCallback
                0x0000000008008a4a       0x14 ./Drivers/STM32F4xx_HAL_Driver/Src/stm32f4xx_hal_tim.o
                0x0000000008008a4a                HAL_TIM_OC_DelayElapsedCallback
 .text.HAL_TIM_IC_CaptureCallback
                0x0000000008008a5e       0x14 ./Drivers/STM32F4xx_HAL_Driver/Src/stm32f4xx_hal_tim.o
                0x0000000008008a5e                HAL_TIM_IC_CaptureCallback
 .text.HAL_TIM_PWM_PulseFinishedCallback
                0x0000000008008a72       0x14 ./Drivers/STM32F4xx_HAL_Driver/Src/stm32f4xx_hal_tim.o
                0x0000000008008a72                HAL_TIM_PWM_PulseFinishedCallback
 .text.HAL_TIM_TriggerCallback
                0x0000000008008a86       0x14 ./Drivers/STM32F4xx_HAL_Driver/Src/stm32f4xx_hal_tim.o
                0x0000000008008a86                HAL_TIM_TriggerCallback
 *fill*         0x0000000008008a9a        0x2 
 .text.TIM_Base_SetConfig
                0x0000000008008a9c      0x140 ./Drivers/STM32F4xx_HAL_Driver/Src/stm32f4xx_hal_tim.o
                0x0000000008008a9c                TIM_Base_SetConfig
 .text.TIM_TI1_ConfigInputStage
                0x0000000008008bdc       0x5e ./Drivers/STM32F4xx_HAL_Driver/Src/stm32f4xx_hal_tim.o
 .text.TIM_TI2_ConfigInputStage
                0x0000000008008c3a       0x60 ./Drivers/STM32F4xx_HAL_Driver/Src/stm32f4xx_hal_tim.o
 .text.TIM_ITRx_SetConfig
                0x0000000008008c9a       0x36 ./Drivers/STM32F4xx_HAL_Driver/Src/stm32f4xx_hal_tim.o
 .text.TIM_ETR_SetConfig
                0x0000000008008cd0       0x40 ./Drivers/STM32F4xx_HAL_Driver/Src/stm32f4xx_hal_tim.o
                0x0000000008008cd0                TIM_ETR_SetConfig
 .text.HAL_TIMEx_MasterConfigSynchronization
                0x0000000008008d10       0xf8 ./Drivers/STM32F4xx_HAL_Driver/Src/stm32f4xx_hal_tim_ex.o
                0x0000000008008d10                HAL_TIMEx_MasterConfigSynchronization
 .text.HAL_TIMEx_CommutCallback
                0x0000000008008e08       0x14 ./Drivers/STM32F4xx_HAL_Driver/Src/stm32f4xx_hal_tim_ex.o
                0x0000000008008e08                HAL_TIMEx_CommutCallback
 .text.HAL_TIMEx_BreakCallback
                0x0000000008008e1c       0x14 ./Drivers/STM32F4xx_HAL_Driver/Src/stm32f4xx_hal_tim_ex.o
                0x0000000008008e1c                HAL_TIMEx_BreakCallback
 .text.HAL_UART_Init
                0x0000000008008e30       0x9a ./Drivers/STM32F4xx_HAL_Driver/Src/stm32f4xx_hal_uart.o
                0x0000000008008e30                HAL_UART_Init
 .text.HAL_UART_Receive
                0x0000000008008eca      0x144 ./Drivers/STM32F4xx_HAL_Driver/Src/stm32f4xx_hal_uart.o
                0x0000000008008eca                HAL_UART_Receive
 *fill*         0x000000000800900e        0x2 
 .text.HAL_UART_IRQHandler
                0x0000000008009010      0x51c ./Drivers/STM32F4xx_HAL_Driver/Src/stm32f4xx_hal_uart.o
                0x0000000008009010                HAL_UART_IRQHandler
 .text.HAL_UART_TxCpltCallback
                0x000000000800952c       0x14 ./Drivers/STM32F4xx_HAL_Driver/Src/stm32f4xx_hal_uart.o
                0x000000000800952c                HAL_UART_TxCpltCallback
 .text.HAL_UART_RxCpltCallback
                0x0000000008009540       0x14 ./Drivers/STM32F4xx_HAL_Driver/Src/stm32f4xx_hal_uart.o
                0x0000000008009540                HAL_UART_RxCpltCallback
 .text.HAL_UART_ErrorCallback
                0x0000000008009554       0x14 ./Drivers/STM32F4xx_HAL_Driver/Src/stm32f4xx_hal_uart.o
                0x0000000008009554                HAL_UART_ErrorCallback
 .text.HAL_UARTEx_RxEventCallback
                0x0000000008009568       0x18 ./Drivers/STM32F4xx_HAL_Driver/Src/stm32f4xx_hal_uart.o
                0x0000000008009568                HAL_UARTEx_RxEventCallback
 .text.UART_WaitOnFlagUntilTimeout
                0x0000000008009580       0xdc ./Drivers/STM32F4xx_HAL_Driver/Src/stm32f4xx_hal_uart.o
 .text.UART_EndRxTransfer
                0x000000000800965c       0xc6 ./Drivers/STM32F4xx_HAL_Driver/Src/stm32f4xx_hal_uart.o
 .text.UART_DMAAbortOnError
                0x0000000008009722       0x28 ./Drivers/STM32F4xx_HAL_Driver/Src/stm32f4xx_hal_uart.o
 .text.UART_Transmit_IT
                0x000000000800974a       0xa0 ./Drivers/STM32F4xx_HAL_Driver/Src/stm32f4xx_hal_uart.o
 .text.UART_EndTransmit_IT
                0x00000000080097ea       0x30 ./Drivers/STM32F4xx_HAL_Driver/Src/stm32f4xx_hal_uart.o
 .text.UART_Receive_IT
                0x000000000800981a      0x176 ./Drivers/STM32F4xx_HAL_Driver/Src/stm32f4xx_hal_uart.o
 .text.UART_SetConfig
                0x0000000008009990      0x4e8 ./Drivers/STM32F4xx_HAL_Driver/Src/stm32f4xx_hal_uart.o
 .text.SDIO_Init
                0x0000000008009e78       0x56 ./Drivers/STM32F4xx_HAL_Driver/Src/stm32f4xx_ll_sdmmc.o
                0x0000000008009e78                SDIO_Init
 .text.SDIO_ReadFIFO
                0x0000000008009ece       0x1a ./Drivers/STM32F4xx_HAL_Driver/Src/stm32f4xx_ll_sdmmc.o
                0x0000000008009ece                SDIO_ReadFIFO
 .text.SDIO_WriteFIFO
                0x0000000008009ee8       0x22 ./Drivers/STM32F4xx_HAL_Driver/Src/stm32f4xx_ll_sdmmc.o
                0x0000000008009ee8                SDIO_WriteFIFO
 .text.SDIO_PowerState_ON
                0x0000000008009f0a       0x1c ./Drivers/STM32F4xx_HAL_Driver/Src/stm32f4xx_ll_sdmmc.o
                0x0000000008009f0a                SDIO_PowerState_ON
 .text.SDIO_GetPowerState
                0x0000000008009f26       0x1c ./Drivers/STM32F4xx_HAL_Driver/Src/stm32f4xx_ll_sdmmc.o
                0x0000000008009f26                SDIO_GetPowerState
 .text.SDIO_SendCommand
                0x0000000008009f42       0x54 ./Drivers/STM32F4xx_HAL_Driver/Src/stm32f4xx_ll_sdmmc.o
                0x0000000008009f42                SDIO_SendCommand
 .text.SDIO_GetCommandResponse
                0x0000000008009f96       0x1a ./Drivers/STM32F4xx_HAL_Driver/Src/stm32f4xx_ll_sdmmc.o
                0x0000000008009f96                SDIO_GetCommandResponse
 .text.SDIO_GetResponse
                0x0000000008009fb0       0x26 ./Drivers/STM32F4xx_HAL_Driver/Src/stm32f4xx_ll_sdmmc.o
                0x0000000008009fb0                SDIO_GetResponse
 .text.SDIO_ConfigData
                0x0000000008009fd6       0x58 ./Drivers/STM32F4xx_HAL_Driver/Src/stm32f4xx_ll_sdmmc.o
                0x0000000008009fd6                SDIO_ConfigData
 .text.SDMMC_CmdBlockLength
                0x000000000800a02e       0x44 ./Drivers/STM32F4xx_HAL_Driver/Src/stm32f4xx_ll_sdmmc.o
                0x000000000800a02e                SDMMC_CmdBlockLength
 .text.SDMMC_CmdReadSingleBlock
                0x000000000800a072       0x44 ./Drivers/STM32F4xx_HAL_Driver/Src/stm32f4xx_ll_sdmmc.o
                0x000000000800a072                SDMMC_CmdReadSingleBlock
 .text.SDMMC_CmdReadMultiBlock
                0x000000000800a0b6       0x44 ./Drivers/STM32F4xx_HAL_Driver/Src/stm32f4xx_ll_sdmmc.o
                0x000000000800a0b6                SDMMC_CmdReadMultiBlock
 .text.SDMMC_CmdWriteSingleBlock
                0x000000000800a0fa       0x44 ./Drivers/STM32F4xx_HAL_Driver/Src/stm32f4xx_ll_sdmmc.o
                0x000000000800a0fa                SDMMC_CmdWriteSingleBlock
 .text.SDMMC_CmdWriteMultiBlock
                0x000000000800a13e       0x44 ./Drivers/STM32F4xx_HAL_Driver/Src/stm32f4xx_ll_sdmmc.o
                0x000000000800a13e                SDMMC_CmdWriteMultiBlock
 *fill*         0x000000000800a182        0x2 
 .text.SDMMC_CmdStopTransfer
                0x000000000800a184       0x44 ./Drivers/STM32F4xx_HAL_Driver/Src/stm32f4xx_ll_sdmmc.o
                0x000000000800a184                SDMMC_CmdStopTransfer
 .text.SDMMC_CmdSelDesel
                0x000000000800a1c8       0x46 ./Drivers/STM32F4xx_HAL_Driver/Src/stm32f4xx_ll_sdmmc.o
                0x000000000800a1c8                SDMMC_CmdSelDesel
 .text.SDMMC_CmdGoIdleState
                0x000000000800a20e       0x3c ./Drivers/STM32F4xx_HAL_Driver/Src/stm32f4xx_ll_sdmmc.o
                0x000000000800a20e                SDMMC_CmdGoIdleState
 .text.SDMMC_CmdOperCond
                0x000000000800a24a       0x3e ./Drivers/STM32F4xx_HAL_Driver/Src/stm32f4xx_ll_sdmmc.o
                0x000000000800a24a                SDMMC_CmdOperCond
 .text.SDMMC_CmdAppCommand
                0x000000000800a288       0x44 ./Drivers/STM32F4xx_HAL_Driver/Src/stm32f4xx_ll_sdmmc.o
                0x000000000800a288                SDMMC_CmdAppCommand
 .text.SDMMC_CmdAppOperCommand
                0x000000000800a2cc       0x46 ./Drivers/STM32F4xx_HAL_Driver/Src/stm32f4xx_ll_sdmmc.o
                0x000000000800a2cc                SDMMC_CmdAppOperCommand
 .text.SDMMC_CmdBusWidth
                0x000000000800a312       0x44 ./Drivers/STM32F4xx_HAL_Driver/Src/stm32f4xx_ll_sdmmc.o
                0x000000000800a312                SDMMC_CmdBusWidth
 .text.SDMMC_CmdSendSCR
                0x000000000800a356       0x42 ./Drivers/STM32F4xx_HAL_Driver/Src/stm32f4xx_ll_sdmmc.o
                0x000000000800a356                SDMMC_CmdSendSCR
 .text.SDMMC_CmdSendCID
                0x000000000800a398       0x3c ./Drivers/STM32F4xx_HAL_Driver/Src/stm32f4xx_ll_sdmmc.o
                0x000000000800a398                SDMMC_CmdSendCID
 .text.SDMMC_CmdSendCSD
                0x000000000800a3d4       0x3e ./Drivers/STM32F4xx_HAL_Driver/Src/stm32f4xx_ll_sdmmc.o
                0x000000000800a3d4                SDMMC_CmdSendCSD
 .text.SDMMC_CmdSetRelAdd
                0x000000000800a412       0x42 ./Drivers/STM32F4xx_HAL_Driver/Src/stm32f4xx_ll_sdmmc.o
                0x000000000800a412                SDMMC_CmdSetRelAdd
 .text.SDMMC_CmdSendStatus
                0x000000000800a454       0x44 ./Drivers/STM32F4xx_HAL_Driver/Src/stm32f4xx_ll_sdmmc.o
                0x000000000800a454                SDMMC_CmdSendStatus
 .text.SDMMC_GetCmdResp1
                0x000000000800a498      0x1dc ./Drivers/STM32F4xx_HAL_Driver/Src/stm32f4xx_ll_sdmmc.o
                0x000000000800a498                SDMMC_GetCmdResp1
 .text.SDMMC_GetCmdResp2
                0x000000000800a674       0x90 ./Drivers/STM32F4xx_HAL_Driver/Src/stm32f4xx_ll_sdmmc.o
                0x000000000800a674                SDMMC_GetCmdResp2
 .text.SDMMC_GetCmdResp3
                0x000000000800a704       0x7c ./Drivers/STM32F4xx_HAL_Driver/Src/stm32f4xx_ll_sdmmc.o
                0x000000000800a704                SDMMC_GetCmdResp3
 .text.SDMMC_GetCmdResp6
                0x000000000800a780       0xec ./Drivers/STM32F4xx_HAL_Driver/Src/stm32f4xx_ll_sdmmc.o
                0x000000000800a780                SDMMC_GetCmdResp6
 .text.SDMMC_GetCmdResp7
                0x000000000800a86c       0x9c ./Drivers/STM32F4xx_HAL_Driver/Src/stm32f4xx_ll_sdmmc.o
                0x000000000800a86c                SDMMC_GetCmdResp7
 .text.SDMMC_GetCmdError
                0x000000000800a908       0x58 ./Drivers/STM32F4xx_HAL_Driver/Src/stm32f4xx_ll_sdmmc.o
 .text.USB_CoreInit
                0x000000000800a960       0xc2 ./Drivers/STM32F4xx_HAL_Driver/Src/stm32f4xx_ll_usb.o
                0x000000000800a960                USB_CoreInit
 *fill*         0x000000000800aa22        0x2 
 .text.USB_SetTurnaroundTime
                0x000000000800aa24      0x144 ./Drivers/STM32F4xx_HAL_Driver/Src/stm32f4xx_ll_usb.o
                0x000000000800aa24                USB_SetTurnaroundTime
 .text.USB_EnableGlobalInt
                0x000000000800ab68       0x22 ./Drivers/STM32F4xx_HAL_Driver/Src/stm32f4xx_ll_usb.o
                0x000000000800ab68                USB_EnableGlobalInt
 .text.USB_DisableGlobalInt
                0x000000000800ab8a       0x22 ./Drivers/STM32F4xx_HAL_Driver/Src/stm32f4xx_ll_usb.o
                0x000000000800ab8a                USB_DisableGlobalInt
 .text.USB_SetCurrentMode
                0x000000000800abac       0x98 ./Drivers/STM32F4xx_HAL_Driver/Src/stm32f4xx_ll_usb.o
                0x000000000800abac                USB_SetCurrentMode
 .text.USB_DevInit
                0x000000000800ac44      0x2c8 ./Drivers/STM32F4xx_HAL_Driver/Src/stm32f4xx_ll_usb.o
                0x000000000800ac44                USB_DevInit
 .text.USB_FlushTxFifo
                0x000000000800af0c       0x68 ./Drivers/STM32F4xx_HAL_Driver/Src/stm32f4xx_ll_usb.o
                0x000000000800af0c                USB_FlushTxFifo
 .text.USB_FlushRxFifo
                0x000000000800af74       0x60 ./Drivers/STM32F4xx_HAL_Driver/Src/stm32f4xx_ll_usb.o
                0x000000000800af74                USB_FlushRxFifo
 .text.USB_SetDevSpeed
                0x000000000800afd4       0x32 ./Drivers/STM32F4xx_HAL_Driver/Src/stm32f4xx_ll_usb.o
                0x000000000800afd4                USB_SetDevSpeed
 .text.USB_GetDevSpeed
                0x000000000800b006       0x4a ./Drivers/STM32F4xx_HAL_Driver/Src/stm32f4xx_ll_usb.o
                0x000000000800b006                USB_GetDevSpeed
 .text.USB_ActivateEndpoint
                0x000000000800b050      0x10e ./Drivers/STM32F4xx_HAL_Driver/Src/stm32f4xx_ll_usb.o
                0x000000000800b050                USB_ActivateEndpoint
 *fill*         0x000000000800b15e        0x2 
 .text.USB_DeactivateEndpoint
                0x000000000800b160      0x1b8 ./Drivers/STM32F4xx_HAL_Driver/Src/stm32f4xx_ll_usb.o
                0x000000000800b160                USB_DeactivateEndpoint
 .text.USB_EPStartXfer
                0x000000000800b318      0x490 ./Drivers/STM32F4xx_HAL_Driver/Src/stm32f4xx_ll_usb.o
                0x000000000800b318                USB_EPStartXfer
 .text.USB_EP0StartXfer
                0x000000000800b7a8      0x2b0 ./Drivers/STM32F4xx_HAL_Driver/Src/stm32f4xx_ll_usb.o
                0x000000000800b7a8                USB_EP0StartXfer
 .text.USB_EPStopXfer
                0x000000000800ba58      0x154 ./Drivers/STM32F4xx_HAL_Driver/Src/stm32f4xx_ll_usb.o
                0x000000000800ba58                USB_EPStopXfer
 .text.USB_WritePacket
                0x000000000800bbac       0x7c ./Drivers/STM32F4xx_HAL_Driver/Src/stm32f4xx_ll_usb.o
                0x000000000800bbac                USB_WritePacket
 .text.USB_ReadPacket
                0x000000000800bc28       0xb0 ./Drivers/STM32F4xx_HAL_Driver/Src/stm32f4xx_ll_usb.o
                0x000000000800bc28                USB_ReadPacket
 .text.USB_EPSetStall
                0x000000000800bcd8       0xdc ./Drivers/STM32F4xx_HAL_Driver/Src/stm32f4xx_ll_usb.o
                0x000000000800bcd8                USB_EPSetStall
 .text.USB_EPClearStall
                0x000000000800bdb4       0xcc ./Drivers/STM32F4xx_HAL_Driver/Src/stm32f4xx_ll_usb.o
                0x000000000800bdb4                USB_EPClearStall
 .text.USB_SetDevAddress
                0x000000000800be80       0x4c ./Drivers/STM32F4xx_HAL_Driver/Src/stm32f4xx_ll_usb.o
                0x000000000800be80                USB_SetDevAddress
 .text.USB_DevConnect
                0x000000000800becc       0x42 ./Drivers/STM32F4xx_HAL_Driver/Src/stm32f4xx_ll_usb.o
                0x000000000800becc                USB_DevConnect
 .text.USB_DevDisconnect
                0x000000000800bf0e       0x42 ./Drivers/STM32F4xx_HAL_Driver/Src/stm32f4xx_ll_usb.o
                0x000000000800bf0e                USB_DevDisconnect
 .text.USB_ReadInterrupts
                0x000000000800bf50       0x26 ./Drivers/STM32F4xx_HAL_Driver/Src/stm32f4xx_ll_usb.o
                0x000000000800bf50                USB_ReadInterrupts
 .text.USB_ReadDevAllOutEpInterrupt
                0x000000000800bf76       0x34 ./Drivers/STM32F4xx_HAL_Driver/Src/stm32f4xx_ll_usb.o
                0x000000000800bf76                USB_ReadDevAllOutEpInterrupt
 .text.USB_ReadDevAllInEpInterrupt
                0x000000000800bfaa       0x34 ./Drivers/STM32F4xx_HAL_Driver/Src/stm32f4xx_ll_usb.o
                0x000000000800bfaa                USB_ReadDevAllInEpInterrupt
 .text.USB_ReadDevOutEPInterrupt
                0x000000000800bfde       0x3c ./Drivers/STM32F4xx_HAL_Driver/Src/stm32f4xx_ll_usb.o
                0x000000000800bfde                USB_ReadDevOutEPInterrupt
 .text.USB_ReadDevInEPInterrupt
                0x000000000800c01a       0x5c ./Drivers/STM32F4xx_HAL_Driver/Src/stm32f4xx_ll_usb.o
                0x000000000800c01a                USB_ReadDevInEPInterrupt
 .text.USB_GetMode
                0x000000000800c076       0x1c ./Drivers/STM32F4xx_HAL_Driver/Src/stm32f4xx_ll_usb.o
                0x000000000800c076                USB_GetMode
 .text.USB_ActivateSetup
                0x000000000800c092       0x46 ./Drivers/STM32F4xx_HAL_Driver/Src/stm32f4xx_ll_usb.o
                0x000000000800c092                USB_ActivateSetup
 .text.USB_EP0_OutStart
                0x000000000800c0d8       0xbc ./Drivers/STM32F4xx_HAL_Driver/Src/stm32f4xx_ll_usb.o
                0x000000000800c0d8                USB_EP0_OutStart
 .text.USB_CoreReset
                0x000000000800c194       0x68 ./Drivers/STM32F4xx_HAL_Driver/Src/stm32f4xx_ll_usb.o
 .text.MX_FATFS_Init
                0x000000000800c1fc       0x24 ./FATFS/App/fatfs.o
                0x000000000800c1fc                MX_FATFS_Init
 .text.get_fattime
                0x000000000800c220       0x10 ./FATFS/App/fatfs.o
                0x000000000800c220                get_fattime
 .text.BSP_SD_Init
                0x000000000800c230       0x4c ./FATFS/Target/bsp_driver_sd.o
                0x000000000800c230                BSP_SD_Init
 .text.BSP_SD_ReadBlocks_DMA
                0x000000000800c27c       0x34 ./FATFS/Target/bsp_driver_sd.o
                0x000000000800c27c                BSP_SD_ReadBlocks_DMA
 .text.BSP_SD_WriteBlocks_DMA
                0x000000000800c2b0       0x34 ./FATFS/Target/bsp_driver_sd.o
                0x000000000800c2b0                BSP_SD_WriteBlocks_DMA
 .text.BSP_SD_GetCardState
                0x000000000800c2e4       0x20 ./FATFS/Target/bsp_driver_sd.o
                0x000000000800c2e4                BSP_SD_GetCardState
 .text.BSP_SD_GetCardInfo
                0x000000000800c304       0x1c ./FATFS/Target/bsp_driver_sd.o
                0x000000000800c304                BSP_SD_GetCardInfo
 .text.HAL_SD_AbortCallback
                0x000000000800c320       0x14 ./FATFS/Target/bsp_driver_sd.o
                0x000000000800c320                HAL_SD_AbortCallback
 .text.HAL_SD_TxCpltCallback
                0x000000000800c334       0x14 ./FATFS/Target/bsp_driver_sd.o
                0x000000000800c334                HAL_SD_TxCpltCallback
 .text.HAL_SD_RxCpltCallback
                0x000000000800c348       0x14 ./FATFS/Target/bsp_driver_sd.o
                0x000000000800c348                HAL_SD_RxCpltCallback
 .text.BSP_SD_AbortCallback
                0x000000000800c35c        0xe ./FATFS/Target/bsp_driver_sd.o
                0x000000000800c35c                BSP_SD_AbortCallback
 .text.BSP_SD_IsDetected
                0x000000000800c36a       0x24 ./FATFS/Target/bsp_driver_sd.o
                0x000000000800c36a                BSP_SD_IsDetected
 *fill*         0x000000000800c38e        0x2 
 .text.BSP_PlatformIsDetected
                0x000000000800c390       0x2c ./FATFS/Target/fatfs_platform.o
                0x000000000800c390                BSP_PlatformIsDetected
 .text.SD_CheckStatusWithTimeout
                0x000000000800c3bc       0x3a ./FATFS/Target/sd_diskio.o
 *fill*         0x000000000800c3f6        0x2 
 .text.SD_CheckStatus
                0x000000000800c3f8       0x3c ./FATFS/Target/sd_diskio.o
 .text.SD_initialize
                0x000000000800c434       0x38 ./FATFS/Target/sd_diskio.o
                0x000000000800c434                SD_initialize
 .text.SD_status
                0x000000000800c46c       0x1c ./FATFS/Target/sd_diskio.o
                0x000000000800c46c                SD_status
 .text.SD_read  0x000000000800c488       0xac ./FATFS/Target/sd_diskio.o
                0x000000000800c488                SD_read
 .text.SD_write
                0x000000000800c534       0xac ./FATFS/Target/sd_diskio.o
                0x000000000800c534                SD_write
 .text.SD_ioctl
                0x000000000800c5e0       0xb0 ./FATFS/Target/sd_diskio.o
                0x000000000800c5e0                SD_ioctl
 .text.BSP_SD_WriteCpltCallback
                0x000000000800c690       0x18 ./FATFS/Target/sd_diskio.o
                0x000000000800c690                BSP_SD_WriteCpltCallback
 .text.BSP_SD_ReadCpltCallback
                0x000000000800c6a8       0x18 ./FATFS/Target/sd_diskio.o
                0x000000000800c6a8                BSP_SD_ReadCpltCallback
 .text.USBD_CDC_Init
                0x000000000800c6c0      0x1f0 ./Middlewares/ST/STM32_USB_Device_Library/Class/CDC/Src/usbd_cdc.o
 .text.USBD_CDC_DeInit
                0x000000000800c8b0      0x104 ./Middlewares/ST/STM32_USB_Device_Library/Class/CDC/Src/usbd_cdc.o
 .text.USBD_CDC_Setup
                0x000000000800c9b4      0x1b8 ./Middlewares/ST/STM32_USB_Device_Library/Class/CDC/Src/usbd_cdc.o
 .text.USBD_CDC_DataIn
                0x000000000800cb6c       0xfe ./Middlewares/ST/STM32_USB_Device_Library/Class/CDC/Src/usbd_cdc.o
 .text.USBD_CDC_DataOut
                0x000000000800cc6a       0x70 ./Middlewares/ST/STM32_USB_Device_Library/Class/CDC/Src/usbd_cdc.o
 .text.USBD_CDC_EP0_RxReady
                0x000000000800ccda       0x76 ./Middlewares/ST/STM32_USB_Device_Library/Class/CDC/Src/usbd_cdc.o
 .text.USBD_CDC_GetFSCfgDesc
                0x000000000800cd50       0x70 ./Middlewares/ST/STM32_USB_Device_Library/Class/CDC/Src/usbd_cdc.o
 .text.USBD_CDC_GetHSCfgDesc
                0x000000000800cdc0       0x70 ./Middlewares/ST/STM32_USB_Device_Library/Class/CDC/Src/usbd_cdc.o
 .text.USBD_CDC_GetOtherSpeedCfgDesc
                0x000000000800ce30       0x70 ./Middlewares/ST/STM32_USB_Device_Library/Class/CDC/Src/usbd_cdc.o
 .text.USBD_CDC_GetDeviceQualifierDescriptor
                0x000000000800cea0       0x20 ./Middlewares/ST/STM32_USB_Device_Library/Class/CDC/Src/usbd_cdc.o
                0x000000000800cea0                USBD_CDC_GetDeviceQualifierDescriptor
 .text.USBD_CDC_RegisterInterface
                0x000000000800cec0       0x34 ./Middlewares/ST/STM32_USB_Device_Library/Class/CDC/Src/usbd_cdc.o
                0x000000000800cec0                USBD_CDC_RegisterInterface
 .text.USBD_CDC_SetTxBuffer
                0x000000000800cef4       0x44 ./Middlewares/ST/STM32_USB_Device_Library/Class/CDC/Src/usbd_cdc.o
                0x000000000800cef4                USBD_CDC_SetTxBuffer
 .text.USBD_CDC_SetRxBuffer
                0x000000000800cf38       0x3a ./Middlewares/ST/STM32_USB_Device_Library/Class/CDC/Src/usbd_cdc.o
                0x000000000800cf38                USBD_CDC_SetRxBuffer
 *fill*         0x000000000800cf72        0x2 
 .text.USBD_CDC_TransmitPacket
                0x000000000800cf74       0x8c ./Middlewares/ST/STM32_USB_Device_Library/Class/CDC/Src/usbd_cdc.o
                0x000000000800cf74                USBD_CDC_TransmitPacket
 .text.USBD_CDC_ReceivePacket
                0x000000000800d000       0x6c ./Middlewares/ST/STM32_USB_Device_Library/Class/CDC/Src/usbd_cdc.o
                0x000000000800d000                USBD_CDC_ReceivePacket
 .text.USBD_Init
                0x000000000800d06c       0x60 ./Middlewares/ST/STM32_USB_Device_Library/Core/Src/usbd_core.o
                0x000000000800d06c                USBD_Init
 .text.USBD_RegisterClass
                0x000000000800d0cc       0x6c ./Middlewares/ST/STM32_USB_Device_Library/Core/Src/usbd_core.o
                0x000000000800d0cc                USBD_RegisterClass
 .text.USBD_Start
                0x000000000800d138       0x18 ./Middlewares/ST/STM32_USB_Device_Library/Core/Src/usbd_core.o
                0x000000000800d138                USBD_Start
 .text.USBD_RunTestMode
                0x000000000800d150       0x16 ./Middlewares/ST/STM32_USB_Device_Library/Core/Src/usbd_core.o
                0x000000000800d150                USBD_RunTestMode
 .text.USBD_SetClassConfig
                0x000000000800d166       0x38 ./Middlewares/ST/STM32_USB_Device_Library/Core/Src/usbd_core.o
                0x000000000800d166                USBD_SetClassConfig
 .text.USBD_ClrClassConfig
                0x000000000800d19e       0x34 ./Middlewares/ST/STM32_USB_Device_Library/Core/Src/usbd_core.o
                0x000000000800d19e                USBD_ClrClassConfig
 .text.USBD_LL_SetupStage
                0x000000000800d1d2       0xaa ./Middlewares/ST/STM32_USB_Device_Library/Core/Src/usbd_core.o
                0x000000000800d1d2                USBD_LL_SetupStage
 .text.USBD_LL_DataOutStage
                0x000000000800d27c      0x166 ./Middlewares/ST/STM32_USB_Device_Library/Core/Src/usbd_core.o
                0x000000000800d27c                USBD_LL_DataOutStage
 .text.USBD_LL_DataInStage
                0x000000000800d3e2      0x164 ./Middlewares/ST/STM32_USB_Device_Library/Core/Src/usbd_core.o
                0x000000000800d3e2                USBD_LL_DataInStage
 .text.USBD_LL_Reset
                0x000000000800d546       0xa4 ./Middlewares/ST/STM32_USB_Device_Library/Core/Src/usbd_core.o
                0x000000000800d546                USBD_LL_Reset
 .text.USBD_LL_SetSpeed
                0x000000000800d5ea       0x20 ./Middlewares/ST/STM32_USB_Device_Library/Core/Src/usbd_core.o
                0x000000000800d5ea                USBD_LL_SetSpeed
 .text.USBD_LL_Suspend
                0x000000000800d60a       0x2c ./Middlewares/ST/STM32_USB_Device_Library/Core/Src/usbd_core.o
                0x000000000800d60a                USBD_LL_Suspend
 .text.USBD_LL_Resume
                0x000000000800d636       0x30 ./Middlewares/ST/STM32_USB_Device_Library/Core/Src/usbd_core.o
                0x000000000800d636                USBD_LL_Resume
 .text.USBD_LL_SOF
                0x000000000800d666       0x40 ./Middlewares/ST/STM32_USB_Device_Library/Core/Src/usbd_core.o
                0x000000000800d666                USBD_LL_SOF
 .text.USBD_LL_IsoINIncomplete
                0x000000000800d6a6       0x64 ./Middlewares/ST/STM32_USB_Device_Library/Core/Src/usbd_core.o
                0x000000000800d6a6                USBD_LL_IsoINIncomplete
 .text.USBD_LL_IsoOUTIncomplete
                0x000000000800d70a       0x64 ./Middlewares/ST/STM32_USB_Device_Library/Core/Src/usbd_core.o
                0x000000000800d70a                USBD_LL_IsoOUTIncomplete
 .text.USBD_LL_DevConnected
                0x000000000800d76e       0x16 ./Middlewares/ST/STM32_USB_Device_Library/Core/Src/usbd_core.o
                0x000000000800d76e                USBD_LL_DevConnected
 .text.USBD_LL_DevDisconnected
                0x000000000800d784       0x46 ./Middlewares/ST/STM32_USB_Device_Library/Core/Src/usbd_core.o
                0x000000000800d784                USBD_LL_DevDisconnected
 .text.USBD_CoreFindIF
                0x000000000800d7ca       0x1a ./Middlewares/ST/STM32_USB_Device_Library/Core/Src/usbd_core.o
                0x000000000800d7ca                USBD_CoreFindIF
 .text.USBD_CoreFindEP
                0x000000000800d7e4       0x1a ./Middlewares/ST/STM32_USB_Device_Library/Core/Src/usbd_core.o
                0x000000000800d7e4                USBD_CoreFindEP
 .text.USBD_GetEpDesc
                0x000000000800d7fe       0x74 ./Middlewares/ST/STM32_USB_Device_Library/Core/Src/usbd_core.o
                0x000000000800d7fe                USBD_GetEpDesc
 .text.USBD_GetNextDesc
                0x000000000800d872       0x3a ./Middlewares/ST/STM32_USB_Device_Library/Core/Src/usbd_core.o
                0x000000000800d872                USBD_GetNextDesc
 .text.SWAPBYTE
                0x000000000800d8ac       0x3c ./Middlewares/ST/STM32_USB_Device_Library/Core/Src/usbd_ctlreq.o
 .text.USBD_StdDevReq
                0x000000000800d8e8       0xe4 ./Middlewares/ST/STM32_USB_Device_Library/Core/Src/usbd_ctlreq.o
                0x000000000800d8e8                USBD_StdDevReq
 .text.USBD_StdItfReq
                0x000000000800d9cc       0xd8 ./Middlewares/ST/STM32_USB_Device_Library/Core/Src/usbd_ctlreq.o
                0x000000000800d9cc                USBD_StdItfReq
 .text.USBD_StdEPReq
                0x000000000800daa4      0x33a ./Middlewares/ST/STM32_USB_Device_Library/Core/Src/usbd_ctlreq.o
                0x000000000800daa4                USBD_StdEPReq
 *fill*         0x000000000800ddde        0x2 
 .text.USBD_GetDescriptor
                0x000000000800dde0      0x2d4 ./Middlewares/ST/STM32_USB_Device_Library/Core/Src/usbd_ctlreq.o
 .text.USBD_SetAddress
                0x000000000800e0b4       0x88 ./Middlewares/ST/STM32_USB_Device_Library/Core/Src/usbd_ctlreq.o
 .text.USBD_SetConfig
                0x000000000800e13c      0x154 ./Middlewares/ST/STM32_USB_Device_Library/Core/Src/usbd_ctlreq.o
 .text.USBD_GetConfig
                0x000000000800e290       0x6c ./Middlewares/ST/STM32_USB_Device_Library/Core/Src/usbd_ctlreq.o
 .text.USBD_GetStatus
                0x000000000800e2fc       0x68 ./Middlewares/ST/STM32_USB_Device_Library/Core/Src/usbd_ctlreq.o
 .text.USBD_SetFeature
                0x000000000800e364       0x52 ./Middlewares/ST/STM32_USB_Device_Library/Core/Src/usbd_ctlreq.o
 .text.USBD_ClrFeature
                0x000000000800e3b6       0x44 ./Middlewares/ST/STM32_USB_Device_Library/Core/Src/usbd_ctlreq.o
 .text.USBD_ParseSetupRequest
                0x000000000800e3fa       0x74 ./Middlewares/ST/STM32_USB_Device_Library/Core/Src/usbd_ctlreq.o
                0x000000000800e3fa                USBD_ParseSetupRequest
 .text.USBD_CtlError
                0x000000000800e46e       0x22 ./Middlewares/ST/STM32_USB_Device_Library/Core/Src/usbd_ctlreq.o
                0x000000000800e46e                USBD_CtlError
 .text.USBD_GetString
                0x000000000800e490       0x8c ./Middlewares/ST/STM32_USB_Device_Library/Core/Src/usbd_ctlreq.o
                0x000000000800e490                USBD_GetString
 .text.USBD_GetLen
                0x000000000800e51c       0x34 ./Middlewares/ST/STM32_USB_Device_Library/Core/Src/usbd_ctlreq.o
 .text.USBD_CtlSendData
                0x000000000800e550       0x36 ./Middlewares/ST/STM32_USB_Device_Library/Core/Src/usbd_ioreq.o
                0x000000000800e550                USBD_CtlSendData
 .text.USBD_CtlContinueSendData
                0x000000000800e586       0x22 ./Middlewares/ST/STM32_USB_Device_Library/Core/Src/usbd_ioreq.o
                0x000000000800e586                USBD_CtlContinueSendData
 .text.USBD_CtlPrepareRx
                0x000000000800e5a8       0x3a ./Middlewares/ST/STM32_USB_Device_Library/Core/Src/usbd_ioreq.o
                0x000000000800e5a8                USBD_CtlPrepareRx
 .text.USBD_CtlContinueRx
                0x000000000800e5e2       0x22 ./Middlewares/ST/STM32_USB_Device_Library/Core/Src/usbd_ioreq.o
                0x000000000800e5e2                USBD_CtlContinueRx
 .text.USBD_CtlSendStatus
                0x000000000800e604       0x26 ./Middlewares/ST/STM32_USB_Device_Library/Core/Src/usbd_ioreq.o
                0x000000000800e604                USBD_CtlSendStatus
 .text.USBD_CtlReceiveStatus
                0x000000000800e62a       0x26 ./Middlewares/ST/STM32_USB_Device_Library/Core/Src/usbd_ioreq.o
                0x000000000800e62a                USBD_CtlReceiveStatus
 .text.disk_status
                0x000000000800e650       0x34 ./Middlewares/Third_Party/FatFs/src/diskio.o
                0x000000000800e650                disk_status
 .text.disk_initialize
                0x000000000800e684       0x4c ./Middlewares/Third_Party/FatFs/src/diskio.o
                0x000000000800e684                disk_initialize
 .text.disk_read
                0x000000000800e6d0       0x40 ./Middlewares/Third_Party/FatFs/src/diskio.o
                0x000000000800e6d0                disk_read
 .text.disk_write
                0x000000000800e710       0x40 ./Middlewares/Third_Party/FatFs/src/diskio.o
                0x000000000800e710                disk_write
 .text.disk_ioctl
                0x000000000800e750       0x3c ./Middlewares/Third_Party/FatFs/src/diskio.o
                0x000000000800e750                disk_ioctl
 .text.ld_word  0x000000000800e78c       0x30 ./Middlewares/Third_Party/FatFs/src/ff.o
 .text.ld_dword
                0x000000000800e7bc       0x46 ./Middlewares/Third_Party/FatFs/src/ff.o
 .text.st_word  0x000000000800e802       0x36 ./Middlewares/Third_Party/FatFs/src/ff.o
 .text.st_dword
                0x000000000800e838       0x58 ./Middlewares/Third_Party/FatFs/src/ff.o
 .text.mem_cpy  0x000000000800e890       0x42 ./Middlewares/Third_Party/FatFs/src/ff.o
 .text.mem_set  0x000000000800e8d2       0x36 ./Middlewares/Third_Party/FatFs/src/ff.o
 .text.mem_cmp  0x000000000800e908       0x4e ./Middlewares/Third_Party/FatFs/src/ff.o
 .text.chk_chr  0x000000000800e956       0x36 ./Middlewares/Third_Party/FatFs/src/ff.o
 .text.chk_lock
                0x000000000800e98c       0xb8 ./Middlewares/Third_Party/FatFs/src/ff.o
 .text.enq_lock
                0x000000000800ea44       0x44 ./Middlewares/Third_Party/FatFs/src/ff.o
 .text.inc_lock
                0x000000000800ea88      0x11c ./Middlewares/Third_Party/FatFs/src/ff.o
 .text.dec_lock
                0x000000000800eba4       0x78 ./Middlewares/Third_Party/FatFs/src/ff.o
 .text.clear_lock
                0x000000000800ec1c       0x48 ./Middlewares/Third_Party/FatFs/src/ff.o
 .text.sync_window
                0x000000000800ec64       0x88 ./Middlewares/Third_Party/FatFs/src/ff.o
 .text.move_window
                0x000000000800ecec       0x5a ./Middlewares/Third_Party/FatFs/src/ff.o
 *fill*         0x000000000800ed46        0x2 
 .text.sync_fs  0x000000000800ed48       0xe0 ./Middlewares/Third_Party/FatFs/src/ff.o
 .text.clust2sect
                0x000000000800ee28       0x3e ./Middlewares/Third_Party/FatFs/src/ff.o
 .text.get_fat  0x000000000800ee66      0x1a8 ./Middlewares/Third_Party/FatFs/src/ff.o
 .text.put_fat  0x000000000800f00e      0x234 ./Middlewares/Third_Party/FatFs/src/ff.o
 .text.remove_chain
                0x000000000800f242       0xca ./Middlewares/Third_Party/FatFs/src/ff.o
 .text.create_chain
                0x000000000800f30c      0x130 ./Middlewares/Third_Party/FatFs/src/ff.o
 .text.clmt_clust
                0x000000000800f43c       0x70 ./Middlewares/Third_Party/FatFs/src/ff.o
 .text.dir_sdi  0x000000000800f4ac      0x112 ./Middlewares/Third_Party/FatFs/src/ff.o
 .text.dir_next
                0x000000000800f5be      0x1ac ./Middlewares/Third_Party/FatFs/src/ff.o
 .text.dir_alloc
                0x000000000800f76a       0x8e ./Middlewares/Third_Party/FatFs/src/ff.o
 .text.ld_clust
                0x000000000800f7f8       0x3e ./Middlewares/Third_Party/FatFs/src/ff.o
 .text.st_clust
                0x000000000800f836       0x40 ./Middlewares/Third_Party/FatFs/src/ff.o
 .text.dir_find
                0x000000000800f876       0xaa ./Middlewares/Third_Party/FatFs/src/ff.o
 .text.dir_register
                0x000000000800f920       0x64 ./Middlewares/Third_Party/FatFs/src/ff.o
 .text.create_name
                0x000000000800f984      0x128 ./Middlewares/Third_Party/FatFs/src/ff.o
 .text.follow_path
                0x000000000800faac       0xec ./Middlewares/Third_Party/FatFs/src/ff.o
 .text.get_ldnumber
                0x000000000800fb98       0x88 ./Middlewares/Third_Party/FatFs/src/ff.o
 .text.check_fs
                0x000000000800fc20       0xac ./Middlewares/Third_Party/FatFs/src/ff.o
 .text.find_volume
                0x000000000800fccc      0x500 ./Middlewares/Third_Party/FatFs/src/ff.o
 .text.validate
                0x00000000080101cc       0x6a ./Middlewares/Third_Party/FatFs/src/ff.o
 *fill*         0x0000000008010236        0x2 
 .text.f_mount  0x0000000008010238       0x8c ./Middlewares/Third_Party/FatFs/src/ff.o
                0x0000000008010238                f_mount
 .text.f_open   0x00000000080102c4      0x398 ./Middlewares/Third_Party/FatFs/src/ff.o
                0x00000000080102c4                f_open
 .text.f_write  0x000000000801065c      0x328 ./Middlewares/Third_Party/FatFs/src/ff.o
                0x000000000801065c                f_write
 .text.f_sync   0x0000000008010984       0xfc ./Middlewares/Third_Party/FatFs/src/ff.o
                0x0000000008010984                f_sync
 .text.f_close  0x0000000008010a80       0x54 ./Middlewares/Third_Party/FatFs/src/ff.o
                0x0000000008010a80                f_close
 .text.FATFS_LinkDriverEx
                0x0000000008010ad4       0x98 ./Middlewares/Third_Party/FatFs/src/ff_gen_drv.o
                0x0000000008010ad4                FATFS_LinkDriverEx
 .text.FATFS_LinkDriver
                0x0000000008010b6c       0x1e ./Middlewares/Third_Party/FatFs/src/ff_gen_drv.o
                0x0000000008010b6c                FATFS_LinkDriver
 *fill*         0x0000000008010b8a        0x2 
 .text.MX_USB_DEVICE_Init
                0x0000000008010b8c       0x60 ./USB_DEVICE/App/usb_device.o
                0x0000000008010b8c                MX_USB_DEVICE_Init
 .text.CDC_Init_FS
                0x0000000008010bec       0x28 ./USB_DEVICE/App/usbd_cdc_if.o
 .text.CDC_DeInit_FS
                0x0000000008010c14       0x10 ./USB_DEVICE/App/usbd_cdc_if.o
 .text.CDC_Control_FS
                0x0000000008010c24       0xbc ./USB_DEVICE/App/usbd_cdc_if.o
 .text.CDC_Receive_FS
                0x0000000008010ce0       0x28 ./USB_DEVICE/App/usbd_cdc_if.o
 .text.CDC_Transmit_FS
                0x0000000008010d08       0x4c ./USB_DEVICE/App/usbd_cdc_if.o
                0x0000000008010d08                CDC_Transmit_FS
 .text.CDC_TransmitCplt_FS
                0x0000000008010d54       0x22 ./USB_DEVICE/App/usbd_cdc_if.o
 *fill*         0x0000000008010d76        0x2 
 .text.USBD_FS_DeviceDescriptor
                0x0000000008010d78       0x24 ./USB_DEVICE/App/usbd_desc.o
                0x0000000008010d78                USBD_FS_DeviceDescriptor
 .text.USBD_FS_LangIDStrDescriptor
                0x0000000008010d9c       0x24 ./USB_DEVICE/App/usbd_desc.o
                0x0000000008010d9c                USBD_FS_LangIDStrDescriptor
 .text.USBD_FS_ProductStrDescriptor
                0x0000000008010dc0       0x3c ./USB_DEVICE/App/usbd_desc.o
                0x0000000008010dc0                USBD_FS_ProductStrDescriptor
 .text.USBD_FS_ManufacturerStrDescriptor
                0x0000000008010dfc       0x28 ./USB_DEVICE/App/usbd_desc.o
                0x0000000008010dfc                USBD_FS_ManufacturerStrDescriptor
 .text.USBD_FS_SerialStrDescriptor
                0x0000000008010e24       0x24 ./USB_DEVICE/App/usbd_desc.o
                0x0000000008010e24                USBD_FS_SerialStrDescriptor
 .text.USBD_FS_ConfigStrDescriptor
                0x0000000008010e48       0x3c ./USB_DEVICE/App/usbd_desc.o
                0x0000000008010e48                USBD_FS_ConfigStrDescriptor
 .text.USBD_FS_InterfaceStrDescriptor
                0x0000000008010e84       0x3c ./USB_DEVICE/App/usbd_desc.o
                0x0000000008010e84                USBD_FS_InterfaceStrDescriptor
 .text.Get_SerialNum
                0x0000000008010ec0       0x58 ./USB_DEVICE/App/usbd_desc.o
 .text.IntToUnicode
                0x0000000008010f18       0x7e ./USB_DEVICE/App/usbd_desc.o
 *fill*         0x0000000008010f96        0x2 
 .text.HAL_PCD_MspInit
                0x0000000008010f98       0xa8 ./USB_DEVICE/Target/usbd_conf.o
                0x0000000008010f98                HAL_PCD_MspInit
 .text.HAL_PCD_SetupStageCallback
                0x0000000008011040       0x24 ./USB_DEVICE/Target/usbd_conf.o
                0x0000000008011040                HAL_PCD_SetupStageCallback
 .text.HAL_PCD_DataOutStageCallback
                0x0000000008011064       0x36 ./USB_DEVICE/Target/usbd_conf.o
                0x0000000008011064                HAL_PCD_DataOutStageCallback
 .text.HAL_PCD_DataInStageCallback
                0x000000000801109a       0x34 ./USB_DEVICE/Target/usbd_conf.o
                0x000000000801109a                HAL_PCD_DataInStageCallback
 .text.HAL_PCD_SOFCallback
                0x00000000080110ce       0x1c ./USB_DEVICE/Target/usbd_conf.o
                0x00000000080110ce                HAL_PCD_SOFCallback
 .text.HAL_PCD_ResetCallback
                0x00000000080110ea       0x50 ./USB_DEVICE/Target/usbd_conf.o
                0x00000000080110ea                HAL_PCD_ResetCallback
 *fill*         0x000000000801113a        0x2 
 .text.HAL_PCD_SuspendCallback
                0x000000000801113c       0x4c ./USB_DEVICE/Target/usbd_conf.o
                0x000000000801113c                HAL_PCD_SuspendCallback
 .text.HAL_PCD_ResumeCallback
                0x0000000008011188       0x1c ./USB_DEVICE/Target/usbd_conf.o
                0x0000000008011188                HAL_PCD_ResumeCallback
 .text.HAL_PCD_ISOOUTIncompleteCallback
                0x00000000080111a4       0x24 ./USB_DEVICE/Target/usbd_conf.o
                0x00000000080111a4                HAL_PCD_ISOOUTIncompleteCallback
 .text.HAL_PCD_ISOINIncompleteCallback
                0x00000000080111c8       0x24 ./USB_DEVICE/Target/usbd_conf.o
                0x00000000080111c8                HAL_PCD_ISOINIncompleteCallback
 .text.HAL_PCD_ConnectCallback
                0x00000000080111ec       0x1c ./USB_DEVICE/Target/usbd_conf.o
                0x00000000080111ec                HAL_PCD_ConnectCallback
 .text.HAL_PCD_DisconnectCallback
                0x0000000008011208       0x1c ./USB_DEVICE/Target/usbd_conf.o
                0x0000000008011208                HAL_PCD_DisconnectCallback
 .text.USBD_LL_Init
                0x0000000008011224       0x98 ./USB_DEVICE/Target/usbd_conf.o
                0x0000000008011224                USBD_LL_Init
 .text.USBD_LL_Start
                0x00000000080112bc       0x36 ./USB_DEVICE/Target/usbd_conf.o
                0x00000000080112bc                USBD_LL_Start
 .text.USBD_LL_OpenEP
                0x00000000080112f2       0x4c ./USB_DEVICE/Target/usbd_conf.o
                0x00000000080112f2                USBD_LL_OpenEP
 .text.USBD_LL_CloseEP
                0x000000000801133e       0x3e ./USB_DEVICE/Target/usbd_conf.o
                0x000000000801133e                USBD_LL_CloseEP
 .text.USBD_LL_StallEP
                0x000000000801137c       0x3e ./USB_DEVICE/Target/usbd_conf.o
                0x000000000801137c                USBD_LL_StallEP
 .text.USBD_LL_ClearStallEP
                0x00000000080113ba       0x3e ./USB_DEVICE/Target/usbd_conf.o
                0x00000000080113ba                USBD_LL_ClearStallEP
 .text.USBD_LL_IsStallEP
                0x00000000080113f8       0x58 ./USB_DEVICE/Target/usbd_conf.o
                0x00000000080113f8                USBD_LL_IsStallEP
 .text.USBD_LL_SetUSBAddress
                0x0000000008011450       0x3e ./USB_DEVICE/Target/usbd_conf.o
                0x0000000008011450                USBD_LL_SetUSBAddress
 .text.USBD_LL_Transmit
                0x000000000801148e       0x42 ./USB_DEVICE/Target/usbd_conf.o
                0x000000000801148e                USBD_LL_Transmit
 .text.USBD_LL_PrepareReceive
                0x00000000080114d0       0x42 ./USB_DEVICE/Target/usbd_conf.o
                0x00000000080114d0                USBD_LL_PrepareReceive
 .text.USBD_LL_GetRxDataSize
                0x0000000008011512       0x26 ./USB_DEVICE/Target/usbd_conf.o
                0x0000000008011512                USBD_LL_GetRxDataSize
 .text.USBD_static_malloc
                0x0000000008011538       0x1c ./USB_DEVICE/Target/usbd_conf.o
                0x0000000008011538                USBD_static_malloc
 .text.USBD_static_free
                0x0000000008011554       0x14 ./USB_DEVICE/Target/usbd_conf.o
                0x0000000008011554                USBD_static_free
 .text.USBD_Get_USB_Status
                0x0000000008011568       0x58 ./USB_DEVICE/Target/usbd_conf.o
                0x0000000008011568                USBD_Get_USB_Status
 .text.__cvt    0x00000000080115c0       0xc4 /Applications/STM32CubeIDE.app/Contents/Eclipse/plugins/com.st.stm32cube.ide.mcu.externaltools.gnu-tools-for-stm32.11.3.rel1.macos64_1.1.0.202305231506/tools/bin/../lib/gcc/arm-none-eabi/11.3.1/../../../../arm-none-eabi/lib/thumb/v7e-m+fp/hard/libc_nano.a(libc_a-nano-vfprintf_float.o)
                0x00000000080115c0                __cvt
 .text.__exponent
                0x0000000008011684       0x7c /Applications/STM32CubeIDE.app/Contents/Eclipse/plugins/com.st.stm32cube.ide.mcu.externaltools.gnu-tools-for-stm32.11.3.rel1.macos64_1.1.0.202305231506/tools/bin/../lib/gcc/arm-none-eabi/11.3.1/../../../../arm-none-eabi/lib/thumb/v7e-m+fp/hard/libc_nano.a(libc_a-nano-vfprintf_float.o)
                0x0000000008011684                __exponent
 .text._printf_float
                0x0000000008011700      0x46c /Applications/STM32CubeIDE.app/Contents/Eclipse/plugins/com.st.stm32cube.ide.mcu.externaltools.gnu-tools-for-stm32.11.3.rel1.macos64_1.1.0.202305231506/tools/bin/../lib/gcc/arm-none-eabi/11.3.1/../../../../arm-none-eabi/lib/thumb/v7e-m+fp/hard/libc_nano.a(libc_a-nano-vfprintf_float.o)
                0x0000000008011700                _printf_float
 .text._printf_common
                0x0000000008011b6c       0xda /Applications/STM32CubeIDE.app/Contents/Eclipse/plugins/com.st.stm32cube.ide.mcu.externaltools.gnu-tools-for-stm32.11.3.rel1.macos64_1.1.0.202305231506/tools/bin/../lib/gcc/arm-none-eabi/11.3.1/../../../../arm-none-eabi/lib/thumb/v7e-m+fp/hard/libc_nano.a(libc_a-nano-vfprintf_i.o)
                0x0000000008011b6c                _printf_common
 *fill*         0x0000000008011c46        0x2 
 .text._printf_i
                0x0000000008011c48      0x244 /Applications/STM32CubeIDE.app/Contents/Eclipse/plugins/com.st.stm32cube.ide.mcu.externaltools.gnu-tools-for-stm32.11.3.rel1.macos64_1.1.0.202305231506/tools/bin/../lib/gcc/arm-none-eabi/11.3.1/../../../../arm-none-eabi/lib/thumb/v7e-m+fp/hard/libc_nano.a(libc_a-nano-vfprintf_i.o)
                0x0000000008011c48                _printf_i
 .text.sprintf  0x0000000008011e8c       0x40 /Applications/STM32CubeIDE.app/Contents/Eclipse/plugins/com.st.stm32cube.ide.mcu.externaltools.gnu-tools-for-stm32.11.3.rel1.macos64_1.1.0.202305231506/tools/bin/../lib/gcc/arm-none-eabi/11.3.1/../../../../arm-none-eabi/lib/thumb/v7e-m+fp/hard/libc_nano.a(libc_a-sprintf.o)
                0x0000000008011e8c                sprintf
                0x0000000008011e8c                siprintf
 .text.std      0x0000000008011ecc       0x48 /Applications/STM32CubeIDE.app/Contents/Eclipse/plugins/com.st.stm32cube.ide.mcu.externaltools.gnu-tools-for-stm32.11.3.rel1.macos64_1.1.0.202305231506/tools/bin/../lib/gcc/arm-none-eabi/11.3.1/../../../../arm-none-eabi/lib/thumb/v7e-m+fp/hard/libc_nano.a(libc_a-findfp.o)
 .text.stdio_exit_handler
                0x0000000008011f14       0x18 /Applications/STM32CubeIDE.app/Contents/Eclipse/plugins/com.st.stm32cube.ide.mcu.externaltools.gnu-tools-for-stm32.11.3.rel1.macos64_1.1.0.202305231506/tools/bin/../lib/gcc/arm-none-eabi/11.3.1/../../../../arm-none-eabi/lib/thumb/v7e-m+fp/hard/libc_nano.a(libc_a-findfp.o)
 .text.cleanup_stdio
                0x0000000008011f2c       0x40 /Applications/STM32CubeIDE.app/Contents/Eclipse/plugins/com.st.stm32cube.ide.mcu.externaltools.gnu-tools-for-stm32.11.3.rel1.macos64_1.1.0.202305231506/tools/bin/../lib/gcc/arm-none-eabi/11.3.1/../../../../arm-none-eabi/lib/thumb/v7e-m+fp/hard/libc_nano.a(libc_a-findfp.o)
 .text.global_stdio_init.part.0
                0x0000000008011f6c       0x3c /Applications/STM32CubeIDE.app/Contents/Eclipse/plugins/com.st.stm32cube.ide.mcu.externaltools.gnu-tools-for-stm32.11.3.rel1.macos64_1.1.0.202305231506/tools/bin/../lib/gcc/arm-none-eabi/11.3.1/../../../../arm-none-eabi/lib/thumb/v7e-m+fp/hard/libc_nano.a(libc_a-findfp.o)
 .text.__sfp_lock_acquire
                0x0000000008011fa8        0xc /Applications/STM32CubeIDE.app/Contents/Eclipse/plugins/com.st.stm32cube.ide.mcu.externaltools.gnu-tools-for-stm32.11.3.rel1.macos64_1.1.0.202305231506/tools/bin/../lib/gcc/arm-none-eabi/11.3.1/../../../../arm-none-eabi/lib/thumb/v7e-m+fp/hard/libc_nano.a(libc_a-findfp.o)
                0x0000000008011fa8                __sfp_lock_acquire
 .text.__sfp_lock_release
                0x0000000008011fb4        0xc /Applications/STM32CubeIDE.app/Contents/Eclipse/plugins/com.st.stm32cube.ide.mcu.externaltools.gnu-tools-for-stm32.11.3.rel1.macos64_1.1.0.202305231506/tools/bin/../lib/gcc/arm-none-eabi/11.3.1/../../../../arm-none-eabi/lib/thumb/v7e-m+fp/hard/libc_nano.a(libc_a-findfp.o)
                0x0000000008011fb4                __sfp_lock_release
 .text.__sinit  0x0000000008011fc0       0x30 /Applications/STM32CubeIDE.app/Contents/Eclipse/plugins/com.st.stm32cube.ide.mcu.externaltools.gnu-tools-for-stm32.11.3.rel1.macos64_1.1.0.202305231506/tools/bin/../lib/gcc/arm-none-eabi/11.3.1/../../../../arm-none-eabi/lib/thumb/v7e-m+fp/hard/libc_nano.a(libc_a-findfp.o)
                0x0000000008011fc0                __sinit
 .text._fwalk_sglue
                0x0000000008011ff0       0x3c /Applications/STM32CubeIDE.app/Contents/Eclipse/plugins/com.st.stm32cube.ide.mcu.externaltools.gnu-tools-for-stm32.11.3.rel1.macos64_1.1.0.202305231506/tools/bin/../lib/gcc/arm-none-eabi/11.3.1/../../../../arm-none-eabi/lib/thumb/v7e-m+fp/hard/libc_nano.a(libc_a-fwalk.o)
                0x0000000008011ff0                _fwalk_sglue
 .text.memset   0x000000000801202c       0x10 /Applications/STM32CubeIDE.app/Contents/Eclipse/plugins/com.st.stm32cube.ide.mcu.externaltools.gnu-tools-for-stm32.11.3.rel1.macos64_1.1.0.202305231506/tools/bin/../lib/gcc/arm-none-eabi/11.3.1/../../../../arm-none-eabi/lib/thumb/v7e-m+fp/hard/libc_nano.a(libc_a-memset.o)
                0x000000000801202c                memset
 .text._localeconv_r
                0x000000000801203c        0x8 /Applications/STM32CubeIDE.app/Contents/Eclipse/plugins/com.st.stm32cube.ide.mcu.externaltools.gnu-tools-for-stm32.11.3.rel1.macos64_1.1.0.202305231506/tools/bin/../lib/gcc/arm-none-eabi/11.3.1/../../../../arm-none-eabi/lib/thumb/v7e-m+fp/hard/libc_nano.a(libc_a-localeconv.o)
                0x000000000801203c                _localeconv_r
 .text.__errno  0x0000000008012044        0xc /Applications/STM32CubeIDE.app/Contents/Eclipse/plugins/com.st.stm32cube.ide.mcu.externaltools.gnu-tools-for-stm32.11.3.rel1.macos64_1.1.0.202305231506/tools/bin/../lib/gcc/arm-none-eabi/11.3.1/../../../../arm-none-eabi/lib/thumb/v7e-m+fp/hard/libc_nano.a(libc_a-errno.o)
                0x0000000008012044                __errno
 .text.__libc_init_array
                0x0000000008012050       0x48 /Applications/STM32CubeIDE.app/Contents/Eclipse/plugins/com.st.stm32cube.ide.mcu.externaltools.gnu-tools-for-stm32.11.3.rel1.macos64_1.1.0.202305231506/tools/bin/../lib/gcc/arm-none-eabi/11.3.1/../../../../arm-none-eabi/lib/thumb/v7e-m+fp/hard/libc_nano.a(libc_a-init.o)
                0x0000000008012050                __libc_init_array
 .text.__retarget_lock_acquire_recursive
                0x0000000008012098        0x2 /Applications/STM32CubeIDE.app/Contents/Eclipse/plugins/com.st.stm32cube.ide.mcu.externaltools.gnu-tools-for-stm32.11.3.rel1.macos64_1.1.0.202305231506/tools/bin/../lib/gcc/arm-none-eabi/11.3.1/../../../../arm-none-eabi/lib/thumb/v7e-m+fp/hard/libc_nano.a(libc_a-lock.o)