../Core/Src/main.c:198:5:IMU_Initialization	7
../Core/Src/main.c:238:5:Accelerometer_Gyroscope_Calibration	8
../Core/Src/main.c:304:6:HAL_TIM_PeriodElapsedCallback	2
../Core/Src/main.c:320:5:main	9
../Core/Src/main.c:437:6:SystemClock_Config	3
../Core/Src/main.c:483:6:MX_I2C1_Init	2
../Core/Src/main.c:517:13:MX_SDIO_SD_Init	1
../Core/Src/main.c:545:13:MX_TIM2_Init	4
../Core/Src/main.c:590:13:MX_USART3_UART_Init	2
../Core/Src/main.c:621:13:MX_DMA_Init	1
../Core/Src/main.c:642:13:MX_GPIO_Init	1
../Core/Src/main.c:677:9:AppendToFile	4
../Core/Src/main.c:731:6:BlinkLED	2
../Core/Src/main.c:740:6:Gyro_Reading	6
../Core/Src/main.c:772:6:Acc_Mag_Reading	6
../Core/Src/main.c:806:6:SDI	3
../Core/Src/main.c:823:6:Complementary_filter	2
../Core/Src/main.c:838:6:Gyro_Integration_Test	3
../Core/Src/main.c:854:6:EMG_Data_Reception	2
../Core/Src/main.c:869:6:Error_Handler	1
